<area shape="rect" href="$classC4DView.html#5ec81f7d64c4678cbe44bfad9d2acb65" title="Implementation of UI::View::animate." alt="" coords="475,309,605,336">
<area shape="rect" href="$classC4DView.html#8a01e49be6af9cab84880a176b7c42ae" title="rotate in 3D 360 degrees" alt="" coords="764,5,932,32">
<area shape="rect" href="$classC4DView.html#0b8d96f3304d94af1bac8854c908842f" title="Keep all rotation angles in the interval [&#45;360 degrees, 360 degrees]." alt="" coords="169,157,401,184">
<area shape="rect" href="$classC4DView_1_1MouseHandler4D.html#a81a97ec93c32f1acaa142706b3b6814" title="Mouse move event handler." alt="" coords="697,259,999,285">
<area shape="rect" href="$classC4DView.html#67910b144c00145b06e592e2b93126f1" title="Implementation of UI::View::ObjectRotope." alt="" coords="203,259,368,285">
<area shape="rect" href="$classC4DView.html#16d5190870a166c65a20c59368ca0f2f" title="Overloaded function executing the transform to the default state." alt="" coords="212,360,359,387">
<area shape="rect" href="$classC4DView.html#d37702c9ecc5cbf124df84d0263734b9" title="display some info about current object and its transformations" alt="" coords="457,157,623,184">
<area shape="rect" href="$classC4DView.html#e38186ceacf6c4e6b13de7bee6cd8bda" title="Called whenever an object or the parameters have changed." alt="" coords="765,360,931,387">
<area shape="rect" href="$group__UIHelpers.html#gb4150e26778debfb3de8214203578a41" title="C++ Template Implementation: CustomFunctionSlot." alt="" coords="1068,309,1415,336">
<area shape="rect" href="$classC4DView_1_1CustomFunctionSlot.html#2eaaaf653f2d1bbfe3a2b416f33e4b08" title="Factory method to create a new customized Function of type R^2&#45;&gt;R^4." alt="" coords="1071,208,1412,235">
<area shape="rect" href="$classC4DView.html#60f45904ff9b227fdf426b5960fa4130" title="rotate in 4D 360 degrees" alt="" coords="764,411,932,437">
<area shape="rect" href="$classC4DView_1_1MouseHandler4D.html#681ee2ee24d1528a92b6ec0ff4dad9c2" title="Double click event handler." alt="" coords="677,56,1019,83">
<area shape="rect" href="$classC4DView_1_1MouseHandler4D.html#9e5ab5cea257501da2f87c3f13140029" title="Mouse button release event handler." alt="" coords="1083,157,1400,184">
<area shape="rect" href="$classC4DView.html#715dbd8c1e15f6d118853e1789d081e7" title="Err well.. just that!" alt="" coords="761,107,935,133">
<area shape="rect" href="$classC4DView.html#2b8270b08a2a62faa7381adcd83715af" title="Implementation of UI::View::ObjectGasket." alt="" coords="1159,461,1324,488">
<area shape="rect" href="$classC4DView.html#bc3a4f6e3276734aa70e0853f0df6022" title="Implementation of UI::View::ObjectHypercube." alt="" coords="1148,512,1335,539">
<area shape="rect" href="$classC4DView.html#951f672d7d323bb799c1ab18d412e1d7" title="Implementation of UI::View::ObjectHyperpyramid." alt="" coords="1139,360,1344,387">
<area shape="rect" href="$classC4DView.html#395baf447937415a0f3366c4d1c529ee" title="Implementation of UI::View::ObjectHypersponge." alt="" coords="1140,411,1343,437">
<area shape="rect" href="$classC4DView.html#6dc432e565b97c2aa6f2273bbe4135c7" title="Double click event handler, reimplemented from QWidget." alt="" coords="1127,56,1356,83">
<area shape="rect" href="$classC4DView.html#1b5e87b494b99e3705c64e924480f4ef" title="Mouse move event handler, reimplemented from QWidget." alt="" coords="1145,259,1337,285">
<area shape="rect" href="$classC4DView.html#00949bc8cb7215be6ff50e947d6f576f" title="Mouse release event handler, reimplemented from QWidget." alt="" coords="1464,157,1672,184">
<area shape="rect" href="$classC4DView.html#4c6fe19768e9e4e706e0489bc9ca6f96" title="Starts a random animation." alt="" coords="1144,107,1339,133">
<area shape="rect" href="$classC4DView.html#1d7079e8957ce7e685531a3f9062c468" title="C4DView constructor." alt="" coords="471,259,609,285">
<area shape="rect" href="$classC4DView.html#530cab21c7ae4ab78eeff14e7f89a879" title="Implementation of UI::View::applyTransform." alt="" coords="451,461,629,488">
