<area shape="rect" href="$classCustomFunction.html" title="{CustomFunction\n|# f\l|+ CustomFunction()\l+ ~CustomFunction()\l}" alt="" coords="21,1821,168,1917">
<area shape="rect" href="$classFr3r.html" title="{Fr3r\n|# f\l|+ Fr3r()\l+ Fr3r()\l+ ~Fr3r()\l}" alt="" coords="192,1813,267,1925">
<area shape="rect" href="$classFr3rExp.html" title="{Fr3rExp\n|# f\l|+ Fr3rExp()\l+ Fr3rExp()\l+ ~Fr3rExp()\l}" alt="" coords="291,1813,389,1925">
<area shape="rect" href="$classFr3rSin.html" title="{Fr3rSin\n|# f\l|+ Fr3rSin()\l+ Fr3rSin()\l+ ~Fr3rSin()\l}" alt="" coords="413,1813,507,1925">
<area shape="rect" href="$classGravitationPotential.html" title="{GravitationPotential\n|# f\l# M\l# R\l|+ GravitationPotential()\l+ GravitationPotential()\l+ ~GravitationPotential()\l+ SetParameters()\l}" alt="" coords="531,1789,699,1949">
<area shape="rect" href="$classHypersphere.html" title="A hypersphere." alt="" coords="723,1789,853,1949">
<area shape="rect" href="$classPolar.html" title="{Polar\n|# f\l|+ Polar()\l+ ~Polar()\l}" alt="" coords="877,1821,960,1917">
<area shape="rect" href="$classPolarR.html" title="{PolarR\n|# f\l# Phase\l|+ PolarR()\l+ PolarR()\l+ ~PolarR()\l+ SetParameters()\l}" alt="" coords="984,1797,1115,1941">
<area shape="rect" href="$classPolarSin.html" title="{PolarSin\n|# f\l# Phase\l|+ PolarSin()\l+ PolarSin()\l+ ~PolarSin()\l+ SetParameters()\l}" alt="" coords="1139,1797,1269,1941">
<area shape="rect" href="$classPolarSin2.html" title="{PolarSin2\n|# f\l|+ PolarSin2()\l+ PolarSin2()\l+ ~PolarSin2()\l}" alt="" coords="1293,1813,1400,1925">
<area shape="rect" href="$classTorus1.html" title="{Torus1\n|# f\l# R\l# r\l# rho\l|+ Torus1()\l+ Torus1()\l+ ~Torus1()\l+ SetParameters()\l}" alt="" coords="1424,1781,1555,1957">
<area shape="rect" href="$classTorus2.html" title="{Torus2\n|# f\l# R\l# r\l|+ Torus2()\l+ Torus2()\l+ ~Torus2()\l+ SetParameters()\l}" alt="" coords="1579,1789,1709,1949">
<area shape="rect" href="$classRealBase.html" title="RealBase provides a base class for functions which take three parameters" alt="" coords="779,581,928,1349">
<area shape="rect" href="$classFunction.html" title="A Function is a generalized four&#45;dimensional mathematical function." alt="" coords="741,5,965,533">
<area shape="rect" href="$classCustomPolarFunction.html" title="{CustomPolarFunction\n|# f\l|+ CustomPolarFunction()\l+ ~CustomPolarFunction()\l}" alt="" coords="5,2005,184,2101">
