<area shape="rect" href="$classCustomFunction.html" title="CustomFunction" alt="" coords="423,6,548,32">
<area shape="rect" href="$classFr3r.html" title="Fr3r" alt="" coords="463,56,508,83">
<area shape="rect" href="$classFr3rExp.html" title="Fr3rExp" alt="" coords="451,107,520,134">
<area shape="rect" href="$classFr3rSin.html" title="Fr3rSin" alt="" coords="452,158,519,184">
<area shape="rect" href="$classGravitationPotential.html" title="GravitationPotential" alt="" coords="412,208,559,235">
<area shape="rect" href="$classHypersphere.html" title="A hypersphere." alt="" coords="433,259,537,286">
<area shape="rect" href="$classPolar.html" title="Polar" alt="" coords="459,310,512,336">
<area shape="rect" href="$classPolarR.html" title="PolarR" alt="" coords="455,360,516,387">
<area shape="rect" href="$classPolarSin.html" title="PolarSin" alt="" coords="449,411,521,438">
<area shape="rect" href="$classPolarSin2.html" title="PolarSin2" alt="" coords="445,462,525,488">
<area shape="rect" href="$classTorus1.html" title="Torus1" alt="" coords="453,512,517,539">
<area shape="rect" href="$classTorus2.html" title="Torus2" alt="" coords="453,563,517,590">
<area shape="rect" href="$classRealBase.html" title="RealBase provides a base class for functions which take three parameters" alt="" coords="131,284,211,311">
<area shape="rect" href="$classFunction.html" title="A Function is a generalized four&#45;dimensional mathematical function." alt="" coords="7,284,81,311">
<area shape="rect" href="$classCustomPolarFunction.html" title="CustomPolarFunction" alt="" coords="608,6,765,32">
