<area shape="rect" href="$classCustomFunction.html" title="{CustomFunction\n|# f\l|+ CustomFunction()\l+ ~CustomFunction()\l}" alt="" coords="239,1803,385,1899">
<area shape="rect" href="$classRealFunction.html" title="A RealFunction is a mathematical function &#160;." alt="" coords="5,1416,229,1752">
<area shape="rect" href="$classRealBase.html" title="RealBase provides a base class for functions which take three parameters" alt="" coords="43,584,192,1352">
<area shape="rect" href="$classFunction.html" title="A Function is a generalized four&#45;dimensional mathematical function." alt="" coords="5,5,229,533">
<area shape="rect" href="$classCustomFunctionBase.html" title="{CustomFunctionBase\&lt; RealFunction::raw_function_type \&gt;\n|# func\l&#45; handle\l&#45; valid\l|+ CustomFunctionBase()\l+ ~CustomFunctionBase()\l+ symbolic()\l+ isValid()\l# loadFunction()\l# setValid()\l# setInvalid()\l}" alt="" coords="253,1480,621,1688">
<area shape="rect" href="$classCustomFunctionBase.html" title="{CustomFunctionBase\&lt; function_type \&gt;\n|# func\l&#45; handle\l&#45; valid\l|+ CustomFunctionBase()\l+ ~CustomFunctionBase()\l+ symbolic()\l+ isValid()\l# loadFunction()\l# setValid()\l# setInvalid()\l}" alt="" coords="311,864,564,1072">
