<area shape="rect" href="$classValuesDialogImpl.html#ecdf74cad782692b3d25c3e46061b04e" title="delta in parameter u" alt="" coords="419,56,573,82">
<area shape="rect" href="$classValuesDialogImpl.html#6b9f29acb0cacffc9eb66d9abb40fc01" title="upper bound for parameter u" alt="" coords="625,5,799,32">
<area shape="rect" href="$classValuesDialogImpl.html#c70c7cd9e4ad3296163740fd9808b01f" title="lower bound for parameter u" alt="" coords="627,106,797,133">
<area shape="rect" href="$classValuesDialogImpl.html#331647a85da7776a9d850a6b656b5419" title="delta in parameter v" alt="" coords="420,208,572,234">
<area shape="rect" href="$classValuesDialogImpl.html#5c31b70b5b42c1199305c30955f70eed" title="upper bound for parameter v" alt="" coords="625,157,799,184">
<area shape="rect" href="$classValuesDialogImpl.html#7024993179ff61a802ac315e8ef54358" title="lower bound for parameter v" alt="" coords="628,258,796,285">
<area shape="rect" href="$classC4DView.html#580c9d5495ed83d2d2fd6a1c771cd79a" title="C4DView::Values" alt="" coords="432,309,560,336">
<area shape="rect" href="$classValuesDialogImpl.html#2ca21cd2065d4d160fe67484162e27fe" title="steps in parameter u" alt="" coords="621,56,803,82">
<area shape="rect" href="$classValuesDialogImpl.html#051de95fdff4fb77ef19cf71e39487af" title="steps in parameter v" alt="" coords="623,208,801,234">
