<area shape="rect" href="$classComplexFunction.html#a978ff4b165e029bb82ba33dce35e4e3" title="ComplexFunction::Initialize" alt="" coords="133,183,315,209">
<area shape="rect" href="$classComplexFunction.html#234485506b16d03867c20e8e8d7e0b21" title="ComplexFunction::f" alt="" coords="373,5,509,32">
<area shape="rect" href="$classSurfaceBase.html#c1b7c91a12ac9ad433c27d8ad9f6067c" title="delta in t" alt="" coords="372,56,511,83">
<area shape="rect" href="$classSurfaceBase.html#b374ba3db9a0339e6a5aaa230d1a76ca" title="delta in u" alt="" coords="371,107,512,133">
<area shape="rect" href="$classSurfaceBase.html#73cd034a8689e0f9fbd796f8e7423fcb" title="min. value of the first parameter, t" alt="" coords="364,157,519,184">
<area shape="rect" href="$classSurfaceBase.html#761208b17975a6c343774b5ca467ed2b" title="number of steps in t" alt="" coords="569,284,735,311">
<area shape="rect" href="$classSurfaceBase.html#ed7d2013bca3eb15eb1abcc8e72cbd58" title="min. value of the second parameter, u" alt="" coords="364,259,519,285">
<area shape="rect" href="$classSurfaceBase.html#d8c79625fa46d8c5ebbda58f0dd9eb5d" title="number of steps in u" alt="" coords="569,347,735,373">
<area shape="rect" href="$classSurface.html#f77d456ed7b5d495f4a54978ab5f4acc" title="Initialize the temporary storage areas Xscr[][], Xtrans[][]." alt="" coords="380,309,503,336">
