<area shape="rect" href="$classC4DView.html#1d7079e8957ce7e685531a3f9062c468" title="C4DView constructor." alt="" coords="241,5,377,32">
<area shape="rect" href="$classC4DView.html#4c6fe19768e9e4e706e0489bc9ca6f96" title="Starts a random animation." alt="" coords="508,56,692,83">
<area shape="rect" href="$classC4DView.html#715dbd8c1e15f6d118853e1789d081e7" title="Err well.. just that!" alt="" coords="227,107,392,133">
<area shape="rect" href="$classC4DView.html#45b036ac24d2404ad7bd69139a49b2d8" title="you guessed it" alt="" coords="228,157,391,184">
<area shape="rect" href="$classC4DView_1_1MouseHandler4D.html#9e5ab5cea257501da2f87c3f13140029" title="Mouse button release event handler." alt="" coords="453,107,747,133">
<area shape="rect" href="$classC4DView.html#00949bc8cb7215be6ff50e947d6f576f" title="Mouse release event handler, reimplemented from QWidget." alt="" coords="823,107,1012,133">
<area shape="rect" href="$classC4DView_1_1MouseHandler4D.html#681ee2ee24d1528a92b6ec0ff4dad9c2" title="Double click event handler." alt="" coords="440,157,760,184">
<area shape="rect" href="$classC4DView.html#6dc432e565b97c2aa6f2273bbe4135c7" title="Double click event handler, reimplemented from QWidget." alt="" coords="809,157,1025,184">
