<area shape="rect" href="$classSurface.html" title="{Surface\n|# normal\l# NumVertices\l# F\l# X\l# Xtrans\l# Xscr\l|+ Surface()\l+ Surface()\l+ ~Surface()\l+ Transform()\l+ Project()\l+ Draw()\l+ ReInit()\l+ Data()\l+ getDefinitionSpaceDimensions()\l# df()\l# Initialize()\l# InitMem()\l# MemRequired()\l# DrawStrip()\l}" alt="" coords="5,1266,248,1660">
<area shape="rect" href="$classSurfaceBase.html" title="SurfaceBase provides a base class for functions which take two parameters" alt="" coords="47,628,207,1196">
<area shape="rect" href="$classFunction.html" title="A Function is a generalized four&#45;dimensional mathematical function." alt="" coords="5,7,248,575">
<area shape="rect" href="$classCustomFunctionBase.html" title="{CustomFunctionBase\&lt; Surface::raw_function_type \&gt;\n|# func\l&#45; handle\l&#45; valid\l|+ CustomFunctionBase()\l+ ~CustomFunctionBase()\l+ symbolic()\l+ isValid()\l# loadFunction()\l# setValid()\l# setInvalid()\l}" alt="" coords="272,1352,632,1574">
<area shape="rect" href="$classCustomFunctionBase.html" title="{CustomFunctionBase\&lt; function_type \&gt;\n|# func\l&#45; handle\l&#45; valid\l|+ CustomFunctionBase()\l+ ~CustomFunctionBase()\l+ symbolic()\l+ isValid()\l# loadFunction()\l# setValid()\l# setInvalid()\l}" alt="" coords="316,802,588,1023">
