<area shape="rect" href="$classScript_1_1ImgPrefixStmt.html#7e9fae7e8c0780bdaaa7a8ef30be0097" title="Executes the statement in the current context." alt="" coords="201,5,388,32">
<area shape="rect" href="$classScript_1_1ImgDirStmt.html#2985cb47734a52ca99080f1d60697073" title="Executes the statement in the current context." alt="" coords="208,56,381,83">
<area shape="rect" href="$classScript_1_1AnimateStmt.html#566a142f7be6960aaebb499dbf54da93" title="Executes the statement in the current context." alt="" coords="205,107,384,133">
<area shape="rect" href="$classScript_1_1Fog4DStmt.html#3d4510dbaa1b14da4e16eb7f4747343a" title="Executes the statement in the current context." alt="" coords="209,157,380,184">
<area shape="rect" href="$classScript_1_1FogStmt.html#60199fa94c29fa3c15d2cd6238a9476b" title="Executes the statement in the current context." alt="" coords="217,208,372,235">
<area shape="rect" href="$classScript_1_1SolidStmt.html#df33015128f407d3d5abd79561456db8" title="Executes the statement in the current context." alt="" coords="213,259,376,285">
<area shape="rect" href="$classScript_1_1WireStmt.html#cddccd84b543f10bab357242d59c4a7f" title="Executes the statement in the current context." alt="" coords="215,309,375,336">
<area shape="rect" href="$classScript_1_1TransStmt.html#edc389028d6e22491874f2e295fcc398" title="Executes the statement in the current context." alt="" coords="213,360,376,387">
<area shape="rect" href="$classScript_1_1LightStmt.html#caa7af0148475fd2d00b6f18bddfb9de" title="Executes the statement in the current context." alt="" coords="213,411,376,437">
<area shape="rect" href="$classScript_1_1ShadingStmt.html#3fe9b2a967f4817c15e84dd727f3271c" title="Executes the statement in the current context." alt="" coords="207,461,383,488">
<area shape="rect" href="$classScript_1_1ColorStmt.html#c620a8174189581d08fbaf73cd7f4045" title="Executes the statement in the current context." alt="" coords="213,512,376,539">
<area shape="rect" href="$classScript_1_1LoopStmt.html#57fbf19eb93f7eaa95ef0a2ecdb8bf98" title="Executes the statement in the current context." alt="" coords="213,563,376,589">
<area shape="rect" href="$classScript_1_1FramesStmt.html#92adb346fc8687c7632f7a55cf0fd80c" title="Executes the statement in the current context." alt="" coords="208,613,381,640">
<area shape="rect" href="$classScript_1_1DeltaStmt.html#54b6a805fb33f5db28be8575dfbde126" title="Executes the statement in the current context." alt="" coords="213,664,376,691">
<area shape="rect" href="$classScript_1_1XformStmt.html#3533ff345aa2195ae44bf600369196c7" title="Executes the statement in the current context." alt="" coords="211,715,379,741">
<area shape="rect" href="$classScript_1_1ParmStmt.html#f53566b7081476b56d24bbb434098a63" title="Executes the statement in the current context." alt="" coords="213,765,376,792">
<area shape="rect" href="$classScript_1_1ObjectStmt.html#3e0556105a96433108763fb3fb0119c0" title="Executes the statement in the current context." alt="" coords="211,816,379,843">
<area shape="rect" href="$classScript_1_1SizeStmt.html#acabb88141e0bb5fe27cb6be1bfbaba8" title="Executes the statement in the current context." alt="" coords="216,867,373,893">
