<area shape="rect" href="$classSurface.html#e140ab69205e1a6a73459b9e22cda019" title="allocate and initialize X[][] with values of f()" alt="" coords="443,56,571,82">
<area shape="rect" href="$classPluginCreator.html#4b0c4aa6bb17649c888f720f96741c6d" title="Get the name of the selected dynamic library containing a function." alt="" coords="411,106,603,133">
<area shape="rect" href="$classCustomFunctionBase.html#d2e4b7516d73ab9ebeb9a33c6708f6b8" title="CustomFunctionBase\&lt; Surface::raw_function_type \&gt;::loadFunction" alt="" coords="283,157,731,184">
<area shape="rect" href="$classSurfaceBase.html#ba6ce6327e509663e484560f849d03f1" title="The mathematical function defining the Function object." alt="" coords="831,5,945,32">
<area shape="rect" href="$classSurface.html#f77d456ed7b5d495f4a54978ab5f4acc" title="Initialize the temporary storage areas Xscr[][], Xtrans[][]." alt="" coords="824,56,952,82">
<area shape="rect" href="$classLoki_1_1SingletonHolder.html#52a113a9dc9aa53a5ab777c573f9fa28" title="Returns a reference to singleton object." alt="" coords="779,106,997,133">
<area shape="rect" href="$classLoki_1_1SingletonHolder.html#d944c37d85028f4046d4e1f78f133710" title="create singleton object" alt="" coords="1047,106,1297,133">
