<area shape="rect" href="$classUI_1_1ViewImpl.html#03d77f320d7aada22c143646b40925d3" title="UI::ViewImpl::getSolid" alt="" coords="237,91,387,117">
<area shape="rect" href="$classUI_1_1ViewImpl.html#c5270e75eabb357f75b0955b8b887cb0" title="UI::ViewImpl::getWriteImages" alt="" coords="217,141,407,168">
<area shape="rect" href="$classC4DView.html#8e209837b51cb976674e81e6359f930d" title="OpenGL initialization for fog." alt="" coords="507,116,629,143">
<area shape="rect" href="$classLoki_1_1SingletonHolder.html#52a113a9dc9aa53a5ab777c573f9fa28" title="Returns a reference to singleton object." alt="" coords="940,293,1132,320">
<area shape="rect" href="$classC4DView.html#03b3ed76ada1847e4b75e19de8c7e6cb" title="OpenGL initialization for light(s)." alt="" coords="247,344,377,371">
<area shape="rect" href="$classC4DView.html#31f530de55047a78f7f29958a4ece8a9" title="OpenGL initialization for shading (gouraud or flat shading)." alt="" coords="245,547,379,573">
<area shape="rect" href="$classC4DView.html#3c423447f2090b7e3e2c791f54244b02" title="OpenGL initialization for transparence." alt="" coords="225,623,399,649">
<area shape="rect" href="$classC4DView.html#638fd2fe648c1fcd8f9a3ac03ac8f6b4" title="Draw the projection into an OpenGL display list, but not yet on screen." alt="" coords="497,445,639,472">
<area shape="rect" href="$classC4DView.html#b9561bdd967e89d314f7eda6de32b2bc" title="Wrapper for displaying OpenGL display lists." alt="" coords="236,484,388,511">
<area shape="rect" href="$classUI_1_1ViewImpl.html#651decbf3e9bf94b633aaadcf28021a2" title="Set a default background color." alt="" coords="200,724,424,751">
<area shape="rect" href="libstdc++.tag$a01815.html#42fec2f6c6429a447bea8a40720a143a" title="fabs" alt="" coords="1015,116,1057,143">
<area shape="rect" href="$classUI_1_1ViewImpl.html#b242e415663c04c3bdad27d7dea64275" title="UI::ViewImpl::getFog" alt="" coords="731,40,872,67">
<area shape="rect" href="$classC4DView.html#f46da1a68ffbcc00eddc03df078fe150" title="Switch 3D depth cue on and off." alt="" coords="719,141,884,168">
<area shape="rect" href="$classC4DView.html#15c8ca4d71f5b5e5b07a959601820f83" title="Get size of displayed area." alt="" coords="984,15,1088,41">
<area shape="rect" href="$classLoki_1_1SingletonHolder.html#d944c37d85028f4046d4e1f78f133710" title="create singleton object" alt="" coords="1181,293,1405,320">
<area shape="rect" href="libstdc++.tag$a01815.html#b2c9d94b4becdf532618ad9a0a54aade" title="sqrt" alt="" coords="1273,15,1313,41">
<area shape="rect" href="$classUI_1_1ViewImpl.html#880766a85ec37dda07e1f70952aa178e" title="UI::ViewImpl::getLighting" alt="" coords="485,293,651,320">
<area shape="rect" href="$classUI_1_1ViewImpl.html#ba489ae42c965c3a2b4e20a754d3836d" title="UI::ViewImpl::getShading" alt="" coords="487,673,649,700">
<area shape="rect" href="$classUI_1_1ViewImpl.html#c7834bfae2e1f39bffc934d2111772e5" title="UI::ViewImpl::getTransparence" alt="" coords="472,724,664,751">
<area shape="rect" href="$classC4DView.html#37a8191d956104629a6182ba86755cd1" title="draw the coordinate cross (on screen or int GL list) */" alt="" coords="713,395,889,421">
<area shape="rect" href="$classUI_1_1ViewImpl.html#7d0098100c1a7e5e9af8808072ab68da" title="UI::ViewImpl::F" alt="" coords="980,496,1092,523">
<area shape="rect" href="$classUI_1_1ViewImpl.html#756d50cd0f539f632b4ffe0d28f93559" title="UI::ViewImpl::getCoordinates" alt="" coords="944,597,1128,624">
<area shape="rect" href="$classC4DView.html#b9ec4da2c4a27a95302759968c3b9d90" title="Execute the projection into three&#45;space (but don&#39;t draw it yet either)." alt="" coords="741,547,861,573">
<area shape="rect" href="$classUI_1_1ViewImpl.html#862bf2d8e5cf2372e67c24ef324d1e3a" title="UI::ViewImpl::getHyperfog" alt="" coords="951,547,1121,573">
<area shape="rect" href="libstdc++.tag$a01815.html#10ebe236b3a6e1c3f67686162aa3e7ce" title="endl" alt="" coords="547,547,589,573">
<area shape="rect" href="libstdc++.tag$a01815.html#2107b37641fcd1f3d16ecc9c0a18041f" title="exit" alt="" coords="548,496,588,523">
<area shape="rect" href="$classUI_1_1ViewImpl.html#29e63244ab4a257ca8ddb24a4adf89ea" title="Set the background color." alt="" coords="476,775,660,801">
