<area shape="rect" href="$classC4DView.html#16d5190870a166c65a20c59368ca0f2f" title="Overloaded function executing the transform to the default state." alt="" coords="187,132,333,159">
<area shape="rect" href="$classC4DView.html#5ec81f7d64c4678cbe44bfad9d2acb65" title="Implementation of UI::View::animate." alt="" coords="405,56,536,83">
<area shape="rect" href="$classC4DView.html#530cab21c7ae4ab78eeff14e7f89a879" title="Implementation of UI::View::applyTransform." alt="" coords="381,107,560,133">
<area shape="rect" href="$classC4DView.html#e38186ceacf6c4e6b13de7bee6cd8bda" title="Called whenever an object or the parameters have changed." alt="" coords="388,157,553,184">
<area shape="rect" href="$classC4DView.html#60f45904ff9b227fdf426b5960fa4130" title="rotate in 4D 360 degrees" alt="" coords="387,208,555,235">
<area shape="rect" href="$group__UIHelpers.html#gb4150e26778debfb3de8214203578a41" title="C++ Template Implementation: CustomFunctionSlot." alt="" coords="609,5,956,32">
<area shape="rect" href="$classC4DView_1_1CustomFunctionSlot.html#2eaaaf653f2d1bbfe3a2b416f33e4b08" title="Factory method to create a new customized Function of type R^2&#45;&gt;R^4." alt="" coords="612,56,953,83">
<area shape="rect" href="$classC4DView.html#2b8270b08a2a62faa7381adcd83715af" title="Implementation of UI::View::ObjectGasket." alt="" coords="700,107,865,133">
<area shape="rect" href="$classC4DView.html#bc3a4f6e3276734aa70e0853f0df6022" title="Implementation of UI::View::ObjectHypercube." alt="" coords="689,157,876,184">
<area shape="rect" href="$classC4DView.html#951f672d7d323bb799c1ab18d412e1d7" title="Implementation of UI::View::ObjectHyperpyramid." alt="" coords="680,208,885,235">
<area shape="rect" href="$classC4DView.html#395baf447937415a0f3366c4d1c529ee" title="Implementation of UI::View::ObjectHypersponge." alt="" coords="681,259,884,285">
<area shape="rect" href="$classC4DView.html#67910b144c00145b06e592e2b93126f1" title="Implementation of UI::View::ObjectRotope." alt="" coords="700,309,865,336">
<area shape="rect" href="$classC4DView.html#1d7079e8957ce7e685531a3f9062c468" title="C4DView constructor." alt="" coords="1007,157,1145,184">
