<area shape="rect" href="$classScript_1_1ImgPrefixStmt.html#7e9fae7e8c0780bdaaa7a8ef30be0097" title="Executes the statement in the current context." alt="" coords="228,5,444,32">
<area shape="rect" href="$classScript_1_1ImgDirStmt.html#2985cb47734a52ca99080f1d60697073" title="Executes the statement in the current context." alt="" coords="236,56,436,83">
<area shape="rect" href="$classScript_1_1CoordsStmt.html#7cdd3dcab64751b3fbdb36e87f70f62a" title="Executes the statement in the current context." alt="" coords="235,107,437,133">
<area shape="rect" href="$classScript_1_1RotDeltaStmt.html#bef6a4e2658061e7d4a12fe7fbde6681" title="Executes the statement in the current context." alt="" coords="231,157,441,184">
<area shape="rect" href="$classScript_1_1RotStmt.html#288509ac5a06329d541b4c1c67530a74" title="Executes the statement in the current context." alt="" coords="247,208,425,235">
<area shape="rect" href="$classScript_1_1ParmStmt.html#f53566b7081476b56d24bbb434098a63" title="Executes the statement in the current context." alt="" coords="240,259,432,285">
<area shape="rect" href="$classScript_1_1ObjectStmt.html#3e0556105a96433108763fb3fb0119c0" title="Executes the statement in the current context." alt="" coords="237,309,435,336">
<area shape="rect" href="$classScript_1_1Statement.html#73f70b1619727ef9253c430c131993cb" title="Executes the statement in the current context." alt="" coords="239,360,433,387">
<area shape="rect" href="$classScript_1_1FramesStmt.html#487c388aa63261d5412f0287786986a2" title="Script::FramesStmt::FramesStmt" alt="" coords="219,411,453,437">
<area shape="rect" href="$classScript_1_1LoopStmt.html#3e9d56fac991feef038d399123e73774" title="Script::LoopStmt::LoopStmt" alt="" coords="236,461,436,488">
<area shape="rect" href="$classScript_1_1SizeStmt.html#7da7b2b17e86f2f48164639ea3e383f7" title="Script::SizeStmt::SizeStmt" alt="" coords="240,512,432,539">
<area shape="rect" href="$classScript_1_1SleepStmt.html#966859fb58982c176d714c589724b11a" title="Script::SleepStmt::SleepStmt" alt="" coords="231,563,441,589">
<area shape="rect" href="$classScript_1_1XformStmt.html#37a1865dc63dda0142a8feb63f3921d1" title="Script::XformStmt::XformStmt" alt="" coords="227,613,445,640">
<area shape="rect" href="$classScript_1_1Parser.html#bd95bf7b3ac6458ec9b57e1a312f52e5" title="Execute the commands described in the rc&#45;file." alt="" coords="503,360,668,387">
