<area shape="rect" href="$classC4DView.html" title="Displays and manipulates four&#45;dimensional Functions in a QGLWidget." alt="" coords="1313,3941,1489,5589">
<area shape="rect" href="$classC4DView_1_1MouseHandler4D.html" title="{C4DView::MouseHandler4D\n|&#45; parent\l&#45; m_LeftDownPos\l&#45; m_MidDownPos\l&#45; m_RightDownPos\l&#45; m_TakingSpinValues\l|+ MouseHandler4D()\l+ ~MouseHandler4D()\l+ mouseMoveEvent()\l+ mousePressEvent()\l+ mouseReleaseEvent()\l+ mouseDoubleClickEvent()\l&#45; setm_LeftDownPos()\l&#45; LeftDownPos()\l&#45; setm_MidDownPos()\l&#45; MidDownPos()\l&#45; setm_RightDownPos()\l&#45; RightDownPos()\l&#45; setTakingSpinValues()\l&#45; TakingSpinValues()\l}" alt="" coords="1135,5837,1313,6189">
<area shape="rect" href="$classC4DView_1_1Menu4D.html" title="The menu for the C4DView and handlers for menu events." alt="" coords="1337,5653,1503,6373">
<area shape="rect" href="$classUI_1_1ViewImpl.html" title="Interface with attributes to display four&#45;dimensional objects." alt="" coords="769,2629,932,3877">
<area shape="rect" href="$classUI_1_1View.html" title="Interface to display four&#45;dimensional objects." alt="" coords="967,1557,1127,2373">
<area shape="rect" href="$classVecMath_1_1Rotation.html" title="{VecMath::Rotation\&lt; 4 \&gt;\n|&#45; axis\l|+ Rotation()\l+ Rotation()\l+ operator[]()\l+ operator[]()\l+ operator Matrix\&lt; D, N \&gt;()\l+ operator+=()\l+ operator bool()\l+ r()\l+ r()\l}" alt="" coords="351,1861,524,2069">
<area shape="rect" href="$classVecMath_1_1Rotation.html" title="Rotation in D&#45;dimensional space defined by angles about the main axes." alt="" coords="265,789,439,997">
<area shape="rect" href="$classVecMath_1_1Rotation.html" title="{VecMath::Rotation\&lt; 3, GLdouble \&gt;\n|&#45; axis\l|+ Rotation()\l+ Rotation()\l+ operator[]()\l+ operator[]()\l+ operator Matrix\&lt; D, N \&gt;()\l+ operator+=()\l+ operator bool()\l+ r()\l+ r()\l}" alt="" coords="237,2397,451,2605">
<area shape="rect" href="$classLightSource.html" title="An interface for the definition of light sources." alt="" coords="611,1821,725,2109">
<area shape="rect" href="$classVecMath_1_1Vector.html" title="{VecMath::Vector\&lt; 4 \&gt;\n|&#45; x\l|+ Vector()\l+ Vector()\l+ operator[]()\l+ operator[]()\l+ operator+=()\l+ operator&#45;=()\l+ operator*=()\l+ operator&#45;()\l+ operator&#45;()\l+ operator+()\l+ operator*()\l+ operator*()\l+ operator/()\l+ operator/()\l+ sqnorm()\l+ operator==()\l+ operator\&lt;()\l+ data()\l+ operator const T *()\l+ dimension()\l}" alt="" coords="501,701,643,1085">
<area shape="rect" href="$classVecMath_1_1Vector.html" title="Vector&lt;D, N&gt;: a D&#45;dimensional vector of numbers of type N." alt="" coords="259,149,421,533">
<area shape="rect" href="$classVecMath_1_1Vector.html" title="{VecMath::Vector\&lt; 3, GLdouble \&gt;\n|&#45; x\l|+ Vector()\l+ Vector()\l+ operator[]()\l+ operator[]()\l+ operator+=()\l+ operator&#45;=()\l+ operator*=()\l+ operator&#45;()\l+ operator&#45;()\l+ operator+()\l+ operator*()\l+ operator*()\l+ operator/()\l+ operator/()\l+ sqnorm()\l+ operator==()\l+ operator\&lt;()\l+ data()\l+ operator const T *()\l+ dimension()\l}" alt="" coords="80,1149,283,1533">
<area shape="rect" href="$classColor.html" title="A class to represent a color value by its RGBA components." alt="" coords="675,661,856,1125">
<area shape="rect" href="libstdc++.tag$a01015.html" title="{std::auto_ptr\&lt; Function \&gt;\n||}" alt="" coords="867,1301,1024,1381">
<area shape="rect" href="libstdc++.tag$a01015.html" title="STL class." alt="" coords="929,557,1060,637">
<area shape="rect" href="libstdc++.tag$a01419.html" title="STL class." alt="" coords="1479,853,1641,933">
<area shape="rect" href="libstdc++.tag$a01208.html" title="STL class." alt="" coords="1088,301,1339,381">
<area shape="rect" href="libstdc++.tag$a01419.html" title="{std::vector\&lt; Light * \&gt;\n||}" alt="" coords="1300,1925,1439,2005">
<area shape="rect" href="libstdc++.tag$a00960.html" title="{std::_Vector_base\&lt; _Tp, _Alloc \&gt;\n||}" alt="" coords="1631,301,1833,381">
<area shape="rect" href="libstdc++.tag$a01419.html" title="{std::vector\&lt; std::vector\&lt; VecMath::Vector\&lt; 4 \&gt; \&gt; \&gt;\n||}" alt="" coords="1652,1925,1951,2005">
<area shape="rect" href="libstdc++.tag$a01419.html" title="{std::vector\&lt; std::vector\&lt; VecMath::Vector\&lt; 3 \&gt; \&gt; \&gt;\n||}" alt="" coords="1975,1925,2273,2005">
<area shape="rect" href="libstdc++.tag$a00961.html" title="{std::_Vector_base\&lt; _Tp, _Alloc \&gt;::_Vector_impl\n||}" alt="" coords="1589,5,1875,85">
<area shape="rect" href="$classUI_1_1Dialogs_1_1ValuesDialogImpl.html" title="A Dialog to enter parameters for the displayed function." alt="" coords="1307,3077,1496,3429">
<area shape="rect" href="$classUI_1_1Dialogs_1_1ValuesDialog.html" title="Base class for ValuesDialogImpl, originally created by uic." alt="" coords="1463,1725,1628,2205">
<area shape="rect" href="$classParameterMap.html" title="A class to store and manage FunctionParameter s." alt="" coords="1151,1885,1276,2045">
<area shape="rect" href="libstdc++.tag$a01208.html" title="{std::map\&lt; std::string, FunctionParameter * \&gt;\n||}" alt="" coords="1084,853,1343,933">
<area shape="rect" title="STL class." alt="" coords="2203,3213,2277,3293">
<area shape="rect" href="libstdc++.tag$a01039.html" title="{std::basic_string\&lt; char \&gt;\n||}" alt="" coords="2297,1925,2449,2005">
<area shape="rect" href="libstdc++.tag$a01039.html" title="STL class." alt="" coords="2244,853,2503,933">
<area shape="rect" href="$classRealFunctionFactory.html" title="Abstract base class for a factory creating Function&#39;s." alt="" coords="1523,4709,1683,4821">
