<area shape="rect" href="$classComplexFunction.html" title="{ComplexFunction\n|# g\l|+ ComplexFunction()\l+ ComplexFunction()\l+ ~ComplexFunction()\l+ SetParameters()\l+ function_type()\l# f()\l# Initialize()\l}" alt="" coords="144,2667,299,2843">
<area shape="rect" href="$classSurface.html" title="{Surface\n|# normal\l# NumVertices\l# F\l# X\l# Xtrans\l# Xscr\l|+ Surface()\l+ Surface()\l+ Surface()\l+ ~Surface()\l+ Transform()\l+ Project()\l+ Draw()\l+ ReInit()\l+ Data()\l+ getDefinitionSpaceDimensions()\l# df()\l# Initialize()\l# InitMem()\l# MemRequired()\l# DrawStrip()\l}" alt="" coords="109,2232,333,2616">
<area shape="rect" href="$classSurfaceBase.html" title="SurfaceBase provides a base class for functions which take two parameters" alt="" coords="229,1605,379,2181">
<area shape="rect" href="$classFunction.html" title="A Function is a generalized four&#45;dimensional mathematical function." alt="" coords="223,1013,447,1541">
<area shape="rect" href="$classVecMath_1_1Vector.html" title="{VecMath::Vector\&lt; 4 \&gt;\n|&#45; x\l|+ Vector()\l+ Vector()\l+ operator[]()\l+ operator[]()\l+ operator+=()\l+ operator&#45;=()\l+ operator*=()\l+ operator&#45;()\l+ operator&#45;()\l+ operator+()\l+ operator*()\l+ operator*()\l+ operator/()\l+ operator/()\l+ sqnorm()\l+ operator==()\l+ operator\&lt;()\l+ data()\l+ dimension()\l}" alt="" coords="97,581,249,949">
<area shape="rect" href="$classVecMath_1_1Vector.html" title="Vector&lt;D, N&gt;: a D&#45;dimensional vector of numbers of type N." alt="" coords="5,149,176,517">
<area shape="rect" href="$classParameterMap.html" title="A class to store and manage FunctionParameter s." alt="" coords="273,685,412,845">
<area shape="rect" title="STL class." alt="" coords="200,285,485,381">
<area shape="rect" title="STL class." alt="" coords="509,293,624,373">
<area shape="rect" title="STL class." alt="" coords="648,293,728,373">
<area shape="rect" title="STL class." alt="" coords="604,5,772,85">
