<area shape="rect" href="libstdc++.tag$a01815.html#238e5e294eeb80752bfb1026e68e4bcc" title="abs" alt="" coords="229,5,267,32">
<area shape="rect" href="libstdc++.tag$a01815.html#10ebe236b3a6e1c3f67686162aa3e7ce" title="endl" alt="" coords="227,56,269,83">
<area shape="rect" href="$classObject.html#abb0df155c83971e135cc13f9fc28860" title="Actually create the Object, this method is overridden in child classes." alt="" coords="192,107,304,133">
<area shape="rect" href="$classLoki_1_1SingletonHolder.html#52a113a9dc9aa53a5ab777c573f9fa28" title="Returns a reference to singleton object." alt="" coords="375,132,567,159">
<area shape="rect" href="$classFunction.html#d6a10b999b0d561d36a473d461c62311" title="Return the approximate amount of memory needed to display a Function of current definition..." alt="" coords="172,208,324,235">
<area shape="rect" href="libstdc++.tag$a01419.html#46ff71bb6fd1bab7b6dc210bf40c57ce" title="std::vector::push_back" alt="" coords="177,259,319,285">
<area shape="rect" href="$classLoki_1_1SingletonHolder.html#d944c37d85028f4046d4e1f78f133710" title="create singleton object" alt="" coords="616,132,840,159">
