<area shape="rect" href="$classScript_1_1ColorStmt.html" title="&quot;color \\em{bool}&quot;" alt="" coords="5,357,120,453">
<area shape="rect" href="$classScript_1_1CoordsStmt.html" title="&quot;coordinates \\em{bool}&quot;" alt="" coords="144,357,267,453">
<area shape="rect" href="$classScript_1_1Fog4DStmt.html" title="&quot;depthcue4d \\em{bool}&quot;" alt="" coords="291,357,413,453">
<area shape="rect" href="$classScript_1_1FogStmt.html" title="&quot;depthcue3d \\em{bool}&quot;" alt="" coords="437,357,544,453">
<area shape="rect" href="$classScript_1_1LightStmt.html" title="&quot;lighting \\em{bool}&quot;" alt="" coords="568,357,683,453">
<area shape="rect" href="$classScript_1_1ShadingStmt.html" title="&quot;shading \\em{bool}&quot;" alt="" coords="707,357,835,453">
<area shape="rect" href="$classScript_1_1TransStmt.html" title="&quot;transparence \\em{bool}&quot;" alt="" coords="859,357,973,453">
<area shape="rect" href="$classScript_1_1WireStmt.html" title="&quot;wireframe \\em{bool}&quot;" alt="" coords="997,357,1109,453">
<area shape="rect" href="$classScript_1_1Statement.html" title="Base class for all possible statements in a script." alt="" coords="501,5,613,149">
