<area shape="rect" href="$classC4DView_1_1Menu4D.html#2dfc9833855fee3fb25d13456f47bc26" title="Search for the QAction associated with a menu item." alt="" coords="259,56,456,83">
<area shape="rect" href="$classC4DView.html#d9687bb0368033af4e97f2c4571156d9" title="C4DView::getColors" alt="" coords="287,107,428,133">
<area shape="rect" href="$classC4DView.html#75ddb2c5f106d81db18300d316d86972" title="C4DView::getDisplayCoordinates" alt="" coords="248,157,467,184">
<area shape="rect" href="$classC4DView.html#68bbe4bf27aba718c97b3f456cf656e6" title="C4DView::getDisplayPolygons" alt="" coords="256,208,459,235">
<area shape="rect" href="$classC4DView.html#dabc3be452e44e3101ad2f9f4cee5e4c" title="C4DView::getFog" alt="" coords="295,259,420,285">
<area shape="rect" href="$classC4DView.html#c83101f5d137e9357245e863a2df7d3e" title="C4DView::getLight" alt="" coords="292,309,423,336">
<area shape="rect" href="$classC4DView.html#dc4f19f4c1433bbb8bea6c37177adefe" title="C4DView::getRenderToPixmap" alt="" coords="253,360,461,387">
<area shape="rect" href="$classC4DView.html#89dd3e07ddd664711df895975a3d4bcd" title="C4DView::getShade" alt="" coords="287,411,428,437">
<area shape="rect" href="$classC4DView.html#5ad3a5d84454cb614b14748d772013b4" title="C4DView::getTransparent" alt="" coords="269,461,445,488">
<area shape="rect" href="$classC4DView_1_1Menu4D.html#80890e8721371e24c7039ce6598c5655" title="insert a menu item with a specified slot into a specified menu" alt="" coords="251,512,464,539">
<area shape="rect" href="$classLoki_1_1SingletonHolder.html#52a113a9dc9aa53a5ab777c573f9fa28" title="Returns a reference to singleton object." alt="" coords="255,563,460,589">
<area shape="rect" href="$classC4DView.html#7576863855bcc3cbd7b41c5f77ab220e" title="Implementation of UI::View::setWireframe." alt="" coords="275,613,440,640">
<area shape="rect" href="libstdc++.tag$a01208.html#fd7a61b93062043afa5b158ada25351e" title="std::map::begin" alt="" coords="579,5,691,32">
<area shape="rect" href="libstdc++.tag$a01208.html#f5510c6ab84eb61a7fd8a109dadcf78d" title="std::map::count" alt="" coords="577,56,692,83">
<area shape="rect" href="libstdc++.tag$a01208.html#1c6e8eff4b690989cc1a3f746e68fb30" title="std::map::end" alt="" coords="583,107,687,133">
<area shape="rect" href="libstdc++.tag$a01208.html#d1f7f9d083edd4d1af36d12592c6fa5d" title="std::map::insert" alt="" coords="577,512,692,539">
<area shape="rect" href="$classLoki_1_1SingletonHolder.html#d944c37d85028f4046d4e1f78f133710" title="create singleton object" alt="" coords="515,563,755,589">
