<area shape="rect" href="$classScript_1_1Statement.html" title="Base class for all possible statements in a script." alt="" coords="63,1737,199,1889">
<area shape="rect" href="$classScript_1_1Parser.html" title="Parser reads a file and executes the commands in it in a C4DView." alt="" coords="77,1447,184,1599">
<area shape="rect" href="$classUI_1_1View.html" title="Interface to display four&#45;dimensional objects." alt="" coords="5,463,192,1343">
<area shape="rect" href="libstdc++.tag$a01419.html" title="{std::vector\&lt; std::string \&gt;\n||}" alt="" coords="216,861,400,944">
<area shape="rect" href="libstdc++.tag$a00960.html" title="{std::_Vector_base\&lt; _Tp, _Alloc \&gt;\n||}" alt="" coords="257,159,489,241">
<area shape="rect" href="libstdc++.tag$a01419.html" title="STL class." alt="" coords="149,311,336,393">
<area shape="rect" href="libstdc++.tag$a00961.html" title="{std::_Vector_base\&lt; _Tp, _Alloc \&gt;::_Vector_impl\n||}" alt="" coords="212,7,535,89">
<area shape="rect" href="$classVecMath_1_1Rotation.html" title="{VecMath::Rotation\&lt; 4 \&gt;\n|&#45; axis\l|+ Rotation()\l+ Rotation()\l+ operator[]()\l+ operator[]()\l+ operator Matrix\&lt; D, N \&gt;()\l+ operator+=()\l+ operator bool()\l+ r()\l+ r()\l}" alt="" coords="223,1703,425,1924">
<area shape="rect" href="$classVecMath_1_1Rotation.html" title="Rotation in D&#45;dimensional space defined by angles about the main axes." alt="" coords="223,1412,425,1633">
