<area shape="rect" href="$classC4DView_1_1MouseHandler4D.html#681ee2ee24d1528a92b6ec0ff4dad9c2" title="Double click event handler." alt="" coords="272,221,592,248">
<area shape="rect" href="$classC4DView.html#8f09d1be7f8e3a1d8e3059cf88c5d70a" title="C4DView::Animated" alt="" coords="655,5,791,32">
<area shape="rect" href="$classLoki_1_1SingletonHolder.html#52a113a9dc9aa53a5ab777c573f9fa28" title="Returns a reference to singleton object." alt="" coords="1679,208,1871,235">
<area shape="rect" href="$classC4DView.html#8d3fbc1fbe82b40046652bca8bde9605" title="Draw the transformed and projected function onto the screen." alt="" coords="661,247,784,273">
<area shape="rect" href="$classC4DView.html#45b036ac24d2404ad7bd69139a49b2d8" title="you guessed it" alt="" coords="641,171,804,197">
<area shape="rect" href="$classC4DView.html#8a51cc06ede29308384576f277a67e19" title="Set the transform for the displayed object (but don&#39;t draw it yet)." alt="" coords="855,537,993,564">
<area shape="rect" href="$classC4DView.html#d37702c9ecc5cbf124df84d0263734b9" title="display some info about current object and its transformations" alt="" coords="1451,512,1603,539">
<area shape="rect" href="$classLoki_1_1SingletonHolder.html#d944c37d85028f4046d4e1f78f133710" title="create singleton object" alt="" coords="1933,208,2157,235">
<area shape="rect" href="$classC4DView.html#be8e58d21b0e1c513b10afa294b162b2" title="Paint event handler, reimplemented from QGLWidget." alt="" coords="855,247,993,273">
<area shape="rect" href="$classC4DView.html#638fd2fe648c1fcd8f9a3ac03ac8f6b4" title="Draw the projection into an OpenGL display list, but not yet on screen." alt="" coords="1247,360,1388,387">
<area shape="rect" href="$classUI_1_1ViewImpl.html#03d77f320d7aada22c143646b40925d3" title="UI::ViewImpl::getSolid" alt="" coords="1045,208,1195,235">
<area shape="rect" href="$classC4DView.html#b9561bdd967e89d314f7eda6de32b2bc" title="Wrapper for displaying OpenGL display lists." alt="" coords="1044,259,1196,285">
<area shape="rect" href="libstdc++.tag$a01815.html#10ebe236b3a6e1c3f67686162aa3e7ce" title="endl" alt="" coords="1296,259,1339,285">
<area shape="rect" href="libstdc++.tag$a01815.html#2107b37641fcd1f3d16ecc9c0a18041f" title="exit" alt="" coords="1297,309,1337,336">
<area shape="rect" href="$classUI_1_1ViewImpl.html#756d50cd0f539f632b4ffe0d28f93559" title="UI::ViewImpl::getCoordinates" alt="" coords="1683,360,1867,387">
<area shape="rect" href="$classC4DView.html#37a8191d956104629a6182ba86755cd1" title="draw the coordinate cross (on screen or int GL list) */" alt="" coords="1439,259,1615,285">
<area shape="rect" href="$classUI_1_1ViewImpl.html#7d0098100c1a7e5e9af8808072ab68da" title="UI::ViewImpl::F" alt="" coords="1719,461,1831,488">
<area shape="rect" href="$classC4DView.html#b9ec4da2c4a27a95302759968c3b9d90" title="Execute the projection into three&#45;space (but don&#39;t draw it yet either)." alt="" coords="1467,411,1587,437">
<area shape="rect" href="$classUI_1_1ViewImpl.html#862bf2d8e5cf2372e67c24ef324d1e3a" title="UI::ViewImpl::getHyperfog" alt="" coords="1689,411,1860,437">
<area shape="rect" href="$classUI_1_1ViewImpl.html#0fef5fd79e988554b44574f942cda7f1" title="Set the rotation step between frames for animations." alt="" coords="857,171,991,197">
<area shape="rect" href="$classC4DView.html#0b8d96f3304d94af1bac8854c908842f" title="Keep all rotation angles in the interval [&#45;360 degrees, 360 degrees]." alt="" coords="1664,512,1885,539">
<area shape="rect" href="libstdc++.tag$a01815.html#42fec2f6c6429a447bea8a40720a143a" title="fabs" alt="" coords="2024,512,2067,539">
