<area shape="rect" href="$classC4DView.html#e8db20fdfebe8d979f90ff303305a79d" title="Should be called whenever the object is rotated or translated." alt="" coords="199,107,324,133">
<area shape="rect" href="$classC4DView.html#8a01e49be6af9cab84880a176b7c42ae" title="rotate in 3D 360 degrees" alt="" coords="375,5,535,32">
<area shape="rect" href="$classC4DView_1_1MouseHandler4D.html#a81a97ec93c32f1acaa142706b3b6814" title="Mouse move event handler." alt="" coords="604,56,887,83">
<area shape="rect" href="$classC4DView.html#5ff6e70d47395827f5ef14793253c8d0" title="C4DView::paintEvent" alt="" coords="385,107,524,133">
<area shape="rect" href="$classC4DView.html#8d3fbc1fbe82b40046652bca8bde9605" title="Redraw handler." alt="" coords="393,157,516,184">
<area shape="rect" href="$classC4DView.html#504fd428909b35e3d80506a0235eac3e" title="set background color" alt="" coords="373,208,536,235">
<area shape="rect" href="$classC4DView.html#1b5e87b494b99e3705c64e924480f4ef" title="Mouse move event handler." alt="" coords="975,56,1153,83">
<area shape="rect" href="$classC4DView.html#60f45904ff9b227fdf426b5960fa4130" title="rotate in 4D 360 degrees" alt="" coords="665,107,825,133">
<area shape="rect" href="$group__UIHelpers.html#gb4150e26778debfb3de8214203578a41" title="C++ Template Implementation: CustomFunctionSlot." alt="" coords="585,157,905,184">
<area shape="rect" href="$classC4DView_1_1CustomFunctionSlot.html#2eaaaf653f2d1bbfe3a2b416f33e4b08" title="Factory method to create a new customized Function of type R^2&#45;&gt;R^4." alt="" coords="588,208,903,235">
<area shape="rect" href="$classC4DView_1_1MouseHandler4D.html#681ee2ee24d1528a92b6ec0ff4dad9c2" title="Double click event handler." alt="" coords="585,259,905,285">
<area shape="rect" href="$classC4DView.html#6dc432e565b97c2aa6f2273bbe4135c7" title="Double click event handler." alt="" coords="956,259,1172,285">
