<area shape="rect" href="$classvertex__data.html#ccadf4c9af76492b51b795e23278c333" title="Add a surface to the array of surfaces." alt="" coords="175,107,324,133">
<area shape="rect" href="libstdc++.tag$a01419.html#46ff71bb6fd1bab7b6dc210bf40c57ce" title="std::vector::push_back" alt="" coords="383,5,524,32">
<area shape="rect" href="libstdc++.tag$a01419.html#cfe97b143edc1c10b4532ebdb839d83c" title="std::vector::size" alt="" coords="401,56,505,83">
<area shape="rect" href="$classvertex__data.html#9e96298fd6fb4e18c0a701e7073b0b7b" title="The array of vertices." alt="" coords="404,157,503,184">
<area shape="rect" href="$classtaper__base.html#e8780b1e02545fa56243522c546cde70" title="taper_base::alreadyTapered" alt="" coords="165,208,333,235">
<area shape="rect" href="libstdc++.tag$a01419.html#4b0c65c36e9f8185da18a5a385bb9d9b" title="std::vector::back" alt="" coords="195,259,304,285">
<area shape="rect" href="$classvertex__data.html#f8801edd7fc99252e2f38f8cda166ad6" title="Dimension of the object." alt="" coords="176,309,323,336">
<area shape="rect" href="libstdc++.tag$a01815.html#42fec2f6c6429a447bea8a40720a143a" title="fabs" alt="" coords="228,360,271,387">
<area shape="rect" href="libstdc++.tag$a01815.html#b2c9d94b4becdf532618ad9a0a54aade" title="sqrt" alt="" coords="229,411,269,437">
<area shape="rect" href="$classvertex__data.html#881c385d02889dd00a63bd02f4133f37" title="The array of surfaces." alt="" coords="389,107,517,133">
