<area shape="rect" href="$classUI_1_1ViewImpl.html#3547e7dcf92ec5f4329c03610e992513" title="UI::ViewImpl::getImgDir" alt="" coords="212,5,372,32">
<area shape="rect" href="$classUI_1_1ViewImpl.html#1514ea64e95ffb856a5bc4595b33df69" title="UI::ViewImpl::getImgPrefix" alt="" coords="205,56,379,83">
<area shape="rect" href="$classUI_1_1ViewImpl.html#c5270e75eabb357f75b0955b8b887cb0" title="UI::ViewImpl::getWriteImages" alt="" coords="197,107,387,133">
<area shape="rect" href="$classLoki_1_1SingletonHolder.html#52a113a9dc9aa53a5ab777c573f9fa28" title="Returns a reference to singleton object." alt="" coords="663,233,855,260">
<area shape="rect" href="libstdc++.tag$a01815.html#d59418a1e878b6ff9b16a7cbcc8368a8" title="log" alt="" coords="273,208,311,235">
<area shape="rect" href="$classC4DView.html#99a55bb5dd4ba5f78e31506c55425987" title="Make a pixmap to to be rendered by the GL widget, and render it." alt="" coords="448,208,600,235">
<area shape="rect" href="$classC4DView.html#638fd2fe648c1fcd8f9a3ac03ac8f6b4" title="Draw the projection into an OpenGL display list, but not yet on screen." alt="" coords="221,335,363,361">
<area shape="rect" href="$classLoki_1_1SingletonHolder.html#d944c37d85028f4046d4e1f78f133710" title="create singleton object" alt="" coords="904,233,1128,260">
<area shape="rect" href="$classC4DView.html#37a8191d956104629a6182ba86755cd1" title="draw the coordinate cross (on screen or int GL list) */" alt="" coords="436,309,612,336">
<area shape="rect" href="$classUI_1_1ViewImpl.html#7d0098100c1a7e5e9af8808072ab68da" title="UI::ViewImpl::F" alt="" coords="703,512,815,539">
<area shape="rect" href="$classUI_1_1ViewImpl.html#756d50cd0f539f632b4ffe0d28f93559" title="UI::ViewImpl::getCoordinates" alt="" coords="667,309,851,336">
<area shape="rect" href="$classC4DView.html#b9ec4da2c4a27a95302759968c3b9d90" title="Execute the projection into three&#45;space (but don&#39;t draw it yet either)." alt="" coords="464,411,584,437">
<area shape="rect" href="$classUI_1_1ViewImpl.html#9abf03872780e6e1af170c44c3bd6138" title="UI::ViewImpl::CamW" alt="" coords="688,360,829,387">
<area shape="rect" href="$classUI_1_1ViewImpl.html#862bf2d8e5cf2372e67c24ef324d1e3a" title="UI::ViewImpl::getHyperfog" alt="" coords="673,411,844,437">
<area shape="rect" href="$classUI_1_1ViewImpl.html#4e350b5709828386fd3831f3fbe14ff9" title="UI::ViewImpl::ScrW" alt="" coords="692,461,825,488">
