<area shape="rect" href="$classObject.html" title="Generalized four&#45;dimensional Object, described by vertexes and surfaces." alt="" coords="185,829,409,1101">
<area shape="rect" href="$classRealBase.html" title="RealBase provides a base class for functions which take three parameters" alt="" coords="1073,581,1223,1349">
<area shape="rect" href="$classSteinerFunction.html" title="{SteinerFunction\n|&#45; a\l&#45; umin\l&#45; umax\l&#45; du\l&#45; vmin\l&#45; vmax\l&#45; dv\l&#45; F\l|+ SteinerFunction()\l+ SteinerFunction()\l+ ~SteinerFunction()\l+ Draw()\l# f()\l}" alt="" coords="1247,837,1391,1093">
<area shape="rect" href="$classSurfaceBase.html" title="SurfaceBase provides a base class for functions which take two parameters" alt="" coords="1844,677,1993,1253">
<area shape="rect" href="$classHypercube.html" title="A four&#45;dimensional cube." alt="" coords="5,1493,136,1685">
<area shape="rect" href="$classPyramid.html" title="A four&#45;dimensional pyramid, also known as hypersimplex." alt="" coords="160,1501,296,1677">
<area shape="rect" href="$classRotope.html" title="A four&#45;dimensional Rotope." alt="" coords="320,1541,413,1637">
<area shape="rect" href="$classSponge.html" title="A four&#45;dimensional Menger Sponge." alt="" coords="5,1829,136,2117">
<area shape="rect" href="$classGasket.html" title="A four&#45;dimensional version of the Sierpinski Gasket." alt="" coords="161,1845,292,2101">
<area shape="rect" href="$classRealFunction.html" title="A RealFunction is a mathematical function &#160;." alt="" coords="1036,1421,1260,1757">
<area shape="rect" href="$classCustomFunction.html" title="{CustomFunction\n|# f\l|+ CustomFunction()\l+ ~CustomFunction()\l}" alt="" coords="316,1925,463,2021">
<area shape="rect" href="$classFr3r.html" title="{Fr3r\n|# f\l|+ Fr3r()\l+ Fr3r()\l+ ~Fr3r()\l}" alt="" coords="487,1917,561,2029">
<area shape="rect" href="$classFr3rExp.html" title="{Fr3rExp\n|# f\l|+ Fr3rExp()\l+ Fr3rExp()\l+ ~Fr3rExp()\l}" alt="" coords="585,1917,684,2029">
<area shape="rect" href="$classFr3rSin.html" title="{Fr3rSin\n|# f\l|+ Fr3rSin()\l+ Fr3rSin()\l+ ~Fr3rSin()\l}" alt="" coords="708,1917,801,2029">
<area shape="rect" href="$classGravitationPotential.html" title="{GravitationPotential\n|# f\l# M\l# R\l|+ GravitationPotential()\l+ GravitationPotential()\l+ ~GravitationPotential()\l+ SetParameters()\l}" alt="" coords="825,1893,993,2053">
<area shape="rect" href="$classHypersphere.html" title="A hypersphere." alt="" coords="1017,1893,1148,2053">
<area shape="rect" href="$classPolar.html" title="{Polar\n|# f\l|+ Polar()\l+ ~Polar()\l}" alt="" coords="1172,1925,1255,2021">
<area shape="rect" href="$classPolarR.html" title="{PolarR\n|# f\l# Phase\l|+ PolarR()\l+ PolarR()\l+ ~PolarR()\l+ SetParameters()\l}" alt="" coords="1279,1901,1409,2045">
<area shape="rect" href="$classPolarSin.html" title="{PolarSin\n|# f\l# Phase\l|+ PolarSin()\l+ PolarSin()\l+ ~PolarSin()\l+ SetParameters()\l}" alt="" coords="1433,1901,1564,2045">
<area shape="rect" href="$classPolarSin2.html" title="{PolarSin2\n|# f\l|+ PolarSin2()\l+ PolarSin2()\l+ ~PolarSin2()\l}" alt="" coords="1588,1917,1695,2029">
<area shape="rect" href="$classTorus1.html" title="{Torus1\n|# f\l# R\l# r\l# rho\l|+ Torus1()\l+ Torus1()\l+ ~Torus1()\l+ SetParameters()\l}" alt="" coords="1719,1885,1849,2061">
<area shape="rect" href="$classTorus2.html" title="{Torus2\n|# f\l# R\l# r\l|+ Torus2()\l+ Torus2()\l+ ~Torus2()\l+ SetParameters()\l}" alt="" coords="1873,1893,2004,2053">
<area shape="rect" href="$classCustomPolarFunction.html" title="{CustomPolarFunction\n|# f\l|+ CustomPolarFunction()\l+ ~CustomPolarFunction()\l}" alt="" coords="300,2189,479,2285">
<area shape="rect" href="$classSurface.html" title="{Surface\n|# normal\l# NumVertices\l# F\l# X\l# Xtrans\l# Xscr\l|+ Surface()\l+ Surface()\l+ Surface()\l+ ~Surface()\l+ Transform()\l+ Project()\l+ Draw()\l+ ReInit()\l+ Data()\l+ getDefinitionSpaceDimensions()\l# df()\l# Initialize()\l# InitMem()\l# MemRequired()\l# DrawStrip()\l}" alt="" coords="2236,1397,2460,1781">
<area shape="rect" href="$classComplexFunction.html" title="{ComplexFunction\n|# g\l|+ ComplexFunction()\l+ ComplexFunction()\l+ ~ComplexFunction()\l+ SetParameters()\l+ function_type()\l# f()\l# Initialize()\l}" alt="" coords="2028,1885,2183,2061">
<area shape="rect" href="$classCustomSurface.html" title="{CustomSurface\n|# f\l|+ CustomSurface()\l+ ~CustomSurface()\l}" alt="" coords="2207,1925,2348,2021">
<area shape="rect" href="$classHorizon.html" title="{Horizon\n|# f\l|+ Horizon()\l+ Horizon()\l+ ~Horizon()\l}" alt="" coords="2372,1917,2468,2029">
<area shape="rect" href="$classSurface1.html" title="{Surface1\n|# f\l|+ Surface1()\l+ Surface1()\l+ ~Surface1()\l}" alt="" coords="2492,1917,2596,2029">
<area shape="rect" href="$classTorus3.html" title="{Torus3\n|# f\l|+ Torus3()\l+ Torus3()\l+ ~Torus3()\l}" alt="" coords="2620,1917,2711,2029">
<area shape="rect" href="$classcoshz.html" title="{coshz\n|# g\l|+ coshz()\l+ coshz()\l+ ~coshz()\l}" alt="" coords="1039,2181,1124,2293">
<area shape="rect" href="$classcosz.html" title="{cosz\n|# g\l|+ cosz()\l+ cosz()\l+ ~cosz()\l}" alt="" coords="1148,2181,1225,2293">
<area shape="rect" href="$classCustomComplexFunction.html" title="{CustomComplexFunction\n|# g\l|+ CustomComplexFunction()\l+ ~CustomComplexFunction()\l}" alt="" coords="1249,2189,1449,2285">
<area shape="rect" href="$classemz2.html" title="{emz2\n|# g\l&#45; alpha\l|+ emz2()\l+ emz2()\l+ ~emz2()\l+ SetParameters()\l}" alt="" coords="1473,2165,1604,2309">
<area shape="rect" href="$classez.html" title="{ez\n|# g\l&#45; alpha\l|+ ez()\l+ ez()\l+ ~ez()\l+ SetParameters()\l}" alt="" coords="1628,2165,1759,2309">
<area shape="rect" href="$classlnz.html" title="{lnz\n|# g\l|+ lnz()\l+ lnz()\l+ ~lnz()\l}" alt="" coords="1783,2181,1849,2293">
<area shape="rect" href="$classPolynomial.html" title="{Polynomial\n|# g\l&#45; a\l|+ Polynomial()\l+ ~Polynomial()\l}" alt="" coords="1873,2181,1988,2293">
<area shape="rect" href="$classsinhz.html" title="{sinhz\n|# g\l|+ sinhz()\l+ sinhz()\l+ ~sinhz()\l}" alt="" coords="2012,2181,2095,2293">
<area shape="rect" href="$classsinz.html" title="{sinz\n|# g\l|+ sinz()\l+ sinz()\l+ ~sinz()\l}" alt="" coords="2119,2181,2193,2293">
<area shape="rect" href="$classsqrtz.html" title="{sqrtz\n|# g\l|+ sqrtz()\l+ sqrtz()\l+ ~sqrtz()\l}" alt="" coords="2217,2181,2297,2293">
<area shape="rect" href="$classtanz.html" title="{tanz\n|# g\l|+ tanz()\l+ tanz()\l+ ~tanz()\l}" alt="" coords="2321,2181,2396,2293">
<area shape="rect" href="$classz2.html" title="{z2\n|# g\l|+ z2()\l+ z2()\l+ ~z2()\l}" alt="" coords="2420,2181,2484,2293">
<area shape="rect" href="$classz3.html" title="{z3\n|# g\l|+ z3()\l+ z3()\l+ ~z3()\l}" alt="" coords="2508,2181,2572,2293">
<area shape="rect" href="$classzA.html" title="{zA\n|# g\l&#45; alpha\l|+ zA()\l+ zA()\l+ ~zA()\l+ SetParameters()\l}" alt="" coords="2596,2165,2727,2309">
<area shape="rect" href="$classzm1.html" title="{zm1\n|# g\l|+ zm1()\l+ zm1()\l+ ~zm1()\l}" alt="" coords="2751,2181,2825,2293">
<area shape="rect" href="$classzm2.html" title="{zm2\n|# g\l|+ zm2()\l+ zm2()\l+ ~zm2()\l}" alt="" coords="2849,2181,2924,2293">
