<area shape="rect" href="$classvertex__data.html#ccadf4c9af76492b51b795e23278c333" title="Add a surface to the array of surfaces." alt="" coords="219,139,397,165">
<area shape="rect" href="libstdc++.tag$a01419.html#cfe97b143edc1c10b4532ebdb839d83c" title="std::vector::size" alt="" coords="737,189,860,216">
<area shape="rect" href="$classvertex__data.html#881c385d02889dd00a63bd02f4133f37" title="The array of surfaces." alt="" coords="723,88,875,115">
<area shape="rect" href="libstdc++.tag$a01419.html#46ff71bb6fd1bab7b6dc210bf40c57ce" title="std::vector::push_back" alt="" coords="477,37,643,64">
<area shape="rect" href="$classvertex__data.html#9e96298fd6fb4e18c0a701e7073b0b7b" title="The array of vertices." alt="" coords="503,189,617,216">
<area shape="rect" href="$classvertex__data.html#f8801edd7fc99252e2f38f8cda166ad6" title="Dimension of the object." alt="" coords="223,291,393,317">
<area shape="rect" href="$classvertex__data.html#89102ccb64f59581d648c4980c47e949" title="vertex_data::checkSurfaceExists" alt="" coords="447,139,673,165">
