<area shape="rect" href="$classCustomFunctionBase.html" title="{CustomFunctionBase\&lt; Surface::raw_function_type \&gt;\n|# func\l&#45; handle\l&#45; valid\l|+ CustomFunctionBase()\l+ ~CustomFunctionBase()\l+ symbolic()\l+ isValid()\l# loadFunction()\l# setValid()\l# setInvalid()\l}" alt="" coords="5,277,341,485">
<area shape="rect" href="$classCustomFunctionBase.html" title="{CustomFunctionBase\&lt; ComplexFunction::function_type \&gt;\n|# func\l&#45; handle\l&#45; valid\l|+ CustomFunctionBase()\l+ ~CustomFunctionBase()\l+ symbolic()\l+ isValid()\l# loadFunction()\l# setValid()\l# setInvalid()\l}" alt="" coords="365,277,728,485">
<area shape="rect" href="$classCustomFunctionBase.html" title="{CustomFunctionBase\&lt; RealFunction::raw_function_type \&gt;\n|# func\l&#45; handle\l&#45; valid\l|+ CustomFunctionBase()\l+ ~CustomFunctionBase()\l+ symbolic()\l+ isValid()\l# loadFunction()\l# setValid()\l# setInvalid()\l}" alt="" coords="752,277,1120,485">
<area shape="rect" href="$classCustomSurface.html" title="{CustomSurface\n|# f\l|+ CustomSurface()\l+ ~CustomSurface()\l}" alt="" coords="103,536,244,632">
<area shape="rect" href="$classCustomComplexFunction.html" title="{CustomComplexFunction\n|# g\l|+ CustomComplexFunction()\l+ ~CustomComplexFunction()\l}" alt="" coords="447,536,647,632">
<area shape="rect" href="$classCustomFunction.html" title="{CustomFunction\n|# f\l|+ CustomFunction()\l+ ~CustomFunction()\l}" alt="" coords="863,536,1009,632">
<area shape="rect" href="$classCustomPolarFunction.html" title="{CustomPolarFunction\n|# f\l|+ CustomPolarFunction()\l+ ~CustomPolarFunction()\l}" alt="" coords="847,683,1025,779">
