<area shape="rect" href="$classUI_1_1ViewImpl.html#0fef5fd79e988554b44574f942cda7f1" title="Set the rotation step between frames for animations." alt="" coords="256,5,389,32">
<area shape="rect" href="$classC4DView.html#715dbd8c1e15f6d118853e1789d081e7" title="Err well.. just that!" alt="" coords="240,56,405,83">
<area shape="rect" href="$classUI_1_1ViewImpl.html#f7b5919ff7fcd06e8f3445eea3f39d59" title="UI::ViewImpl::getdR" alt="" coords="463,5,599,32">
<area shape="rect" href="$classLoki_1_1SingletonHolder.html#52a113a9dc9aa53a5ab777c573f9fa28" title="Returns a reference to singleton object." alt="" coords="671,56,863,83">
<area shape="rect" href="$classC4DView.html#d37702c9ecc5cbf124df84d0263734b9" title="display some info about current object and its transformations" alt="" coords="455,107,607,133">
<area shape="rect" href="$classLoki_1_1SingletonHolder.html#d944c37d85028f4046d4e1f78f133710" title="create singleton object" alt="" coords="925,56,1149,83">
<area shape="rect" href="$classC4DView.html#0b8d96f3304d94af1bac8854c908842f" title="Keep all rotation angles in the interval [&#45;360 degrees, 360 degrees]." alt="" coords="656,107,877,133">
<area shape="rect" href="$classUI_1_1ViewImpl.html#7d0098100c1a7e5e9af8808072ab68da" title="UI::ViewImpl::F" alt="" coords="711,157,823,184">
<area shape="rect" href="libstdc++.tag$a01815.html#42fec2f6c6429a447bea8a40720a143a" title="fabs" alt="" coords="1016,107,1059,133">
