<area shape="rect" href="$classRealBase.html#a738a408ed73025d34db4ff0c4779ce1" title="delta in t" alt="" coords="269,5,379,32">
<area shape="rect" href="$classRealBase.html#d8aa90547179197a84a55b11fa9efb59" title="delta in u" alt="" coords="268,56,380,83">
<area shape="rect" href="$classRealBase.html#04608c269de0bb85c988f6f55c246631" title="delta in v" alt="" coords="268,107,380,133">
<area shape="rect" href="$classRealBase.html#371a8545cd85a218efa8c3d78f1679f7" title="max. value of the first parameter, t" alt="" coords="261,157,387,184">
<area shape="rect" href="$classRealBase.html#f9dcdf6e54c56a0875afa605bbfafff7" title="min. value of the first parameter, t" alt="" coords="263,208,385,235">
<area shape="rect" href="$classRealBase.html#13591cf37427643c8cab25ab5e8b05f5" title="number of steps in t" alt="" coords="259,259,389,285">
<area shape="rect" href="$classRealBase.html#ee1bc70a4396db3d9bbeb814c78e4ad0" title="max. value of the second parameter, u" alt="" coords="260,309,388,336">
<area shape="rect" href="$classRealBase.html#94d43f8cf311879c3d773bfceb9e04f4" title="min. value of the second parameter, u" alt="" coords="261,360,387,387">
<area shape="rect" href="$classRealBase.html#484ca78d73b9140e77dc26d626e90b88" title="number of steps in u" alt="" coords="259,411,389,437">
<area shape="rect" href="$classRealBase.html#1ef508c14939017bf1a7f6953cb76069" title="max. value of the third parameter, v" alt="" coords="260,461,388,488">
<area shape="rect" href="$classRealBase.html#f79ee0c5a0488dddd613e65f9676b240" title="min. value of the third parameter, v" alt="" coords="261,512,387,539">
<area shape="rect" href="$classRealBase.html#4c12bdcab988ba1efa81d7f23504bc9d" title="number of steps in v" alt="" coords="259,563,389,589">
<area shape="rect" href="$classLoki_1_1SingletonHolder.html#52a113a9dc9aa53a5ab777c573f9fa28" title="Returns a reference to singleton object." alt="" coords="228,613,420,640">
<area shape="rect" href="$classFunction.html#d6a10b999b0d561d36a473d461c62311" title="Return the approximate amount of memory needed to display a Function of current definition..." alt="" coords="248,664,400,691">
