<area shape="rect" href="$classLoki_1_1SingletonHolder.html#52a113a9dc9aa53a5ab777c573f9fa28" title="Returns a reference to singleton object." alt="" coords="644,72,849,99">
<area shape="rect" href="libstdc++.tag$a01815.html#d59418a1e878b6ff9b16a7cbcc8368a8" title="log" alt="" coords="261,47,301,73">
<area shape="rect" href="$classC4DView.html#99a55bb5dd4ba5f78e31506c55425987" title="Make a pixmap to to be rendered by the GL widget, and render it." alt="" coords="419,47,581,73">
<area shape="rect" href="$classC4DView.html#638fd2fe648c1fcd8f9a3ac03ac8f6b4" title="Draw the projection into an OpenGL display list, but not yet on screen." alt="" coords="205,148,357,175">
<area shape="rect" href="$classLoki_1_1SingletonHolder.html#d944c37d85028f4046d4e1f78f133710" title="create singleton object" alt="" coords="899,72,1139,99">
<area shape="rect" href="$classC4DView.html#37a8191d956104629a6182ba86755cd1" title="draw the coordinate cross (on screen or int GL list) */" alt="" coords="407,148,593,175">
<area shape="rect" href="$classC4DView.html#b9ec4da2c4a27a95302759968c3b9d90" title="Execute the projection into three&#45;space (but don&#39;t draw it yet either)." alt="" coords="437,199,563,225">
