<area shape="rect" href="$classC4DView.html#1d7079e8957ce7e685531a3f9062c468" title="C4DView constructor." alt="" coords="1556,200,1692,227">
<area shape="rect" href="$group__UIHelpers.html#gb4150e26778debfb3de8214203578a41" title="C++ Template Implementation: CustomFunctionSlot." alt="" coords="1145,707,1465,733">
<area shape="rect" href="$classC4DView_1_1CustomFunctionSlot.html#2eaaaf653f2d1bbfe3a2b416f33e4b08" title="Factory method to create a new customized Function of type R^2&#45;&gt;R^4." alt="" coords="1148,808,1463,835">
<area shape="rect" href="$classC4DView.html#2b8270b08a2a62faa7381adcd83715af" title="Implementation of UI::View::ObjectGasket." alt="" coords="1228,251,1383,277">
<area shape="rect" href="$classC4DView.html#bc3a4f6e3276734aa70e0853f0df6022" title="Implementation of UI::View::ObjectHypercube." alt="" coords="1217,301,1393,328">
<area shape="rect" href="$classC4DView.html#951f672d7d323bb799c1ab18d412e1d7" title="Implementation of UI::View::ObjectHyperpyramid." alt="" coords="1208,352,1403,379">
<area shape="rect" href="$classC4DView.html#395baf447937415a0f3366c4d1c529ee" title="Implementation of UI::View::ObjectHypersponge." alt="" coords="1211,403,1400,429">
<area shape="rect" href="$classC4DView.html#67910b144c00145b06e592e2b93126f1" title="Implementation of UI::View::ObjectRotope." alt="" coords="1227,453,1384,480">
<area shape="rect" href="$classC4DView.html#638fd2fe648c1fcd8f9a3ac03ac8f6b4" title="Draw the projection into an OpenGL display list, but not yet on screen." alt="" coords="335,453,476,480">
<area shape="rect" href="$classC4DView.html#b9ec4da2c4a27a95302759968c3b9d90" title="Execute the projection into three&#45;space (but don&#39;t draw it yet either)." alt="" coords="165,504,285,531">
<area shape="rect" href="$classC4DView.html#8a51cc06ede29308384576f277a67e19" title="Set the transform for the displayed object (but don&#39;t draw it yet)." alt="" coords="944,1112,1083,1139">
<area shape="rect" href="$classC4DView.html#d37702c9ecc5cbf124df84d0263734b9" title="display some info about current object and its transformations" alt="" coords="729,985,881,1012">
<area shape="rect" href="$classC4DView.html#3c797ad72f10f9d43d720a45cd60509a" title="Called once before the first call to paintGL() or resizeGL(), reimplemented from..." alt="" coords="732,352,879,379">
<area shape="rect" href="$classC4DView.html#8d3fbc1fbe82b40046652bca8bde9605" title="Draw the transformed and projected function onto the screen." alt="" coords="952,555,1075,581">
<area shape="rect" href="$classC4DView.html#b9561bdd967e89d314f7eda6de32b2bc" title="Wrapper for displaying OpenGL display lists." alt="" coords="527,453,679,480">
<area shape="rect" href="$classC4DView.html#54cf3b6bbb8bf1eed47afc6da5fcebe2" title="C4DView::writeFrame" alt="" coords="531,403,675,429">
<area shape="rect" href="$classC4DView.html#128fc82da387471fbd9c88fe35263e8f" title="Re&#45;Implementation of UI::ViewImpl::setColors." alt="" coords="947,251,1080,277">
<area shape="rect" href="$classC4DView.html#5ec81f7d64c4678cbe44bfad9d2acb65" title="Implementation of UI::View::animate." alt="" coords="1243,656,1368,683">
<area shape="rect" href="$classC4DView.html#530cab21c7ae4ab78eeff14e7f89a879" title="Implementation of UI::View::applyTransform." alt="" coords="1221,555,1389,581">
<area shape="rect" href="$classC4DView.html#60f45904ff9b227fdf426b5960fa4130" title="rotate in 4D 360 degrees" alt="" coords="1225,960,1385,987">
<area shape="rect" href="$classC4DView_1_1MouseHandler4D.html#681ee2ee24d1528a92b6ec0ff4dad9c2" title="Double click event handler." alt="" coords="1145,1112,1465,1139">
<area shape="rect" href="$classC4DView_1_1MouseHandler4D.html#a81a97ec93c32f1acaa142706b3b6814" title="Mouse move event handler." alt="" coords="1164,1061,1447,1088">
<area shape="rect" href="$classC4DView.html#eb4ec12aada637e796110fe8172d12ff" title="Re&#45;Implementation of UI::ViewImpl::setCoordinates." alt="" coords="1224,504,1387,531">
<area shape="rect" href="$classC4DView.html#b8007107aba8c57dd39063be93ca8f96" title="Re&#45;Implementation of UI::ViewImpl::setHyperfog." alt="" coords="1231,605,1380,632">
<area shape="rect" href="$classC4DView.html#6dc432e565b97c2aa6f2273bbe4135c7" title="Double click event handler, reimplemented from QWidget." alt="" coords="1516,1112,1732,1139">
<area shape="rect" href="$classC4DView.html#1b5e87b494b99e3705c64e924480f4ef" title="Mouse move event handler, reimplemented from QWidget." alt="" coords="1535,1061,1713,1088">
<area shape="rect" href="$classC4DView.html#be8e58d21b0e1c513b10afa294b162b2" title="Paint event handler, reimplemented from QGLWidget." alt="" coords="736,504,875,531">
<area shape="rect" href="$classC4DView.html#8a01e49be6af9cab84880a176b7c42ae" title="rotate in 3D 360 degrees" alt="" coords="933,808,1093,835">
<area shape="rect" href="$classC4DView.html#504fd428909b35e3d80506a0235eac3e" title="Re&#45;Implementation of UI::ViewImpl::setBackground." alt="" coords="932,352,1095,379">
<area shape="rect" href="$classC4DView.html#5a783209571030da60229d60dfef66f2" title="Re&#45;Implementation of UI::ViewImpl::setLighting." alt="" coords="941,301,1085,328">
<area shape="rect" href="$classC4DView.html#e38186ceacf6c4e6b13de7bee6cd8bda" title="Called whenever an object or the parameters have changed." alt="" coords="935,403,1092,429">
<area shape="rect" href="$classC4DView_1_1MouseHandler4D.html#9e5ab5cea257501da2f87c3f13140029" title="Mouse button release event handler." alt="" coords="1159,1213,1452,1240">
<area shape="rect" href="$classC4DView.html#715dbd8c1e15f6d118853e1789d081e7" title="Err well.. just that!" alt="" coords="931,1264,1096,1291">
<area shape="rect" href="$classC4DView.html#00949bc8cb7215be6ff50e947d6f576f" title="Mouse release event handler, reimplemented from QWidget." alt="" coords="1529,1213,1719,1240">
<area shape="rect" href="$classC4DView.html#4c6fe19768e9e4e706e0489bc9ca6f96" title="Starts a random animation." alt="" coords="1213,1264,1397,1291">
