<area shape="rect" href="libstdc++.tag$a01815.html#238e5e294eeb80752bfb1026e68e4bcc" title="abs" alt="" coords="240,5,283,32">
<area shape="rect" href="libstdc++.tag$a01815.html#10ebe236b3a6e1c3f67686162aa3e7ce" title="endl" alt="" coords="239,56,284,83">
<area shape="rect" href="$classObject.html#abb0df155c83971e135cc13f9fc28860" title="Actually create the Object, this method is overridden in child classes." alt="" coords="204,157,319,184">
<area shape="rect" href="$classLoki_1_1SingletonHolder.html#52a113a9dc9aa53a5ab777c573f9fa28" title="Returns a reference to singleton object." alt="" coords="393,107,599,133">
<area shape="rect" href="$classFunction.html#d6a10b999b0d561d36a473d461c62311" title="Return the approximate amount of memory needed to display a Function of current definition..." alt="" coords="180,208,343,235">
<area shape="rect" href="libstdc++.tag$a01419.html#46ff71bb6fd1bab7b6dc210bf40c57ce" title="std::vector::push_back" alt="" coords="184,259,339,285">
<area shape="rect" href="libstdc++.tag$a01419.html#cfe97b143edc1c10b4532ebdb839d83c" title="std::vector::size" alt="" coords="439,157,553,184">
<area shape="rect" href="$classLoki_1_1SingletonHolder.html#d944c37d85028f4046d4e1f78f133710" title="create singleton object" alt="" coords="648,107,888,133">
