<area shape="rect" href="$classColorManager.html" title="Interface for all color managers." alt="" coords="260,1605,425,1925">
<area shape="rect" href="$classFunction.html" title="A Function is a generalized four&#45;dimensional mathematical function." alt="" coords="231,1013,455,1541">
<area shape="rect" href="$classVecMath_1_1Vector.html" title="{VecMath::Vector\&lt; 4 \&gt;\n|&#45; x\l|+ Vector()\l+ Vector()\l+ operator[]()\l+ operator[]()\l+ operator+=()\l+ operator&#45;=()\l+ operator*=()\l+ operator&#45;()\l+ operator&#45;()\l+ operator+()\l+ operator*()\l+ operator*()\l+ operator/()\l+ operator/()\l+ sqnorm()\l+ operator==()\l+ operator\&lt;()\l+ data()\l+ dimension()\l}" alt="" coords="77,581,229,949">
<area shape="rect" href="$classVecMath_1_1Vector.html" title="Vector&lt;D, N&gt;: a D&#45;dimensional vector of numbers of type N." alt="" coords="5,149,176,517">
<area shape="rect" href="$classParameterMap.html" title="A class to store and manage FunctionParameter s." alt="" coords="273,685,412,845">
<area shape="rect" title="STL class." alt="" coords="200,285,485,381">
<area shape="rect" title="STL class." alt="" coords="509,293,624,373">
<area shape="rect" title="STL class." alt="" coords="648,293,728,373">
<area shape="rect" title="STL class." alt="" coords="604,5,772,85">
