<area shape="rect" href="$classScript_1_1AnimateStmt.html" title="&quot;animate&quot;" alt="" coords="421,229,563,325">
<area shape="rect" href="$classScript_1_1BoolStatement.html" title="Statement with a single boolean parameter." alt="" coords="587,221,739,333">
<area shape="rect" href="$classScript_1_1FramesStmt.html" title="&quot;frames &lt;num_frames&gt;&quot;" alt="" coords="763,229,899,325">
<area shape="rect" href="$classScript_1_1ImgDirStmt.html" title="&quot;image_dir &lt;directory&gt;&quot;" alt="" coords="923,229,1053,325">
<area shape="rect" href="$classScript_1_1ImgPrefixStmt.html" title="&quot;image_prefix &lt;filename_prefix&gt;&quot;" alt="" coords="1077,229,1224,325">
<area shape="rect" href="$classScript_1_1LoopStmt.html" title="&quot;loop &lt;num_loops&gt;&quot;" alt="" coords="1248,229,1368,325">
<area shape="rect" href="$classScript_1_1ObjectStmt.html" title="&quot;object &lt;object_name&gt;&quot;" alt="" coords="1392,229,1523,325">
<area shape="rect" href="$classScript_1_1ParmStmt.html" title="&quot;parameter &lt;double|int|unsigned|string&gt; &lt;parameter&gt;&quot;" alt="" coords="1547,197,1701,357">
<area shape="rect" href="$classScript_1_1SizeStmt.html" title="&quot;size &lt;width&gt; &lt;height&gt;&quot;" alt="" coords="1725,221,1843,333">
<area shape="rect" href="$classScript_1_1SleepStmt.html" title="&quot;sleep &lt;milliseconds&gt;&quot;" alt="" coords="1867,229,1992,325">
<area shape="rect" href="$classScript_1_1XformStmt.html" title="&quot;transform &lt;rotation&gt;&quot;" alt="" coords="2016,221,2144,333">
<area shape="rect" href="$classScript_1_1ColorStmt.html" title="&quot;color &lt;bool&gt;&quot;" alt="" coords="5,405,128,501">
<area shape="rect" href="$classScript_1_1CoordsStmt.html" title="&quot;coordinates &lt;bool&gt;&quot;" alt="" coords="152,405,285,501">
<area shape="rect" href="$classScript_1_1Fog4DStmt.html" title="&quot;depthcue4d &lt;bool&gt;&quot;" alt="" coords="309,405,440,501">
<area shape="rect" href="$classScript_1_1FogStmt.html" title="&quot;depthcue3d &lt;bool&gt;&quot;" alt="" coords="464,405,579,501">
<area shape="rect" href="$classScript_1_1LightStmt.html" title="&quot;lighting &lt;bool&gt;&quot;" alt="" coords="603,405,723,501">
<area shape="rect" href="$classScript_1_1ShadingStmt.html" title="&quot;shading &lt;bool&gt;&quot;" alt="" coords="747,405,885,501">
<area shape="rect" href="$classScript_1_1SolidStmt.html" title="&quot;solid &lt;bool&gt;&quot;" alt="" coords="909,405,1029,501">
<area shape="rect" href="$classScript_1_1TransStmt.html" title="&quot;transparence &lt;bool&gt;&quot;" alt="" coords="1053,405,1179,501">
<area shape="rect" href="$classScript_1_1WireStmt.html" title="&quot;wireframe &lt;bool&gt;&quot;" alt="" coords="1203,405,1323,501">
<area shape="rect" href="$classScript_1_1DeltaStmt.html" title="&quot;transform_step &lt;rotation&gt;&quot;" alt="" coords="1948,405,2071,501">
<area shape="rect" href="$classScript_1_1RotStmt.html" title="&quot;rotation &lt;rotation&gt;&quot;" alt="" coords="2095,405,2207,501">
<area shape="rect" href="$classScript_1_1RotDeltaStmt.html" title="&quot;rotation_step &lt;rotation&gt;&quot;" alt="" coords="1937,549,2081,645">
