<area shape="rect" href="$classComplexFunction.html#a978ff4b165e029bb82ba33dce35e4e3" title="ComplexFunction::Initialize" alt="" coords="136,233,317,260">
<area shape="rect" href="$classComplexFunction.html#234485506b16d03867c20e8e8d7e0b21" title="ComplexFunction::f" alt="" coords="376,31,512,57">
<area shape="rect" href="$classSurfaceBase.html#c1b7c91a12ac9ad433c27d8ad9f6067c" title="delta in t" alt="" coords="375,81,513,108">
<area shape="rect" href="$classSurfaceBase.html#b374ba3db9a0339e6a5aaa230d1a76ca" title="delta in u" alt="" coords="373,132,515,159">
<area shape="rect" href="$classSurfaceBase.html#73cd034a8689e0f9fbd796f8e7423fcb" title="min. value of the first parameter, t" alt="" coords="367,183,521,209">
<area shape="rect" href="$classSurfaceBase.html#761208b17975a6c343774b5ca467ed2b" title="number of steps in t" alt="" coords="572,259,737,285">
<area shape="rect" href="$classSurfaceBase.html#ed7d2013bca3eb15eb1abcc8e72cbd58" title="min. value of the second parameter, u" alt="" coords="367,436,521,463">
<area shape="rect" href="$classSurfaceBase.html#d8c79625fa46d8c5ebbda58f0dd9eb5d" title="number of steps in u" alt="" coords="572,323,737,349">
<area shape="rect" href="$classSurface.html#f77d456ed7b5d495f4a54978ab5f4acc" title="Initialize the temporary storage areas Xscr[][], Xtrans[][]." alt="" coords="383,335,505,361">
<area shape="rect" href="libstdc++.tag$a01419.html#59d21f4ea322bb5166a2de7bbdf55b4c" title="std::vector::resize" alt="" coords="591,373,719,400">
<area shape="rect" href="libstdc++.tag$a01081.html#72814d117a261bef8be64098e0aa8119" title="std::complex::imag" alt="" coords="588,56,721,83">
<area shape="rect" href="libstdc++.tag$a01081.html#90731c66edf2f805f5cc8e37b79909cf" title="std::complex::real" alt="" coords="592,5,717,32">
