<area shape="rect" href="$classCustomPolarFunction.html" title="{CustomPolarFunction\n|# f\l|+ CustomPolarFunction()\l+ ~CustomPolarFunction()\l}" alt="" coords="207,1949,372,2045">
<area shape="rect" href="$classRealFunction.html" title="A RealFunction is a mathematical function &#160;." alt="" coords="5,1416,213,1752">
<area shape="rect" href="$classRealBase.html" title="RealBase provides a base class for functions which take three parameters" alt="" coords="39,584,180,1352">
<area shape="rect" href="$classFunction.html" title="A Function is a generalized four&#45;dimensional mathematical function." alt="" coords="5,5,213,533">
<area shape="rect" href="$classCustomFunctionBase.html" title="{CustomFunctionBase\&lt; RealFunction::raw_function_type \&gt;\n|# func\l&#45; handle\l&#45; valid\l|+ CustomFunctionBase()\l+ ~CustomFunctionBase()\l+ symbolic()\l+ isValid()\l# loadFunction()\l# setValid()\l# setInvalid()\l}" alt="" coords="237,1480,573,1688">
<area shape="rect" href="$classCustomFunctionBase.html" title="{CustomFunctionBase\&lt; function_type \&gt;\n|# func\l&#45; handle\l&#45; valid\l|+ CustomFunctionBase()\l+ ~CustomFunctionBase()\l+ symbolic()\l+ isValid()\l# loadFunction()\l# setValid()\l# setInvalid()\l}" alt="" coords="289,864,521,1072">
