<area shape="rect" href="libstdc++.tag$a01419.html#9b08ff53b2350211ad1bec30179dd800" title="std::vector::begin" alt="" coords="307,5,437,32">
<area shape="rect" href="$classScript_1_1StatementFactory.html#6b66340f4f83d29dcc85054c04bd6963" title="The Factory method." alt="" coords="223,56,521,83">
<area shape="rect" href="libstdc++.tag$a01419.html#dd7408dc09d0a7736ebce9bec0865248" title="std::vector::end" alt="" coords="312,107,432,133">
<area shape="rect" href="$classScript_1_1Statement.html#73f70b1619727ef9253c430c131993cb" title="Executes the statement in the current context." alt="" coords="275,157,469,184">
<area shape="rect" href="$namespaceScript.html#47e82b90db42826fdbd4b5982c76ec94" title="Script::starts_with" alt="" coords="585,19,721,45">
<area shape="rect" href="$namespaceScript.html#ed81d17361ed50eac6e340cd3ab228bd" title="Script::trailing" alt="" coords="599,69,708,96">
<area shape="rect" href="$namespaceScript.html#03f989e6d0266ee3108bcda82c7ad94d" title="Trim whitespace from the beginning and the end of a string." alt="" coords="784,44,901,71">
<area shape="rect" href="$classScript_1_1Statement.html#6db04d60777fcdfc101e4a5286e7cdf5" title="Script::Statement::arg" alt="" coords="572,132,735,159">
<area shape="rect" href="libstdc++.tag$a01815.html#10ebe236b3a6e1c3f67686162aa3e7ce" title="endl" alt="" coords="629,183,677,209">
