<area shape="rect" href="$classC4DView.html#5ec81f7d64c4678cbe44bfad9d2acb65" title="Implementation of UI::View::animate." alt="" coords="293,5,424,32">
<area shape="rect" href="$classC4DView.html#530cab21c7ae4ab78eeff14e7f89a879" title="Implementation of UI::View::applyTransform." alt="" coords="269,56,448,83">
<area shape="rect" href="$classC4DView.html#60f45904ff9b227fdf426b5960fa4130" title="rotate in 4D 360 degrees" alt="" coords="275,107,443,133">
<area shape="rect" href="$group__UIHelpers.html#gb4150e26778debfb3de8214203578a41" title="C++ Template Implementation: CustomFunctionSlot." alt="" coords="185,157,532,184">
<area shape="rect" href="$classC4DView_1_1CustomFunctionSlot.html#2eaaaf653f2d1bbfe3a2b416f33e4b08" title="Factory method to create a new customized Function of type R^2&#45;&gt;R^4." alt="" coords="188,208,529,235">
<area shape="rect" href="$classC4DView_1_1MouseHandler4D.html#681ee2ee24d1528a92b6ec0ff4dad9c2" title="Double click event handler." alt="" coords="188,259,529,285">
<area shape="rect" href="$classC4DView_1_1MouseHandler4D.html#a81a97ec93c32f1acaa142706b3b6814" title="Mouse move event handler." alt="" coords="208,309,509,336">
<area shape="rect" href="$classC4DView.html#2b8270b08a2a62faa7381adcd83715af" title="Implementation of UI::View::ObjectGasket." alt="" coords="276,360,441,387">
<area shape="rect" href="$classC4DView.html#bc3a4f6e3276734aa70e0853f0df6022" title="Implementation of UI::View::ObjectHypercube." alt="" coords="265,411,452,437">
<area shape="rect" href="$classC4DView.html#951f672d7d323bb799c1ab18d412e1d7" title="Implementation of UI::View::ObjectHyperpyramid." alt="" coords="256,461,461,488">
<area shape="rect" href="$classC4DView.html#395baf447937415a0f3366c4d1c529ee" title="Implementation of UI::View::ObjectHypersponge." alt="" coords="257,512,460,539">
<area shape="rect" href="$classC4DView.html#67910b144c00145b06e592e2b93126f1" title="Implementation of UI::View::ObjectRotope." alt="" coords="276,563,441,589">
<area shape="rect" href="$classC4DView.html#eb4ec12aada637e796110fe8172d12ff" title="Re&#45;Implementation of UI::ViewImpl::setCoordinates." alt="" coords="272,613,445,640">
<area shape="rect" href="$classC4DView.html#b8007107aba8c57dd39063be93ca8f96" title="Re&#45;Implementation of UI::ViewImpl::setHyperfog." alt="" coords="280,664,437,691">
<area shape="rect" href="$classC4DView.html#6dc432e565b97c2aa6f2273bbe4135c7" title="Double click event handler, reimplemented from QWidget." alt="" coords="583,259,812,285">
<area shape="rect" href="$classC4DView.html#1b5e87b494b99e3705c64e924480f4ef" title="Mouse move event handler, reimplemented from QWidget." alt="" coords="601,309,793,336">
<area shape="rect" href="$classC4DView.html#1d7079e8957ce7e685531a3f9062c468" title="C4DView constructor." alt="" coords="628,411,767,437">
