<area shape="rect" href="$classRealFunction.html" title="A RealFunction is a mathematical function &#160;." alt="" coords="793,1451,1036,1795">
<area shape="rect" href="$classFunction.html" title="A Function is a generalized four&#45;dimensional mathematical function." alt="" coords="793,7,1036,575">
<area shape="rect" href="$classCustomFunction.html" title="{CustomFunction\n|# f\l|+ CustomFunction()\l+ ~CustomFunction()\l}" alt="" coords="21,1877,181,1979">
<area shape="rect" href="$classFr3r.html" title="{Fr3r\n|# f\l|+ Fr3r()\l+ ~Fr3r()\l}" alt="" coords="205,1877,288,1979">
<area shape="rect" href="$classFr3rExp.html" title="{Fr3rExp\n|# f\l|+ Fr3rExp()\l+ ~Fr3rExp()\l}" alt="" coords="312,1877,416,1979">
<area shape="rect" href="$classFr3rSin.html" title="{Fr3rSin\n|# f\l|+ Fr3rSin()\l+ ~Fr3rSin()\l}" alt="" coords="440,1877,541,1979">
<area shape="rect" href="$classGravitationPotential.html" title="{GravitationPotential\n|# f\l# M\l# R\l|+ GravitationPotential()\l+ ~GravitationPotential()\l+ SetParameters()\l}" alt="" coords="565,1852,749,2004">
<area shape="rect" href="$classHypersphere.html" title="A hypersphere." alt="" coords="773,1852,917,2004">
<area shape="rect" href="$classPolar.html" title="{Polar\n|# f\l|+ Polar()\l+ ~Polar()\l}" alt="" coords="941,1877,1029,1979">
<area shape="rect" href="$classPolarR.html" title="{PolarR\n|# f\l# Phase\l|+ PolarR()\l+ ~PolarR()\l+ SetParameters()\l}" alt="" coords="1053,1860,1197,1996">
<area shape="rect" href="$classPolarSin.html" title="{PolarSin\n|# f\l# Phase\l|+ PolarSin()\l+ ~PolarSin()\l+ SetParameters()\l}" alt="" coords="1221,1860,1365,1996">
<area shape="rect" href="$classPolarSin2.html" title="{PolarSin2\n|# f\l|+ PolarSin2()\l+ ~PolarSin2()\l}" alt="" coords="1389,1877,1507,1979">
<area shape="rect" href="$classTorus1.html" title="{Torus1\n|# f\l# R\l# r\l# rho\l|+ Torus1()\l+ ~Torus1()\l+ SetParameters()\l}" alt="" coords="1531,1843,1675,2013">
<area shape="rect" href="$classTorus2.html" title="{Torus2\n|# f\l# R\l# r\l|+ Torus2()\l+ ~Torus2()\l+ SetParameters()\l}" alt="" coords="1699,1852,1843,2004">
<area shape="rect" href="$classCustomPolarFunction.html" title="{CustomPolarFunction\n|# f\l|+ CustomPolarFunction()\l+ ~CustomPolarFunction()\l}" alt="" coords="5,2061,197,2163">
