<area shape="rect" href="$classFunction.html#7e1d08b78b48b4be45772cec73b926ac" title="Numerical calculation of the derivatives in t, u and v." alt="" coords="231,5,321,32">
<area shape="rect" href="$group__VecMath.html#gebb474b1869607dba1cd231e786a169d" title="specialization for cross product of two 3&#45;Vectors" alt="" coords="216,56,336,83">
<area shape="rect" href="$group__VecMath.html#g646679fba90010325c01c937abfb4ea4" title="normalizes a 3&#45;Vector out&#45;of&#45;place" alt="" coords="203,107,349,133">
<area shape="rect" href="$classFunction.html#68cf5a6e74a4f6a96893079ace0dc228" title="Function evaluation operator for three parameters." alt="" coords="415,5,553,32">
<area shape="rect" href="libstdc++.tag$a01815.html#e7f46e924ff27422f3a18cfc0df959b9" title="norm" alt="" coords="459,56,509,83">
<area shape="rect" href="$classVecMath_1_1Vector.html#c60183f68f2d8a6473c64c2e753cd053" title="VecMath::Vector::sqnorm" alt="" coords="397,107,571,133">
<area shape="rect" href="libstdc++.tag$a01815.html#b2c9d94b4becdf532618ad9a0a54aade" title="sqrt" alt="" coords="463,157,505,184">
<area shape="rect" href="$classVecMath_1_1Vector.html#1c92fee3076d3f646e97df2f5f246726" title="VecMath::Vector::operator*" alt="" coords="619,107,803,133">
