<area shape="rect" href="$structC4DView_1_1Impl.html" title="Private class containing the member data for the Pimpl idiom." alt="" coords="697,2709,865,3365">
<area shape="rect" href="$classC4DView.html" title="Displays and manipulates four&#45;dimensional Functions in a QGLWidget." alt="" coords="1283,4021,1472,6517">
<area shape="rect" href="$classC4DView_1_1MouseHandler4D.html" title="{C4DView::MouseHandler4D\n|&#45; parent\l&#45; m_LeftDownPos\l&#45; m_MidDownPos\l&#45; m_RightDownPos\l&#45; m_TakingSpinValues\l|+ MouseHandler4D()\l+ ~MouseHandler4D()\l+ mouseMoveEvent()\l+ mousePressEvent()\l+ mouseReleaseEvent()\l+ mouseDoubleClickEvent()\l&#45; setm_LeftDownPos()\l&#45; LeftDownPos()\l&#45; setm_MidDownPos()\l&#45; MidDownPos()\l&#45; setm_RightDownPos()\l&#45; RightDownPos()\l&#45; setTakingSpinValues()\l&#45; TakingSpinValues()\l}" alt="" coords="900,6581,1087,6933">
<area shape="rect" href="$classVecMath_1_1Rotation.html" title="{VecMath::Rotation\&lt; 4 \&gt;\n|&#45; axis\l|+ Rotation()\l+ Rotation()\l+ operator[]()\l+ operator[]()\l+ operator Matrix\&lt; D, double \&gt;()\l+ operator+=()\l+ operator bool()\l+ r()\l+ r()\l}" alt="" coords="143,2253,356,2461">
<area shape="rect" href="$classVecMath_1_1Rotation.html" title="Rotation in D&#45;dimensional space defined by angles about the main axes." alt="" coords="261,1349,445,1557">
<area shape="rect" href="$classVecMath_1_1Rotation.html" title="{VecMath::Rotation\&lt; 3, GLdouble \&gt;\n|&#45; axis\l|+ Rotation()\l+ Rotation()\l+ operator[]()\l+ operator[]()\l+ operator Matrix\&lt; D, GLdouble \&gt;()\l+ operator+=()\l+ operator bool()\l+ r()\l+ r()\l}" alt="" coords="380,2253,612,2461">
<area shape="rect" href="$classVecMath_1_1Vector.html" title="{VecMath::Vector\&lt; 4 \&gt;\n|&#45; x\l|+ Vector()\l+ Vector()\l+ operator[]()\l+ operator[]()\l+ operator+=()\l+ operator&#45;=()\l+ operator*=()\l+ operator&#45;()\l+ operator&#45;()\l+ operator+()\l+ operator*()\l+ operator*()\l+ operator/()\l+ operator/()\l+ sqnorm()\l+ operator==()\l+ operator\&lt;()\l+ data()\l+ dimension()\l}" alt="" coords="573,693,725,1061">
<area shape="rect" href="$classFunction.html" title="A Function is a generalized four&#45;dimensional mathematical function." alt="" coords="687,1189,911,1717">
<area shape="rect" href="$classVecMath_1_1Vector.html" title="Vector&lt;D, N&gt;: a D&#45;dimensional vector of numbers of type N." alt="" coords="336,205,507,573">
<area shape="rect" href="$classVecMath_1_1Vector.html" title="{VecMath::Vector\&lt; 3, GLdouble \&gt;\n|&#45; x\l|+ Vector()\l+ Vector()\l+ operator[]()\l+ operator[]()\l+ operator+=()\l+ operator&#45;=()\l+ operator*=()\l+ operator&#45;()\l+ operator&#45;()\l+ operator+()\l+ operator*()\l+ operator*()\l+ operator/()\l+ operator/()\l+ sqnorm()\l+ operator==()\l+ operator\&lt;()\l+ data()\l+ dimension()\l}" alt="" coords="5,1741,221,2109">
<area shape="rect" href="$classParameterMap.html" title="A class to store and manage FunctionParameter s." alt="" coords="803,797,941,957">
<area shape="rect" href="$classValuesDialogImpl.html" title="{ValuesDialogImpl\n|&#45; parameters\l|+ ValuesDialogImpl()\l+ ~ValuesDialogImpl()\l+ setFunction()\l+ print()\l+ tmin()\l+ tmax()\l+ tsteps()\l+ dt()\l+ umin()\l+ umax()\l+ usteps()\l+ du()\l+ vmin()\l+ vmax()\l+ vsteps()\l+ dv()\l+ accept\l&#45; setParameters()\l}" alt="" coords="935,1277,1089,1629">
<area shape="rect" title="STL class." alt="" coords="852,341,1137,437">
<area shape="rect" title="STL class." alt="" coords="1399,349,1513,429">
<area shape="rect" title="STL class." alt="" coords="1113,1413,1241,1493">
<area shape="rect" title="STL class." alt="" coords="748,349,828,429">
<area shape="rect" title="STL class." alt="" coords="704,5,872,85">
<area shape="rect" href="$classUi__ValuesDialog.html" title="Base class for ValuesDialog, originally created by uic (thus the ugliness)." alt="" coords="1212,149,1375,629">
<area shape="rect" href="$classColor.html" title="A class to represent a color value by its RGBA components." alt="" coords="776,2133,971,2581">
