<area shape="rect" href="$classSurface.html" title="{Surface\n|# normal\l# NumVertices\l# F\l# X\l# Xtrans\l# Xscr\l|+ Surface()\l+ Surface()\l+ ~Surface()\l+ Transform()\l+ Project()\l+ Draw()\l+ ReInit()\l+ Data()\l+ getDefinitionSpaceDimensions()\l# df()\l# Initialize()\l# InitMem()\l# MemRequired()\l# DrawPlane()\l# DrawStrip()\l}" alt="" coords="1375,1243,1617,1656">
<area shape="rect" href="$classFunction.html" title="A Function is a generalized four&#45;dimensional mathematical function." alt="" coords="1375,7,1617,575">
<area shape="rect" href="$classComplexFunction.html" title="{ComplexFunction\n|# g\l|+ ComplexFunction()\l+ ~ComplexFunction()\l+ SetParameters()\l+ function_type()\l# f()\l# Initialize()\l}" alt="" coords="1072,1704,1240,1875">
<area shape="rect" href="$classCustomSurface.html" title="{CustomSurface\n|# f\l|+ CustomSurface()\l+ ~CustomSurface()\l}" alt="" coords="1264,1739,1419,1840">
<area shape="rect" href="$classHorizon.html" title="{Horizon\n|# f\l|+ Horizon()\l+ ~Horizon()\l}" alt="" coords="1443,1739,1549,1840">
<area shape="rect" href="$classSurface1.html" title="{Surface1\n|# f\l|+ Surface1()\l+ ~Surface1()\l}" alt="" coords="1573,1739,1688,1840">
<area shape="rect" href="$classTorus3.html" title="{Torus3\n|# f\l|+ Torus3()\l+ ~Torus3()\l}" alt="" coords="1712,1739,1811,1840">
<area shape="rect" href="$classcoshz.html" title="{coshz\n|# g\l|+ coshz()\l+ ~coshz()\l}" alt="" coords="5,1940,99,2041">
<area shape="rect" href="$classcosz.html" title="{cosz\n|# g\l|+ cosz()\l+ ~cosz()\l}" alt="" coords="123,1940,208,2041">
<area shape="rect" href="$classCustomComplexFunction.html" title="{CustomComplexFunction\n|# g\l|+ CustomComplexFunction()\l+ ~CustomComplexFunction()\l}" alt="" coords="232,1940,448,2041">
<area shape="rect" href="$classemz2.html" title="{emz2\n|# g\l&#45; alpha\l|+ emz2()\l+ ~emz2()\l+ SetParameters()\l}" alt="" coords="472,1923,616,2059">
<area shape="rect" href="$classez.html" title="{ez\n|# g\l&#45; alpha\l|+ ez()\l+ ~ez()\l+ SetParameters()\l}" alt="" coords="640,1923,784,2059">
<area shape="rect" href="$classlnz.html" title="{lnz\n|# g\l|+ lnz()\l+ ~lnz()\l}" alt="" coords="808,1940,883,2041">
<area shape="rect" href="$classPolynomial.html" title="{Polynomial\n|# g\l&#45; a\l|+ Polynomial()\l+ ~Polynomial()\l}" alt="" coords="907,1932,1032,2049">
<area shape="rect" href="$classsinhz.html" title="{sinhz\n|# g\l|+ sinhz()\l+ ~sinhz()\l}" alt="" coords="1056,1940,1147,2041">
<area shape="rect" href="$classsinz.html" title="{sinz\n|# g\l|+ sinz()\l+ ~sinz()\l}" alt="" coords="1171,1940,1253,2041">
<area shape="rect" href="$classsqrtz.html" title="{sqrtz\n|# g\l|+ sqrtz()\l+ ~sqrtz()\l}" alt="" coords="1277,1940,1365,2041">
<area shape="rect" href="$classtanz.html" title="{tanz\n|# g\l|+ tanz()\l+ ~tanz()\l}" alt="" coords="1389,1940,1475,2041">
<area shape="rect" href="$classz2.html" title="{z2\n|# g\l|+ z2()\l+ ~z2()\l}" alt="" coords="1499,1940,1571,2041">
<area shape="rect" href="$classz3.html" title="{z3\n|# g\l|+ z3()\l+ ~z3()\l}" alt="" coords="1595,1940,1667,2041">
<area shape="rect" href="$classzA.html" title="{zA\n|# g\l&#45; alpha\l|+ zA()\l+ ~zA()\l+ SetParameters()\l}" alt="" coords="1691,1923,1835,2059">
<area shape="rect" href="$classzm1.html" title="{zm1\n|# g\l|+ zm1()\l+ ~zm1()\l}" alt="" coords="1859,1940,1944,2041">
<area shape="rect" href="$classzm2.html" title="{zm2\n|# g\l|+ zm2()\l+ ~zm2()\l}" alt="" coords="1968,1940,2053,2041">
