<area shape="rect" href="$classComplexFunction.html" title="{ComplexFunction\n|# g\l|+ ComplexFunction()\l+ ~ComplexFunction()\l+ SetParameters()\l+ function_type()\l# f()\l# Initialize()\l}" alt="" coords="43,1738,211,1909">
<area shape="rect" href="$classSurface.html" title="{Surface\n|# normal\l# NumVertices\l# F\l# X\l# Xtrans\l# Xscr\l|+ Surface()\l+ Surface()\l+ ~Surface()\l+ Transform()\l+ Project()\l+ Draw()\l+ ReInit()\l+ Data()\l+ getDefinitionSpaceDimensions()\l# df()\l# Initialize()\l# InitMem()\l# MemRequired()\l# DrawStrip()\l}" alt="" coords="5,1249,248,1644">
<area shape="rect" href="$classSurfaceBase.html" title="SurfaceBase provides a base class for functions which take two parameters" alt="" coords="47,628,207,1196">
<area shape="rect" href="$classFunction.html" title="A Function is a generalized four&#45;dimensional mathematical function." alt="" coords="5,6,248,574">
<area shape="rect" href="$classCustomFunctionBase.html" title="{CustomFunctionBase\&lt; ComplexFunction::function_type \&gt;\n|# func\l&#45; handle\l&#45; valid\l|+ CustomFunctionBase()\l+ ~CustomFunctionBase()\l+ symbolic()\l+ isValid()\l# loadFunction()\l# setValid()\l# setInvalid()\l}" alt="" coords="235,1713,627,1934">
<area shape="rect" href="$classCustomFunctionBase.html" title="{CustomFunctionBase\&lt; function_type \&gt;\n|# func\l&#45; handle\l&#45; valid\l|+ CustomFunctionBase()\l+ ~CustomFunctionBase()\l+ symbolic()\l+ isValid()\l# loadFunction()\l# setValid()\l# setInvalid()\l}" alt="" coords="295,1336,567,1557">
