<area shape="rect" href="$classSurface.html#e140ab69205e1a6a73459b9e22cda019" title="allocate and initialize X[][] with values of f()" alt="" coords="381,233,499,260">
<area shape="rect" href="$classUI_1_1Dialogs_1_1PluginCreator.html#82c363a954274814e84ebeb2a61da246" title="Get the name of the selected dynamic library containing a function." alt="" coords="320,284,560,311">
<area shape="rect" href="$classCustomFunctionBase.html#d2e4b7516d73ab9ebeb9a33c6708f6b8" title="CustomFunctionBase\&lt; Surface::raw_function_type \&gt;::loadFunction" alt="" coords="248,335,632,361">
<area shape="rect" href="$classCustomFunctionBase.html#deba6cb6f2a94795aac27f22783193b1" title="Signify failure in loading the function." alt="" coords="257,385,623,412">
<area shape="rect" href="$classCustomFunctionBase.html#5bfbc3ddb6bf716ec25672e903cca40e" title="Signify success in loading the function." alt="" coords="261,436,619,463">
<area shape="rect" href="$classSurfaceBase.html#ba6ce6327e509663e484560f849d03f1" title="The mathematical function defining the Function object." alt="" coords="728,5,827,32">
<area shape="rect" href="$classSurfaceBase.html#c1b7c91a12ac9ad433c27d8ad9f6067c" title="delta in t" alt="" coords="715,56,840,83">
<area shape="rect" href="$classSurfaceBase.html#b374ba3db9a0339e6a5aaa230d1a76ca" title="delta in u" alt="" coords="713,107,841,133">
<area shape="rect" href="$classSurfaceBase.html#73cd034a8689e0f9fbd796f8e7423fcb" title="min. value of the first parameter, t" alt="" coords="708,157,847,184">
<area shape="rect" href="$classSurfaceBase.html#761208b17975a6c343774b5ca467ed2b" title="number of steps in t" alt="" coords="961,221,1108,248">
<area shape="rect" href="$classSurfaceBase.html#ed7d2013bca3eb15eb1abcc8e72cbd58" title="min. value of the second parameter, u" alt="" coords="707,411,848,437">
<area shape="rect" href="$classSurfaceBase.html#d8c79625fa46d8c5ebbda58f0dd9eb5d" title="number of steps in u" alt="" coords="961,297,1108,324">
<area shape="rect" href="$classSurface.html#f77d456ed7b5d495f4a54978ab5f4acc" title="Initialize the temporary storage areas Xscr[][], Xtrans[][]." alt="" coords="720,259,835,285">
<area shape="rect" href="libstdc++.tag$a01419.html#59d21f4ea322bb5166a2de7bbdf55b4c" title="std::vector::resize" alt="" coords="977,355,1092,381">
<area shape="rect" href="$classLoki_1_1SingletonHolder.html#52a113a9dc9aa53a5ab777c573f9fa28" title="Returns a reference to singleton object." alt="" coords="681,461,873,488">
<area shape="rect" href="$classLoki_1_1SingletonHolder.html#d944c37d85028f4046d4e1f78f133710" title="create singleton object" alt="" coords="923,461,1147,488">
