<area shape="rect" href="$classScript_1_1DeltaStmt.html" title="&quot;transform_step &lt;rotation&gt;&quot;" alt="" coords="179,2024,301,2120">
<area shape="rect" href="$classScript_1_1XformStmt.html" title="&quot;transform &lt;rotation&gt;&quot;" alt="" coords="176,1861,304,1973">
<area shape="rect" href="$classScript_1_1Statement.html" title="Base class for all possible statements in a script." alt="" coords="63,1621,188,1765">
<area shape="rect" href="$classScript_1_1Parser.html" title="Parser reads a file and executes the commands in it in a C4DView." alt="" coords="73,1349,177,1493">
<area shape="rect" href="$classUI_1_1View.html" title="Interface to display four&#45;dimensional objects." alt="" coords="5,437,179,1253">
<area shape="rect" href="libstdc++.tag$a01419.html" title="{std::vector\&lt; std::string \&gt;\n||}" alt="" coords="203,805,368,885">
<area shape="rect" href="libstdc++.tag$a00960.html" title="{std::_Vector_base\&lt; _Tp, _Alloc \&gt;\n||}" alt="" coords="237,149,456,229">
<area shape="rect" href="libstdc++.tag$a01419.html" title="STL class." alt="" coords="136,293,309,373">
<area shape="rect" href="libstdc++.tag$a00961.html" title="{std::_Vector_base\&lt; _Tp, _Alloc \&gt;::_Vector_impl\n||}" alt="" coords="193,5,500,85">
<area shape="rect" href="$classVecMath_1_1Rotation.html" title="{VecMath::Rotation\&lt; 4 \&gt;\n|&#45; axis\l|+ Rotation()\l+ Rotation()\l+ operator[]()\l+ operator[]()\l+ operator Matrix\&lt; D, double \&gt;()\l+ operator+=()\l+ operator bool()\l+ r()\l+ r()\l}" alt="" coords="212,1589,425,1797">
<area shape="rect" href="$classVecMath_1_1Rotation.html" title="Rotation in D&#45;dimensional space defined by angles about the main axes." alt="" coords="227,1317,411,1525">
