<area shape="rect" href="$classC4DView.html#5ec81f7d64c4678cbe44bfad9d2acb65" title="Implementation of UI::View::animate." alt="" coords="1131,5,1261,32">
<area shape="rect" href="$classC4DView.html#638fd2fe648c1fcd8f9a3ac03ac8f6b4" title="Draw the projection into an OpenGL display list, but not yet on screen." alt="" coords="181,323,333,349">
<area shape="rect" href="$classC4DView.html#3c797ad72f10f9d43d720a45cd60509a" title="Called once before the first call to paintGL() or resizeGL(), reimplemented from..." alt="" coords="599,449,748,476">
<area shape="rect" href="$classC4DView.html#8d3fbc1fbe82b40046652bca8bde9605" title="Draw the transformed and projected function onto the screen." alt="" coords="820,309,951,336">
<area shape="rect" href="$classC4DView.html#b9561bdd967e89d314f7eda6de32b2bc" title="Wrapper for displaying OpenGL display lists." alt="" coords="383,399,548,425">
<area shape="rect" href="$classC4DView.html#54cf3b6bbb8bf1eed47afc6da5fcebe2" title="C4DView::writeFrame" alt="" coords="389,272,541,299">
<area shape="rect" href="$classC4DView.html#128fc82da387471fbd9c88fe35263e8f" title="Implementation of UI::View::setColors." alt="" coords="815,563,956,589">
<area shape="rect" href="$classC4DView.html#530cab21c7ae4ab78eeff14e7f89a879" title="Implementation of UI::View::applyTransform." alt="" coords="1107,157,1285,184">
<area shape="rect" href="$classC4DView.html#60f45904ff9b227fdf426b5960fa4130" title="rotate in 4D 360 degrees" alt="" coords="1112,208,1280,235">
<area shape="rect" href="$group__UIHelpers.html#gb4150e26778debfb3de8214203578a41" title="C++ Template Implementation: CustomFunctionSlot." alt="" coords="1023,259,1369,285">
<area shape="rect" href="$classC4DView_1_1CustomFunctionSlot.html#2eaaaf653f2d1bbfe3a2b416f33e4b08" title="Factory method to create a new customized Function of type R^2&#45;&gt;R^4." alt="" coords="1025,309,1367,336">
<area shape="rect" href="$classC4DView_1_1MouseHandler4D.html#681ee2ee24d1528a92b6ec0ff4dad9c2" title="Double click event handler." alt="" coords="1025,360,1367,387">
<area shape="rect" href="$classC4DView_1_1MouseHandler4D.html#a81a97ec93c32f1acaa142706b3b6814" title="Mouse move event handler." alt="" coords="1045,613,1347,640">
<area shape="rect" href="$classC4DView.html#2b8270b08a2a62faa7381adcd83715af" title="Implementation of UI::View::ObjectGasket." alt="" coords="1113,411,1279,437">
<area shape="rect" href="$classC4DView.html#bc3a4f6e3276734aa70e0853f0df6022" title="Implementation of UI::View::ObjectHypercube." alt="" coords="1103,461,1289,488">
<area shape="rect" href="$classC4DView.html#951f672d7d323bb799c1ab18d412e1d7" title="Implementation of UI::View::ObjectHyperpyramid." alt="" coords="1093,512,1299,539">
<area shape="rect" href="$classC4DView.html#395baf447937415a0f3366c4d1c529ee" title="Implementation of UI::View::ObjectHypersponge." alt="" coords="1095,563,1297,589">
<area shape="rect" href="$classC4DView.html#eb4ec12aada637e796110fe8172d12ff" title="Implementation of UI::View::setCoordinates." alt="" coords="1109,56,1283,83">
<area shape="rect" href="$classC4DView.html#b8007107aba8c57dd39063be93ca8f96" title="Implementation of UI::View::setHyperfog." alt="" coords="1117,107,1275,133">
<area shape="rect" href="$classC4DView.html#6dc432e565b97c2aa6f2273bbe4135c7" title="Double click event handler, reimplemented from QWidget." alt="" coords="1420,360,1649,387">
<area shape="rect" href="$classC4DView.html#1b5e87b494b99e3705c64e924480f4ef" title="Mouse move event handler, reimplemented from QWidget." alt="" coords="1439,613,1631,640">
<area shape="rect" href="$classC4DView.html#1d7079e8957ce7e685531a3f9062c468" title="C4DView constructor." alt="" coords="1465,461,1604,488">
<area shape="rect" href="$classC4DView.html#e8db20fdfebe8d979f90ff303305a79d" title="Paint event handler, called whenever the object is transformed." alt="" coords="607,399,740,425">
<area shape="rect" href="$classC4DView.html#8a01e49be6af9cab84880a176b7c42ae" title="rotate in 3D 360 degrees" alt="" coords="801,360,969,387">
<area shape="rect" href="$classC4DView.html#5ff6e70d47395827f5ef14793253c8d0" title="Paint event handler, reimplemented from QGLWidget." alt="" coords="812,411,959,437">
<area shape="rect" href="$classC4DView.html#504fd428909b35e3d80506a0235eac3e" title="Implementation of UI::View::setBackground." alt="" coords="799,461,972,488">
