<area shape="rect" href="$classCustomFunction.html" title="{CustomFunction\n|# f\l|+ CustomFunction()\l+ ~CustomFunction()\l}" alt="" coords="305,2824,441,2920">
<area shape="rect" href="$classRealFunction.html" title="A RealFunction is a mathematical function &#160;." alt="" coords="89,2437,297,2773">
<area shape="rect" href="$classRealBase.html" title="RealBase provides a base class for functions which take three parameters" alt="" coords="207,1605,348,2373">
<area shape="rect" href="$classFunction.html" title="A Function is a generalized four&#45;dimensional mathematical function." alt="" coords="209,1013,417,1541">
<area shape="rect" href="$classVecMath_1_1Vector.html" title="{VecMath::Vector\&lt; 4 \&gt;\n|&#45; x\l|+ Vector()\l+ Vector()\l+ operator[]()\l+ operator[]()\l+ operator+=()\l+ operator&#45;=()\l+ operator*=()\l+ operator&#45;()\l+ operator&#45;()\l+ operator+()\l+ operator*()\l+ operator*()\l+ operator/()\l+ operator/()\l+ sqnorm()\l+ operator==()\l+ operator\&lt;()\l+ data()\l+ dimension()\l}" alt="" coords="93,581,235,949">
<area shape="rect" href="$classVecMath_1_1Vector.html" title="Vector&lt;D, N&gt;: a D&#45;dimensional vector of numbers of type N." alt="" coords="5,149,168,517">
<area shape="rect" href="$classParameterMap.html" title="A class to store and manage FunctionParameter s." alt="" coords="259,685,384,845">
<area shape="rect" title="STL class." alt="" coords="192,285,451,381">
<area shape="rect" title="STL class." alt="" coords="475,293,581,373">
<area shape="rect" title="STL class." alt="" coords="605,293,680,373">
<area shape="rect" title="STL class." alt="" coords="567,5,719,85">
<area shape="rect" href="$classCustomFunctionBase.html" title="{CustomFunctionBase\&lt; RealFunction::raw_function_type \&gt;\n|# func\l&#45; handle\l&#45; valid\l|+ CustomFunctionBase()\l+ ~CustomFunctionBase()\l+ symbolic()\l+ isValid()\l# loadFunction()\l# setValid()\l# setInvalid()\l}" alt="" coords="321,2501,657,2709">
<area shape="rect" href="$classCustomFunctionBase.html" title="{CustomFunctionBase\&lt; function_type \&gt;\n|# func\l&#45; handle\l&#45; valid\l|+ CustomFunctionBase()\l+ ~CustomFunctionBase()\l+ symbolic()\l+ isValid()\l# loadFunction()\l# setValid()\l# setInvalid()\l}" alt="" coords="373,1885,605,2093">
