<area shape="rect" href="$classFunction.html#a490e914a7cd65862ba7956fd558553e" title="Add a parameter to the list of parameters." alt="" coords="164,157,332,184">
<area shape="rect" href="$classSponge.html#b552ce65169a2b44bc93e86dbba76a25" title="This function actually creates the hypersponge." alt="" coords="191,284,305,311">
<area shape="rect" href="$classFunction.html#575a3d4270fb0aa9ec4e4b433ae5bffc" title="Define the name of the Function." alt="" coords="165,335,331,361">
<area shape="rect" href="libstdc++.tag$a01208.html#1c6e8eff4b690989cc1a3f746e68fb30" title="std::map::end" alt="" coords="432,157,525,184">
<area shape="rect" href="libstdc++.tag$a01208.html#526e24c01961896c5c0c8491d75258be" title="std::map::find" alt="" coords="431,5,527,32">
<area shape="rect" href="$classFunction.html#04cb73563ed4bb916fe52c94b3d25a5c" title="Declare a new parameter for the Function." alt="" coords="399,56,559,83">
<area shape="rect" href="$classLoki_1_1SingletonHolder.html#52a113a9dc9aa53a5ab777c573f9fa28" title="Returns a reference to singleton object." alt="" coords="383,259,575,285">
<area shape="rect" href="libstdc++.tag$a01815.html#403e6a8a62730a30d087c2c6b83d5d9a" title="std::make_pair" alt="" coords="429,107,528,133">
<area shape="rect" href="libstdc++.tag$a01419.html#46ff71bb6fd1bab7b6dc210bf40c57ce" title="std::vector::push_back" alt="" coords="408,208,549,235">
<area shape="rect" href="libstdc++.tag$a01208.html#d1f7f9d083edd4d1af36d12592c6fa5d" title="std::map::insert" alt="" coords="684,56,788,83">
<area shape="rect" href="$classLoki_1_1SingletonHolder.html#d944c37d85028f4046d4e1f78f133710" title="create singleton object" alt="" coords="624,259,848,285">
<area shape="rect" href="libstdc++.tag$a01815.html#238e5e294eeb80752bfb1026e68e4bcc" title="abs" alt="" coords="460,309,497,336">
<area shape="rect" href="libstdc++.tag$a01815.html#10ebe236b3a6e1c3f67686162aa3e7ce" title="endl" alt="" coords="457,360,500,387">
<area shape="rect" href="$classFunction.html#d6a10b999b0d561d36a473d461c62311" title="Return the approximate amount of memory needed to display a Function of current definition..." alt="" coords="403,411,555,437">
