<area shape="rect" href="$classC4DView.html" title="Displays and manipulates four&#45;dimensional Functions in a QGLWidget." alt="" coords="1113,2581,1289,4565">
<area shape="rect" href="$classC4DView_1_1MouseHandler4D.html" title="{C4DView::MouseHandler4D\n|&#45; parent\l&#45; m_LeftDownPos\l&#45; m_MidDownPos\l&#45; m_RightDownPos\l&#45; m_TakingSpinValues\l|+ MouseHandler4D()\l+ ~MouseHandler4D()\l+ mouseMoveEvent()\l+ mousePressEvent()\l+ mouseReleaseEvent()\l+ mouseDoubleClickEvent()\l&#45; setm_LeftDownPos()\l&#45; LeftDownPos()\l&#45; setm_MidDownPos()\l&#45; MidDownPos()\l&#45; setm_RightDownPos()\l&#45; RightDownPos()\l&#45; setTakingSpinValues()\l&#45; TakingSpinValues()\l}" alt="" coords="935,4797,1113,5149">
<area shape="rect" href="$classC4DView_1_1Menu4D.html" title="The menu for the C4DView and handlers for menu events." alt="" coords="1137,4629,1303,5317">
<area shape="rect" href="$classUI_1_1ViewImpl.html" title="Interface with attributes to display four&#45;dimensional objects." alt="" coords="392,1637,552,2501">
<area shape="rect" href="$classUI_1_1View.html" title="Interface to display four&#45;dimensional objects." alt="" coords="392,629,552,1381">
<area shape="rect" href="$classVecMath_1_1Rotation.html" title="{VecMath::Rotation\&lt; 4 \&gt;\n|&#45; axis\l|+ Rotation()\l+ Rotation()\l+ operator[]()\l+ operator[]()\l+ operator Matrix\&lt; D, double \&gt;()\l+ operator+=()\l+ operator bool()\l+ r()\l+ r()\l}" alt="" coords="576,901,776,1109">
<area shape="rect" href="$classVecMath_1_1Rotation.html" title="Rotation in D&#45;dimensional space defined by angles about the main axes." alt="" coords="707,357,880,565">
<area shape="rect" href="$classVecMath_1_1Rotation.html" title="{VecMath::Rotation\&lt; 3, GLdouble \&gt;\n|&#45; axis\l|+ Rotation()\l+ Rotation()\l+ operator[]()\l+ operator[]()\l+ operator Matrix\&lt; D, GLdouble \&gt;()\l+ operator+=()\l+ operator bool()\l+ r()\l+ r()\l}" alt="" coords="697,1405,913,1613">
<area shape="rect" href="libstdc++.tag$a01015.html" title="{std::auto_ptr\&lt; Function \&gt;\n||}" alt="" coords="5,965,163,1045">
<area shape="rect" href="libstdc++.tag$a01015.html" title="STL class." alt="" coords="624,253,755,333">
<area shape="rect" href="libstdc++.tag$a01208.html" title="STL class." alt="" coords="975,149,1225,229">
<area shape="rect" href="libstdc++.tag$a01419.html" title="STL class." alt="" coords="1241,965,1404,1045">
<area shape="rect" href="$classColor.html" title="A class to represent a color value by its RGBA components." alt="" coords="187,781,368,1229">
<area shape="rect" href="$classVecMath_1_1Vector.html" title="{VecMath::Vector\&lt; 4 \&gt;\n|&#45; x\l|+ Vector()\l+ Vector()\l+ operator[]()\l+ operator[]()\l+ operator+=()\l+ operator&#45;=()\l+ operator*=()\l+ operator&#45;()\l+ operator&#45;()\l+ operator+()\l+ operator*()\l+ operator*()\l+ operator/()\l+ operator/()\l+ sqnorm()\l+ operator==()\l+ operator\&lt;()\l+ data()\l+ dimension()\l}" alt="" coords="1924,1885,2065,2253">
<area shape="rect" href="$classVecMath_1_1Vector.html" title="Vector&lt;D, N&gt;: a D&#45;dimensional vector of numbers of type N." alt="" coords="1809,821,1972,1189">
<area shape="rect" href="$classVecMath_1_1Vector.html" title="{VecMath::Vector\&lt; 3, GLdouble \&gt;\n|&#45; x\l|+ Vector()\l+ Vector()\l+ operator[]()\l+ operator[]()\l+ operator+=()\l+ operator&#45;=()\l+ operator*=()\l+ operator&#45;()\l+ operator&#45;()\l+ operator+()\l+ operator*()\l+ operator*()\l+ operator/()\l+ operator/()\l+ sqnorm()\l+ operator==()\l+ operator\&lt;()\l+ data()\l+ dimension()\l}" alt="" coords="1697,1885,1900,2253">
<area shape="rect" href="$classUI_1_1Dialogs_1_1ValuesDialogImpl.html" title="A Dialog to enter parameters for the displayed function." alt="" coords="839,1893,1028,2245">
<area shape="rect" href="$classUI_1_1Dialogs_1_1ValuesDialog.html" title="Base class for ValuesDialogImpl, originally created by uic." alt="" coords="851,765,1016,1245">
<area shape="rect" href="$classParameterMap.html" title="A class to store and manage FunctionParameter s." alt="" coords="1040,925,1165,1085">
<area shape="rect" href="libstdc++.tag$a01208.html" title="{std::map\&lt; std::string, FunctionParameter * \&gt;\n||}" alt="" coords="972,421,1231,501">
<area shape="rect" href="libstdc++.tag$a01419.html" title="{std::vector\&lt; std::vector\&lt; VecMath::Vector\&lt; 4 \&gt; \&gt; \&gt;\n||}" alt="" coords="1052,2029,1351,2109">
<area shape="rect" href="libstdc++.tag$a00960.html" title="{std::_Vector_base\&lt; _Tp, _Alloc \&gt;\n||}" alt="" coords="1463,421,1665,501">
<area shape="rect" href="libstdc++.tag$a01419.html" title="{std::vector\&lt; std::vector\&lt; VecMath::Vector\&lt; 3 \&gt; \&gt; \&gt;\n||}" alt="" coords="1375,2029,1673,2109">
<area shape="rect" href="libstdc++.tag$a00961.html" title="{std::_Vector_base\&lt; _Tp, _Alloc \&gt;::_Vector_impl\n||}" alt="" coords="1421,149,1707,229">
<area shape="rect" title="STL class." alt="" coords="2089,2029,2164,2109">
<area shape="rect" href="libstdc++.tag$a01039.html" title="{std::basic_string\&lt; char \&gt;\n||}" alt="" coords="2051,965,2203,1045">
<area shape="rect" href="libstdc++.tag$a01039.html" title="STL class." alt="" coords="1997,421,2256,501">
<area shape="rect" href="$classRealFunctionFactory.html" title="Abstract base class for a factory creating Function&#39;s." alt="" coords="1324,3517,1484,3629">
