<area shape="rect" href="$classScript_1_1ColorStmt.html" title="&quot;color &lt;bool&gt;&quot;" alt="" coords="5,376,136,477">
<area shape="rect" href="$classScript_1_1CoordsStmt.html" title="&quot;coordinates &lt;bool&gt;&quot;" alt="" coords="160,376,304,477">
<area shape="rect" href="$classScript_1_1Fog4DStmt.html" title="&quot;depthcue4d &lt;bool&gt;&quot;" alt="" coords="328,376,467,477">
<area shape="rect" href="$classScript_1_1FogStmt.html" title="&quot;depthcue3d &lt;bool&gt;&quot;" alt="" coords="491,376,611,477">
<area shape="rect" href="$classScript_1_1LightStmt.html" title="&quot;lighting &lt;bool&gt;&quot;" alt="" coords="635,376,763,477">
<area shape="rect" href="$classScript_1_1ShadingStmt.html" title="&quot;shading &lt;bool&gt;&quot;" alt="" coords="787,376,936,477">
<area shape="rect" href="$classScript_1_1SolidStmt.html" title="&quot;solid &lt;bool&gt;&quot;" alt="" coords="960,376,1088,477">
<area shape="rect" href="$classScript_1_1TransStmt.html" title="&quot;transparence &lt;bool&gt;&quot;" alt="" coords="1112,376,1243,477">
<area shape="rect" href="$classScript_1_1WireStmt.html" title="&quot;wireframe &lt;bool&gt;&quot;" alt="" coords="1267,376,1392,477">
<area shape="rect" href="$classScript_1_1Statement.html" title="Base class for all possible statements in a script." alt="" coords="631,7,767,159">
