<area shape="rect" href="$classScript_1_1BoolStatement.html" title="Statement with a single boolean parameter." alt="" coords="85,1839,248,1956">
<area shape="rect" href="$classScript_1_1Statement.html" title="Base class for all possible statements in a script." alt="" coords="99,1633,235,1785">
<area shape="rect" href="$classScript_1_1Parser.html" title="Parser reads a file and executes the commands in it in a C4DView." alt="" coords="113,1412,220,1564">
<area shape="rect" href="$classUI_1_1View.html" title="Interface to display four&#45;dimensional objects." alt="" coords="5,463,192,1343">
<area shape="rect" href="libstdc++.tag$a01419.html" title="{std::vector\&lt; std::string \&gt;\n||}" alt="" coords="216,861,400,944">
<area shape="rect" href="libstdc++.tag$a00960.html" title="{std::_Vector_base\&lt; _Tp, _Alloc \&gt;\n||}" alt="" coords="253,159,485,241">
<area shape="rect" href="libstdc++.tag$a01419.html" title="STL class." alt="" coords="145,311,332,393">
<area shape="rect" href="libstdc++.tag$a00961.html" title="{std::_Vector_base\&lt; _Tp, _Alloc \&gt;::_Vector_impl\n||}" alt="" coords="208,7,531,89">
