<area shape="rect" href="$classRealFunction.html#37c91ed60f82198f48dfab887dd743c3" title="Allocate and initialize X[][][] with values of f()." alt="" coords="396,284,543,311">
<area shape="rect" href="$classPluginCreator.html#4b0c4aa6bb17649c888f720f96741c6d" title="Get the name of the selected dynamic library containing a function." alt="" coords="384,335,555,361">
<area shape="rect" href="$classCustomFunctionBase.html#d2e4b7516d73ab9ebeb9a33c6708f6b8" title="CustomFunctionBase\&lt; RealFunction::raw_function_type \&gt;::loadFunction" alt="" coords="261,385,677,412">
<area shape="rect" href="$classRealBase.html#c2cd018b4108455a6daa23d78b2064a6" title="The mathematical function defining the Function object." alt="" coords="781,5,864,32">
<area shape="rect" href="$classRealBase.html#a738a408ed73025d34db4ff0c4779ce1" title="delta in t" alt="" coords="768,56,877,83">
<area shape="rect" href="$classRealBase.html#d8aa90547179197a84a55b11fa9efb59" title="delta in u" alt="" coords="767,107,879,133">
<area shape="rect" href="$classRealBase.html#04608c269de0bb85c988f6f55c246631" title="delta in v" alt="" coords="767,157,879,184">
<area shape="rect" href="$classRealBase.html#f9dcdf6e54c56a0875afa605bbfafff7" title="min. value of the first parameter, t" alt="" coords="761,208,884,235">
<area shape="rect" href="$classRealBase.html#13591cf37427643c8cab25ab5e8b05f5" title="number of steps in t" alt="" coords="1015,272,1145,299">
<area shape="rect" href="$classRealBase.html#94d43f8cf311879c3d773bfceb9e04f4" title="min. value of the second parameter, u" alt="" coords="760,461,885,488">
<area shape="rect" href="$classRealBase.html#484ca78d73b9140e77dc26d626e90b88" title="number of steps in u" alt="" coords="1015,348,1145,375">
<area shape="rect" href="$classRealBase.html#f79ee0c5a0488dddd613e65f9676b240" title="min. value of the third parameter, v" alt="" coords="760,512,885,539">
<area shape="rect" href="$classRealBase.html#4c12bdcab988ba1efa81d7f23504bc9d" title="number of steps in v" alt="" coords="1015,405,1145,432">
<area shape="rect" href="$classRealFunction.html#1905c4297b0f6b4f91a3b24b55b62eea" title="Initialize the temporary storage areas." alt="" coords="749,309,896,336">
<area shape="rect" href="$classLoki_1_1SingletonHolder.html#52a113a9dc9aa53a5ab777c573f9fa28" title="Returns a reference to singleton object." alt="" coords="727,563,919,589">
<area shape="rect" href="$classLoki_1_1SingletonHolder.html#d944c37d85028f4046d4e1f78f133710" title="create singleton object" alt="" coords="968,563,1192,589">
