<area shape="rect" href="$classHypercube.html" title="A four&#45;dimensional cube." alt="" coords="8,915,139,1107">
<area shape="rect" href="$classPyramid.html" title="A four&#45;dimensional pyramid, also known as hypersimplex." alt="" coords="180,923,316,1099">
<area shape="rect" href="$classRotope.html" title="A four&#45;dimensional Rotope." alt="" coords="349,947,453,1075">
<area shape="rect" href="$classvertex__data.html" title="Base class for all Rotope s. This class may vanish, as Object can take its place..." alt="" coords="481,907,607,1115">
<area shape="rect" href="$classvertex__data.html" title="{vertex_data\&lt; 4 \&gt;\n|&#45; _dimension\l&#45; _X\l&#45; _surface\l|+ print()\l# vertex_data()\l# addSurface()\l# addSurface()\l# dimension()\l# X()\l# surface()\l}" alt="" coords="643,1219,765,1427">
<area shape="rect" href="$classFunction.html" title="A Function is a generalized four&#45;dimensional mathematical function." alt="" coords="289,5,513,533">
<area shape="rect" href="$classSponge.html" title="A four&#45;dimensional Menger Sponge." alt="" coords="5,1179,136,1467">
<area shape="rect" href="$classGasket.html" title="A four&#45;dimensional version of the Sierpinski Gasket." alt="" coords="160,1195,291,1451">
<area shape="rect" href="$classextrude__base.html" title="Base class for Extrude classes, providing the actual extrude() function." alt="" coords="315,1267,451,1379">
<area shape="rect" href="$classtaper__base.html" title="Base class for Taper classes, providing the actual taper() function." alt="" coords="475,1259,619,1387">
<area shape="rect" href="$classExtrude_3_01D_00_01Dmin_00_01Dmin_01_4.html" title="Specialization of Extrude&lt;D,Dmin,Dmax&gt; to end recursion." alt="" coords="276,1517,455,1613">
<area shape="rect" href="$classTaper_3_01D_00_01Dmin_00_01Dmin_01_4.html" title="Specialization of Taper&lt;D,Dmin,Dmax&gt; to end recursion." alt="" coords="479,1525,647,1605">
