<area shape="rect" href="$classC4DView_1_1Menu4D.html#7ffe2f1f4d1f407ef16fca9c023d4e26" title="Add the menu to a QMenuBar." alt="" coords="193,943,415,969">
<area shape="rect" href="$classLoki_1_1SingletonHolder.html#52a113a9dc9aa53a5ab777c573f9fa28" title="Returns a reference to singleton object." alt="" coords="1629,791,1821,817">
<area shape="rect" href="$classUI_1_1ViewImpl.html#7d0098100c1a7e5e9af8808072ab68da" title="UI::ViewImpl::F" alt="" coords="1669,461,1781,488">
<area shape="rect" href="$classC4DView.html#04a35de24dbf03d029afc5d0be93ec11" title="Initialize structures to display a four&#45;dimensional coordinate cross." alt="" coords="239,233,369,260">
<area shape="rect" href="$classC4DView.html#bc3a4f6e3276734aa70e0853f0df6022" title="Implementation of UI::View::ObjectHypercube." alt="" coords="216,360,392,387">
<area shape="rect" href="$classC4DView.html#5a783209571030da60229d60dfef66f2" title="Re&#45;Implementation of UI::ViewImpl::setLighting." alt="" coords="232,1019,376,1045">
<area shape="rect" href="$classLoki_1_1SingletonHolder.html#d944c37d85028f4046d4e1f78f133710" title="create singleton object" alt="" coords="1909,791,2133,817">
<area shape="rect" href="libstdc++.tag$a01419.html#59d21f4ea322bb5166a2de7bbdf55b4c" title="std::vector::resize" alt="" coords="491,183,605,209">
<area shape="rect" href="$classC4DView.html#e38186ceacf6c4e6b13de7bee6cd8bda" title="Called whenever an object or the parameters have changed." alt="" coords="1075,309,1232,336">
<area shape="rect" href="$classC4DView.html#8d3fbc1fbe82b40046652bca8bde9605" title="Draw the transformed and projected function onto the screen." alt="" coords="487,613,609,640">
<area shape="rect" href="$classUI_1_1ViewImpl.html#e04c92a2f0580b1830b1cbfcca1c6715" title="Implementation of UI::View::setFunction." alt="" coords="485,284,611,311">
<area shape="rect" href="$classC4DView_1_1Menu4D.html#825a245cf67d222bf15c26e5cc7a70b9" title="Set the selected function as checked and uncheck all the others." alt="" coords="1285,81,1536,108">
<area shape="rect" href="libstdc++.tag$a01015.html#bc36e1cfdc9c7940e3fea50de14560cd" title="std::auto_ptr::get" alt="" coords="1355,233,1467,260">
<area shape="rect" href="$classUI_1_1Dialogs_1_1ValuesDialogImpl.html#dde4d7e444559027ba40b01581fee768" title="Adjust the display according to the Function whose Parameters are controlled." alt="" coords="1281,157,1540,184">
<area shape="rect" href="$classC4DView.html#16d5190870a166c65a20c59368ca0f2f" title="Overloaded function executing the transform to the default state." alt="" coords="1341,284,1480,311">
<area shape="rect" href="$classC4DView.html#d37702c9ecc5cbf124df84d0263734b9" title="display some info about current object and its transformations" alt="" coords="1335,335,1487,361">
<area shape="rect" href="$classUI_1_1Dialogs_1_1ValuesDialogImpl.html#1d1c6c3ea67ac213f4ce937ea1601fff" title="Adjust the displayed parameter fields to the parameters the function needs." alt="" coords="1589,157,1861,184">
<area shape="rect" href="libstdc++.tag$a01208.html#fd7a61b93062043afa5b158ada25351e" title="std::map::begin" alt="" coords="1969,56,2073,83">
<area shape="rect" href="libstdc++.tag$a01208.html#1c6e8eff4b690989cc1a3f746e68fb30" title="std::map::end" alt="" coords="1975,107,2068,133">
<area shape="rect" href="libstdc++.tag$a01846.html#gdf513d2c47a98f2cd60f7dc86a343589" title="value" alt="" coords="1996,157,2047,184">
<area shape="rect" href="$classUI_1_1ViewImpl.html#a5594df1772137ac86e25b9f8435dc04" title="UI::ViewImpl::R" alt="" coords="1965,284,2077,311">
<area shape="rect" href="$classUI_1_1ViewImpl.html#be101a806860df3ab01616e3c092abdc" title="UI::ViewImpl::setR" alt="" coords="1661,309,1789,336">
<area shape="rect" href="$classUI_1_1ViewImpl.html#c116c3e53e586a0036fde67863580190" title="UI::ViewImpl::setT" alt="" coords="1663,360,1788,387">
<area shape="rect" href="$classUI_1_1ViewImpl.html#4df75156fbe950971ef1564ba8e873fe" title="UI::ViewImpl::T" alt="" coords="1669,208,1781,235">
<area shape="rect" href="$classC4DView.html#0b8d96f3304d94af1bac8854c908842f" title="Keep all rotation angles in the interval [&#45;360 degrees, 360 degrees]." alt="" coords="1615,411,1836,437">
<area shape="rect" href="$classUI_1_1ViewImpl.html#4a1ddf4d94623c7a94e8eb5809acf626" title="Add a Rotation to the current rotation state." alt="" coords="1956,436,2087,463">
<area shape="rect" href="libstdc++.tag$a01815.html#42fec2f6c6429a447bea8a40720a143a" title="fabs" alt="" coords="2000,385,2043,412">
<area shape="rect" href="$classC4DView.html#be8e58d21b0e1c513b10afa294b162b2" title="Paint event handler, reimplemented from QGLWidget." alt="" coords="681,715,820,741">
<area shape="rect" href="$classC4DView.html#638fd2fe648c1fcd8f9a3ac03ac8f6b4" title="Draw the projection into an OpenGL display list, but not yet on screen." alt="" coords="1083,613,1224,640">
<area shape="rect" href="$classUI_1_1ViewImpl.html#03d77f320d7aada22c143646b40925d3" title="UI::ViewImpl::getSolid" alt="" coords="873,689,1023,716">
<area shape="rect" href="$classC4DView.html#b9561bdd967e89d314f7eda6de32b2bc" title="Wrapper for displaying OpenGL display lists." alt="" coords="872,740,1024,767">
<area shape="rect" href="libstdc++.tag$a01815.html#10ebe236b3a6e1c3f67686162aa3e7ce" title="endl" alt="" coords="1132,791,1175,817">
<area shape="rect" href="libstdc++.tag$a01815.html#2107b37641fcd1f3d16ecc9c0a18041f" title="exit" alt="" coords="1133,689,1173,716">
<area shape="rect" href="$classUI_1_1ViewImpl.html#756d50cd0f539f632b4ffe0d28f93559" title="UI::ViewImpl::getCoordinates" alt="" coords="1633,588,1817,615">
<area shape="rect" href="$classC4DView.html#37a8191d956104629a6182ba86755cd1" title="draw the coordinate cross (on screen or int GL list) */" alt="" coords="1323,689,1499,716">
<area shape="rect" href="$classC4DView.html#b9ec4da2c4a27a95302759968c3b9d90" title="Execute the projection into three&#45;space (but don&#39;t draw it yet either)." alt="" coords="1351,537,1471,564">
<area shape="rect" href="libstdc++.tag$a01015.html#1d78a540221e616997c2df6c98dd6765" title="std::auto_ptr::reset" alt="" coords="691,284,811,311">
<area shape="rect" href="$classC4DView_1_1Menu4D.html#2dfc9833855fee3fb25d13456f47bc26" title="Search for the QAction associated with a menu item." alt="" coords="1631,56,1820,83">
<area shape="rect" href="libstdc++.tag$a01208.html#f5510c6ab84eb61a7fd8a109dadcf78d" title="std::map::count" alt="" coords="1969,5,2073,32">
<area shape="rect" href="$classUI_1_1ViewImpl.html#880766a85ec37dda07e1f70952aa178e" title="UI::ViewImpl::getLighting" alt="" coords="465,1044,631,1071">
<area shape="rect" href="$classLightOpenGL.html#61df071bddf2bec6b661cacb92af352a" title="Set the light source into the scene." alt="" coords="479,1095,617,1121">
<area shape="rect" href="$classLight.html#a2332c0ee16fc118f349aab1b42fab96" title="Light::getAmbient" alt="" coords="691,1171,811,1197">
<area shape="rect" href="$classLight.html#e65ef17266718bb2c23e72790239095f" title="Light::getDiffuse" alt="" coords="695,1019,807,1045">
<area shape="rect" href="$classLight.html#a6abf89003d767c58e13e561b3d905e7" title="Light::getPosition" alt="" coords="692,1069,809,1096">
<area shape="rect" href="$classLight.html#0a6aa46e46d2c42251e130d3fe4d9256" title="Light::getSpecular" alt="" coords="691,1120,811,1147">
<area shape="rect" href="$classLightSource.html#f4b09a4070f6a5eadccf40f64cd69400" title="LightSource::getAmbient" alt="" coords="869,1171,1027,1197">
<area shape="rect" href="$classLightSource.html#e1dc10220427ce52e2d2eb9f7e9f805f" title="LightSource::getDiffuse" alt="" coords="873,1019,1023,1045">
<area shape="rect" href="$classLightSource.html#db0cbfc26e31e589a3472972ac05368b" title="LightSource::getPosition" alt="" coords="871,1069,1025,1096">
<area shape="rect" href="$classLightSource.html#c790dd03a309d10d223bb0956515b79e" title="LightSource::getSpecular" alt="" coords="869,1120,1027,1147">
