<area shape="rect" href="$classLight.html#0a6aa46e46d2c42251e130d3fe4d9256" title="Light::getSpecular" alt="" coords="239,31,375,57">
<area shape="rect" href="$classLightOpenGL.html#61df071bddf2bec6b661cacb92af352a" title="Set the light source into the scene." alt="" coords="425,31,577,57">
<area shape="rect" href="$classC4DView.html#03b3ed76ada1847e4b75e19de8c7e6cb" title="OpenGL initialization for light(s)." alt="" coords="637,5,773,32">
<area shape="rect" href="$classC4DView.html#5a783209571030da60229d60dfef66f2" title="Re&#45;Implementation of UI::ViewImpl::setLighting." alt="" coords="628,56,783,83">
<area shape="rect" href="$classC4DView.html#3c797ad72f10f9d43d720a45cd60509a" title="Called once before the first call to paintGL() or resizeGL(), reimplemented from..." alt="" coords="833,5,985,32">
<area shape="rect" href="$classC4DView.html#128fc82da387471fbd9c88fe35263e8f" title="Re&#45;Implementation of UI::ViewImpl::setColors." alt="" coords="1036,5,1180,32">
<area shape="rect" href="$classC4DView.html#1d7079e8957ce7e685531a3f9062c468" title="C4DView constructor." alt="" coords="839,56,980,83">
