<area shape="rect" href="$classUI_1_1ViewImpl.html#05da0fec855e93430b72cb325e0a7c87" title="Add a Rotation to the current rotation speed." alt="" coords="220,5,364,32">
<area shape="rect" href="$classC4DView.html#4c6fe19768e9e4e706e0489bc9ca6f96" title="Starts a random animation." alt="" coords="195,56,389,83">
<area shape="rect" href="$classC4DView.html#45b036ac24d2404ad7bd69139a49b2d8" title="you guessed it" alt="" coords="207,107,377,133">
<area shape="rect" href="$classC4DView_1_1MouseHandler4D.html#a81a97ec93c32f1acaa142706b3b6814" title="Mouse move event handler." alt="" coords="457,5,759,32">
<area shape="rect" href="$classC4DView.html#1b5e87b494b99e3705c64e924480f4ef" title="Mouse move event handler, reimplemented from QWidget." alt="" coords="847,5,1039,32">
<area shape="rect" href="$classC4DView_1_1MouseHandler4D.html#681ee2ee24d1528a92b6ec0ff4dad9c2" title="Double click event handler." alt="" coords="437,107,779,133">
<area shape="rect" href="$classC4DView.html#6dc432e565b97c2aa6f2273bbe4135c7" title="Double click event handler, reimplemented from QWidget." alt="" coords="828,107,1057,133">
