<area shape="rect" href="$classLight.html#a6abf89003d767c58e13e561b3d905e7" title="Light::getPosition" alt="" coords="208,31,325,57">
<area shape="rect" href="$classLightOpenGL.html#61df071bddf2bec6b661cacb92af352a" title="Set the light source into the scene." alt="" coords="373,31,512,57">
<area shape="rect" href="$classC4DView.html#03b3ed76ada1847e4b75e19de8c7e6cb" title="OpenGL initialization for light(s)." alt="" coords="567,5,697,32">
<area shape="rect" href="$classC4DView.html#5a783209571030da60229d60dfef66f2" title="Re&#45;Implementation of UI::ViewImpl::setLighting." alt="" coords="560,56,704,83">
<area shape="rect" href="$classC4DView.html#3c797ad72f10f9d43d720a45cd60509a" title="Called once before the first call to paintGL() or resizeGL(), reimplemented from..." alt="" coords="752,5,899,32">
<area shape="rect" href="$classC4DView.html#128fc82da387471fbd9c88fe35263e8f" title="Re&#45;Implementation of UI::ViewImpl::setColors." alt="" coords="947,5,1080,32">
<area shape="rect" href="$classC4DView.html#1d7079e8957ce7e685531a3f9062c468" title="C4DView constructor." alt="" coords="757,56,893,83">
