<area shape="rect" href="$classSurfaceFactory.html" title="Abstract base class for a factory creating Surface&#39;s." alt="" coords="336,2101,477,2213">
<area shape="rect" href="$classC4DView.html" title="Displays and manipulates four&#45;dimensional Functions in a QGLWidget." alt="" coords="501,1045,691,3269">
<area shape="rect" href="$classUI_1_1View.html" title="Interface to display four&#45;dimensional objects." alt="" coords="5,437,179,965">
<area shape="rect" href="libstdc++.tag$a01015.html" title="{std::auto_ptr\&lt; C4DView::Impl \&gt;\n||}" alt="" coords="203,661,411,741">
<area shape="rect" href="libstdc++.tag$a01015.html" title="STL class." alt="" coords="260,293,404,373">
<area shape="rect" href="libstdc++.tag$a01419.html" title="STL class." alt="" coords="605,293,779,373">
<area shape="rect" href="libstdc++.tag$a01419.html" title="{std::vector\&lt; std::vector\&lt; VecMath::Vector\&lt; 4 \&gt; \&gt; \&gt;\n||}" alt="" coords="781,661,1104,741">
<area shape="rect" href="libstdc++.tag$a00960.html" title="{std::_Vector_base\&lt; _Tp, _Alloc \&gt;\n||}" alt="" coords="857,149,1076,229">
<area shape="rect" href="libstdc++.tag$a01419.html" title="{std::vector\&lt; std::vector\&lt; VecMath::Vector\&lt; 3 \&gt; \&gt; \&gt;\n||}" alt="" coords="435,661,757,741">
<area shape="rect" href="libstdc++.tag$a00961.html" title="{std::_Vector_base\&lt; _Tp, _Alloc \&gt;::_Vector_impl\n||}" alt="" coords="813,5,1120,85">
<area shape="rect" title="STL class." alt="" coords="1133,661,1213,741">
<area shape="rect" href="libstdc++.tag$a01039.html" title="{std::basic_string\&lt; char \&gt;\n||}" alt="" coords="1153,293,1321,373">
<area shape="rect" href="libstdc++.tag$a01039.html" title="STL class." alt="" coords="1100,149,1380,229">
