<area shape="rect" href="$classC4DView.html#e8db20fdfebe8d979f90ff303305a79d" title="Should be called whenever the object is rotated or translated." alt="" coords="208,141,344,168">
<area shape="rect" href="$classC4DView.html#e0e7e693f0c2ba5afeaea265c8c21895" title="Wrapper for redraw handler." alt="" coords="392,116,563,143">
<area shape="rect" href="$classC4DView.html#54cf3b6bbb8bf1eed47afc6da5fcebe2" title="C4DView::writeFrame" alt="" coords="400,192,555,219">
<area shape="rect" href="$classLoki_1_1SingletonHolder.html#52a113a9dc9aa53a5ab777c573f9fa28" title="Returns a reference to singleton object." alt="" coords="1232,91,1451,117">
<area shape="rect" href="$classC4DView.html#638fd2fe648c1fcd8f9a3ac03ac8f6b4" title="4D projection stuff" alt="" coords="611,116,763,143">
<area shape="rect" href="$classLoki_1_1SingletonHolder.html#d944c37d85028f4046d4e1f78f133710" title="create singleton object" alt="" coords="1500,91,1751,117">
<area shape="rect" href="$classC4DView.html#87493fb1f2d39371ddfd024f72676738" title="draw the projected Object (onto screen or into GL list, as it is)" alt="" coords="817,65,935,92">
<area shape="rect" href="$classC4DView.html#37a8191d956104629a6182ba86755cd1" title="draw the coordinate cross (on screen or int GL list) */" alt="" coords="989,91,1184,117">
<area shape="rect" href="$classC4DView.html#b9ec4da2c4a27a95302759968c3b9d90" title="Projects F and coordinate cross into three&#45;space." alt="" coords="812,167,940,193">
<area shape="rect" href="$classC4DView.html#99a55bb5dd4ba5f78e31506c55425987" title="Make a pixmap to to be rendered by the GL widget, and render it." alt="" coords="1003,268,1171,295">
