<area shape="rect" href="$classC4DView.html" title="Displays and manipulates four&#45;dimensional Functions in a QGLWidget." alt="" coords="648,3941,824,5589">
<area shape="rect" href="$classC4DView_1_1MouseHandler4D.html" title="{C4DView::MouseHandler4D\n|&#45; parent\l&#45; m_LeftDownPos\l&#45; m_MidDownPos\l&#45; m_RightDownPos\l&#45; m_TakingSpinValues\l|+ MouseHandler4D()\l+ ~MouseHandler4D()\l+ mouseMoveEvent()\l+ mousePressEvent()\l+ mouseReleaseEvent()\l+ mouseDoubleClickEvent()\l&#45; setm_LeftDownPos()\l&#45; LeftDownPos()\l&#45; setm_MidDownPos()\l&#45; MidDownPos()\l&#45; setm_RightDownPos()\l&#45; RightDownPos()\l&#45; setTakingSpinValues()\l&#45; TakingSpinValues()\l}" alt="" coords="647,5653,825,6005">
<area shape="rect" href="$classUI_1_1ViewImpl.html" title="Interface with attributes to display four&#45;dimensional objects." alt="" coords="655,2629,817,3877">
<area shape="rect" href="$classUI_1_1View.html" title="Interface to display four&#45;dimensional objects." alt="" coords="929,1557,1089,2373">
<area shape="rect" href="$classVecMath_1_1Rotation.html" title="{VecMath::Rotation\&lt; 4 \&gt;\n|&#45; axis\l|+ Rotation()\l+ Rotation()\l+ operator[]()\l+ operator[]()\l+ operator Matrix\&lt; D, N \&gt;()\l+ operator+=()\l+ operator bool()\l+ r()\l+ r()\l}" alt="" coords="313,1861,487,2069">
<area shape="rect" href="$classVecMath_1_1Rotation.html" title="Rotation in D&#45;dimensional space defined by angles about the main axes." alt="" coords="228,789,401,997">
<area shape="rect" href="$classVecMath_1_1Rotation.html" title="{VecMath::Rotation\&lt; 3, GLdouble \&gt;\n|&#45; axis\l|+ Rotation()\l+ Rotation()\l+ operator[]()\l+ operator[]()\l+ operator Matrix\&lt; D, N \&gt;()\l+ operator+=()\l+ operator bool()\l+ r()\l+ r()\l}" alt="" coords="249,2397,463,2605">
<area shape="rect" href="$classLightSource.html" title="An interface for the definition of light sources." alt="" coords="573,1821,688,2109">
<area shape="rect" href="$classVecMath_1_1Vector.html" title="{VecMath::Vector\&lt; 4 \&gt;\n|&#45; x\l|+ Vector()\l+ Vector()\l+ operator[]()\l+ operator[]()\l+ operator+=()\l+ operator&#45;=()\l+ operator*=()\l+ operator&#45;()\l+ operator&#45;()\l+ operator+()\l+ operator*()\l+ operator*()\l+ operator/()\l+ operator/()\l+ sqnorm()\l+ operator==()\l+ operator\&lt;()\l+ data()\l+ operator const T *()\l+ dimension()\l}" alt="" coords="464,701,605,1085">
<area shape="rect" href="$classVecMath_1_1Vector.html" title="Vector&lt;D, N&gt;: a D&#45;dimensional vector of numbers of type N." alt="" coords="221,149,384,533">
<area shape="rect" href="$classVecMath_1_1Vector.html" title="{VecMath::Vector\&lt; 3, GLdouble \&gt;\n|&#45; x\l|+ Vector()\l+ Vector()\l+ operator[]()\l+ operator[]()\l+ operator+=()\l+ operator&#45;=()\l+ operator*=()\l+ operator&#45;()\l+ operator&#45;()\l+ operator+()\l+ operator*()\l+ operator*()\l+ operator/()\l+ operator/()\l+ sqnorm()\l+ operator==()\l+ operator\&lt;()\l+ data()\l+ operator const T *()\l+ dimension()\l}" alt="" coords="43,1149,245,1533">
<area shape="rect" href="$classColor.html" title="A class to represent a color value by its RGBA components." alt="" coords="637,661,819,1125">
<area shape="rect" href="libstdc++.tag$a01015.html" title="{std::auto_ptr\&lt; Function \&gt;\n||}" alt="" coords="829,1301,987,1381">
<area shape="rect" href="libstdc++.tag$a01015.html" title="STL class." alt="" coords="892,557,1023,637">
<area shape="rect" href="libstdc++.tag$a01419.html" title="STL class." alt="" coords="1441,853,1604,933">
<area shape="rect" href="libstdc++.tag$a01208.html" title="STL class." alt="" coords="1051,301,1301,381">
<area shape="rect" href="libstdc++.tag$a01419.html" title="{std::vector\&lt; Light * \&gt;\n||}" alt="" coords="1263,1925,1401,2005">
<area shape="rect" href="libstdc++.tag$a00960.html" title="{std::_Vector_base\&lt; _Tp, _Alloc \&gt;\n||}" alt="" coords="1603,301,1805,381">
<area shape="rect" href="libstdc++.tag$a01419.html" title="{std::vector\&lt; std::vector\&lt; VecMath::Vector\&lt; 4 \&gt; \&gt; \&gt;\n||}" alt="" coords="1615,1925,1913,2005">
<area shape="rect" href="libstdc++.tag$a01419.html" title="{std::vector\&lt; std::vector\&lt; VecMath::Vector\&lt; 3 \&gt; \&gt; \&gt;\n||}" alt="" coords="1937,1925,2236,2005">
<area shape="rect" href="libstdc++.tag$a00961.html" title="{std::_Vector_base\&lt; _Tp, _Alloc \&gt;::_Vector_impl\n||}" alt="" coords="1561,5,1847,85">
<area shape="rect" href="$classUI_1_1Dialogs_1_1ValuesDialogImpl.html" title="A Dialog to enter parameters for the displayed function." alt="" coords="1081,3077,1271,3429">
<area shape="rect" href="$classUI_1_1Dialogs_1_1ValuesDialog.html" title="Base class for ValuesDialogImpl, originally created by uic." alt="" coords="1425,1725,1591,2205">
<area shape="rect" href="$classParameterMap.html" title="A class to store and manage FunctionParameter s." alt="" coords="1113,1885,1239,2045">
<area shape="rect" href="libstdc++.tag$a01208.html" title="{std::map\&lt; std::string, FunctionParameter * \&gt;\n||}" alt="" coords="1047,853,1305,933">
<area shape="rect" title="STL class." alt="" coords="2011,3213,2085,3293">
<area shape="rect" href="libstdc++.tag$a01039.html" title="{std::basic_string\&lt; char \&gt;\n||}" alt="" coords="2260,1925,2412,2005">
<area shape="rect" href="libstdc++.tag$a01039.html" title="STL class." alt="" coords="2207,853,2465,933">
