<area shape="rect" href="$classFunction.html#a490e914a7cd65862ba7956fd558553e" title="Add a parameter to the list of parameters." alt="" coords="188,157,385,184">
<area shape="rect" href="$classRealFunction.html#37c91ed60f82198f48dfab887dd743c3" title="Allocate and initialize X[][][] with values of f()." alt="" coords="207,537,367,564">
<area shape="rect" href="libstdc++.tag$a01208.html#1c6e8eff4b690989cc1a3f746e68fb30" title="std::map::end" alt="" coords="489,208,599,235">
<area shape="rect" href="libstdc++.tag$a01208.html#526e24c01961896c5c0c8491d75258be" title="std::map::find" alt="" coords="489,5,599,32">
<area shape="rect" href="$classFunction.html#04cb73563ed4bb916fe52c94b3d25a5c" title="Declare a new parameter for the Function." alt="" coords="451,56,637,83">
<area shape="rect" href="$classLoki_1_1SingletonHolder.html#52a113a9dc9aa53a5ab777c573f9fa28" title="Returns a reference to singleton object." alt="" coords="435,259,653,285">
<area shape="rect" href="libstdc++.tag$a01815.html#403e6a8a62730a30d087c2c6b83d5d9a" title="std::make_pair" alt="" coords="487,107,601,133">
<area shape="rect" href="libstdc++.tag$a01419.html#46ff71bb6fd1bab7b6dc210bf40c57ce" title="std::vector::push_back" alt="" coords="461,157,627,184">
<area shape="rect" href="libstdc++.tag$a01208.html#d1f7f9d083edd4d1af36d12592c6fa5d" title="std::map::insert" alt="" coords="767,56,889,83">
<area shape="rect" href="$classLoki_1_1SingletonHolder.html#d944c37d85028f4046d4e1f78f133710" title="create singleton object" alt="" coords="703,259,953,285">
<area shape="rect" href="$classRealBase.html#c2cd018b4108455a6daa23d78b2064a6" title="The mathematical function defining the Function object." alt="" coords="499,613,589,640">
<area shape="rect" href="$classRealBase.html#a738a408ed73025d34db4ff0c4779ce1" title="delta in t" alt="" coords="483,664,605,691">
<area shape="rect" href="$classRealBase.html#d8aa90547179197a84a55b11fa9efb59" title="delta in u" alt="" coords="480,715,608,741">
<area shape="rect" href="$classRealBase.html#04608c269de0bb85c988f6f55c246631" title="delta in v" alt="" coords="481,765,607,792">
<area shape="rect" href="$classRealBase.html#f9dcdf6e54c56a0875afa605bbfafff7" title="min. value of the first parameter, t" alt="" coords="475,816,613,843">
<area shape="rect" href="$classRealBase.html#13591cf37427643c8cab25ab5e8b05f5" title="number of steps in t" alt="" coords="753,684,903,711">
<area shape="rect" href="$classRealBase.html#94d43f8cf311879c3d773bfceb9e04f4" title="min. value of the second parameter, u" alt="" coords="472,512,616,539">
<area shape="rect" href="$classRealBase.html#484ca78d73b9140e77dc26d626e90b88" title="number of steps in u" alt="" coords="751,335,905,361">
<area shape="rect" href="$classRealBase.html#f79ee0c5a0488dddd613e65f9676b240" title="min. value of the third parameter, v" alt="" coords="473,563,615,589">
<area shape="rect" href="$classRealBase.html#4c12bdcab988ba1efa81d7f23504bc9d" title="number of steps in v" alt="" coords="752,399,904,425">
<area shape="rect" href="$classRealFunction.html#1905c4297b0f6b4f91a3b24b55b62eea" title="Initialize the temporary storage areas." alt="" coords="464,411,624,437">
<area shape="rect" href="libstdc++.tag$a01419.html#59d21f4ea322bb5166a2de7bbdf55b4c" title="std::vector::resize" alt="" coords="760,449,896,476">
