<area shape="rect" href="$classC4DView_1_1Menu4D.html#7ffe2f1f4d1f407ef16fca9c023d4e26" title="Add the menu to a QMenuBar." alt="" coords="596,60,817,87">
<area shape="rect" href="$classLoki_1_1SingletonHolder.html#52a113a9dc9aa53a5ab777c573f9fa28" title="Returns a reference to singleton object." alt="" coords="1624,313,1816,340">
<area shape="rect" href="$classUI_1_1ViewImpl.html#7d0098100c1a7e5e9af8808072ab68da" title="UI::ViewImpl::F" alt="" coords="1664,643,1776,669">
<area shape="rect" href="$classC4DView.html#04a35de24dbf03d029afc5d0be93ec11" title="Initialize the structures to display a four&#45;dimensional coordinate cross." alt="" coords="216,237,347,264">
<area shape="rect" href="$classC4DView.html#bc3a4f6e3276734aa70e0853f0df6022" title="Implementation of UI::View::ObjectHypercube." alt="" coords="193,643,369,669">
<area shape="rect" href="$classLoki_1_1SingletonHolder.html#d944c37d85028f4046d4e1f78f133710" title="create singleton object" alt="" coords="1904,313,2128,340">
<area shape="rect" href="libstdc++.tag$a01419.html#59d21f4ea322bb5166a2de7bbdf55b4c" title="std::vector::resize" alt="" coords="425,237,540,264">
<area shape="rect" href="$classC4DView.html#e38186ceacf6c4e6b13de7bee6cd8bda" title="Called whenever an object or the parameters have changed." alt="" coords="1069,364,1227,391">
<area shape="rect" href="$classC4DView.html#8d3fbc1fbe82b40046652bca8bde9605" title="Draw the transformed and projected function onto the screen." alt="" coords="421,668,544,695">
<area shape="rect" href="$classUI_1_1ViewImpl.html#e04c92a2f0580b1830b1cbfcca1c6715" title="Implementation of UI::View::setFunction." alt="" coords="420,744,545,771">
<area shape="rect" href="$classC4DView_1_1Menu4D.html#825a245cf67d222bf15c26e5cc7a70b9" title="Set the selected function as checked and uncheck all the others." alt="" coords="1280,871,1531,897">
<area shape="rect" href="libstdc++.tag$a01015.html#bc36e1cfdc9c7940e3fea50de14560cd" title="std::auto_ptr::get" alt="" coords="1349,263,1461,289">
<area shape="rect" href="$classUI_1_1Dialogs_1_1ValuesDialogImpl.html#dde4d7e444559027ba40b01581fee768" title="Adjust the display according to the Function whose Parameters are controlled." alt="" coords="1276,516,1535,543">
<area shape="rect" href="$classC4DView.html#16d5190870a166c65a20c59368ca0f2f" title="Overloaded function executing the transform to the default state." alt="" coords="1336,212,1475,239">
<area shape="rect" href="$classC4DView.html#d37702c9ecc5cbf124df84d0263734b9" title="display some info about current object and its transformations" alt="" coords="1329,465,1481,492">
<area shape="rect" href="$classUI_1_1Dialogs_1_1ValuesDialogImpl.html#1d1c6c3ea67ac213f4ce937ea1601fff" title="Adjust the displayed parameter fields to the parameters the function needs." alt="" coords="1584,592,1856,619">
<area shape="rect" href="libstdc++.tag$a01208.html#fd7a61b93062043afa5b158ada25351e" title="std::map::begin" alt="" coords="1964,820,2068,847">
<area shape="rect" href="libstdc++.tag$a01208.html#1c6e8eff4b690989cc1a3f746e68fb30" title="std::map::end" alt="" coords="1969,921,2063,948">
<area shape="rect" href="libstdc++.tag$a01846.html#gdf513d2c47a98f2cd60f7dc86a343589" title="value" alt="" coords="1991,592,2041,619">
<area shape="rect" href="$classC4DView.html#0b8d96f3304d94af1bac8854c908842f" title="Keep all rotation angles in the interval [&#45;360 degrees, 360 degrees]." alt="" coords="1609,465,1831,492">
<area shape="rect" href="libstdc++.tag$a01815.html#42fec2f6c6429a447bea8a40720a143a" title="fabs" alt="" coords="1995,465,2037,492">
<area shape="rect" href="$classC4DView.html#e8db20fdfebe8d979f90ff303305a79d" title="Paint event handler, called whenever the object is transformed." alt="" coords="644,719,769,745">
<area shape="rect" href="$classC4DView.html#638fd2fe648c1fcd8f9a3ac03ac8f6b4" title="Draw the projection into an OpenGL display list, but not yet on screen." alt="" coords="1077,668,1219,695">
<area shape="rect" href="$classUI_1_1ViewImpl.html#03d77f320d7aada22c143646b40925d3" title="UI::ViewImpl::getSolid" alt="" coords="869,719,1019,745">
<area shape="rect" href="$classC4DView.html#b9561bdd967e89d314f7eda6de32b2bc" title="Wrapper for displaying OpenGL display lists." alt="" coords="868,769,1020,796">
<area shape="rect" href="libstdc++.tag$a01815.html#10ebe236b3a6e1c3f67686162aa3e7ce" title="endl" alt="" coords="1127,769,1169,796">
<area shape="rect" href="libstdc++.tag$a01815.html#2107b37641fcd1f3d16ecc9c0a18041f" title="exit" alt="" coords="1128,719,1168,745">
<area shape="rect" href="$classUI_1_1ViewImpl.html#756d50cd0f539f632b4ffe0d28f93559" title="UI::ViewImpl::getCoordinates" alt="" coords="1628,769,1812,796">
<area shape="rect" href="$classC4DView.html#37a8191d956104629a6182ba86755cd1" title="draw the coordinate cross (on screen or int GL list) */" alt="" coords="1317,415,1493,441">
<area shape="rect" href="$classC4DView.html#b9ec4da2c4a27a95302759968c3b9d90" title="Execute the projection into three&#45;space (but don&#39;t draw it yet either)." alt="" coords="1345,719,1465,745">
<area shape="rect" href="$classUI_1_1ViewImpl.html#862bf2d8e5cf2372e67c24ef324d1e3a" title="UI::ViewImpl::getHyperfog" alt="" coords="1635,719,1805,745">
<area shape="rect" href="libstdc++.tag$a01015.html#1d78a540221e616997c2df6c98dd6765" title="std::auto_ptr::reset" alt="" coords="647,769,767,796">
<area shape="rect" href="$classC4DView_1_1Menu4D.html#2dfc9833855fee3fb25d13456f47bc26" title="Search for the QAction associated with a menu item." alt="" coords="1625,871,1815,897">
<area shape="rect" href="libstdc++.tag$a01208.html#f5510c6ab84eb61a7fd8a109dadcf78d" title="std::map::count" alt="" coords="1964,871,2068,897">
