<area shape="rect" href="libstdc++.tag$a01815.html#10ebe236b3a6e1c3f67686162aa3e7ce" title="endl" alt="" coords="244,5,287,32">
<area shape="rect" href="$classLoki_1_1SingletonHolder.html#52a113a9dc9aa53a5ab777c573f9fa28" title="Returns a reference to singleton object." alt="" coords="169,56,361,83">
<area shape="rect" href="$classGasket.html#e65a8be228108ab1997e0cc80504aa56" title="return the approximate amount of memory needed to display a gasket of current level..." alt="" coords="195,107,336,133">
<area shape="rect" href="libstdc++.tag$a01419.html#46ff71bb6fd1bab7b6dc210bf40c57ce" title="std::vector::push_back" alt="" coords="195,157,336,184">
<area shape="rect" href="libstdc++.tag$a01815.html#b2c9d94b4becdf532618ad9a0a54aade" title="sqrt" alt="" coords="245,208,285,235">
<area shape="rect" href="$classLoki_1_1SingletonHolder.html#d944c37d85028f4046d4e1f78f133710" title="create singleton object" alt="" coords="411,56,635,83">
<area shape="rect" href="libstdc++.tag$a01815.html#f7439d6844d2edd47213afb067eaf3c4" title="pow" alt="" coords="501,107,544,133">
