<area shape="rect" href="$classC4DView_1_1MouseHandler4D.html" title="{C4DView::MouseHandler4D\n|&#45; parent\l&#45; m_LeftDownPos\l&#45; m_MidDownPos\l&#45; m_RightDownPos\l&#45; m_TakingSpinValues\l|+ MouseHandler4D()\l+ ~MouseHandler4D()\l+ mouseMoveEvent()\l+ mousePressEvent()\l+ mouseReleaseEvent()\l+ mouseDoubleClickEvent()\l&#45; setm_LeftDownPos()\l&#45; LeftDownPos()\l&#45; setm_MidDownPos()\l&#45; MidDownPos()\l&#45; setm_RightDownPos()\l&#45; RightDownPos()\l&#45; setTakingSpinValues()\l&#45; TakingSpinValues()\l}" alt="" coords="1644,4245,1831,4597">
<area shape="rect" href="$classC4DView_1_1Menu4D.html" title="The menu for the C4DView." alt="" coords="1452,4253,1620,4589">
<area shape="rect" href="$structC4DView_1_1Impl.html" title="Private class containing the member data for the Pimpl idiom." alt="" coords="920,4725,1088,5381">
<area shape="rect" href="$classVecMath_1_1Rotation.html" title="{VecMath::Rotation\&lt; 4 \&gt;\n|&#45; axis\l|+ Rotation()\l+ Rotation()\l+ operator[]()\l+ operator[]()\l+ operator Matrix\&lt; D, double \&gt;()\l+ operator+=()\l+ operator bool()\l+ r()\l+ r()\l}" alt="" coords="651,4317,864,4525">
<area shape="rect" href="$classVecMath_1_1Rotation.html" title="Rotation in D&#45;dimensional space defined by angles about the main axes." alt="" coords="713,2781,897,2989">
<area shape="rect" href="$classVecMath_1_1Rotation.html" title="{VecMath::Rotation\&lt; 3, GLdouble \&gt;\n|&#45; axis\l|+ Rotation()\l+ Rotation()\l+ operator[]()\l+ operator[]()\l+ operator Matrix\&lt; D, GLdouble \&gt;()\l+ operator+=()\l+ operator bool()\l+ r()\l+ r()\l}" alt="" coords="888,4317,1120,4525">
<area shape="rect" href="$classVecMath_1_1Vector.html" title="{VecMath::Vector\&lt; 4 \&gt;\n|&#45; x\l|+ Vector()\l+ Vector()\l+ operator[]()\l+ operator[]()\l+ operator+=()\l+ operator&#45;=()\l+ operator*=()\l+ operator&#45;()\l+ operator&#45;()\l+ operator+()\l+ operator*()\l+ operator*()\l+ operator/()\l+ operator/()\l+ sqnorm()\l+ operator==()\l+ operator\&lt;()\l+ data()\l+ dimension()\l}" alt="" coords="392,773,544,1141">
<area shape="rect" href="$classFunction.html" title="A Function is a generalized four&#45;dimensional mathematical function." alt="" coords="465,2621,689,3149">
<area shape="rect" href="$classVecMath_1_1Vector.html" title="Vector&lt;D, N&gt;: a D&#45;dimensional vector of numbers of type N." alt="" coords="123,205,293,573">
<area shape="rect" href="$classVecMath_1_1Vector.html" title="{VecMath::Vector\&lt; 3, GLdouble \&gt;\n|&#45; x\l|+ Vector()\l+ Vector()\l+ operator[]()\l+ operator[]()\l+ operator+=()\l+ operator&#45;=()\l+ operator*=()\l+ operator&#45;()\l+ operator&#45;()\l+ operator+()\l+ operator*()\l+ operator*()\l+ operator/()\l+ operator/()\l+ sqnorm()\l+ operator==()\l+ operator\&lt;()\l+ data()\l+ dimension()\l}" alt="" coords="100,1245,316,1613">
<area shape="rect" href="$classParameterMap.html" title="A class to store and manage FunctionParameter s." alt="" coords="757,877,896,1037">
<area shape="rect" href="$classValuesDialogImpl.html" title="{ValuesDialogImpl\n|&#45; parameters\l|+ ValuesDialogImpl()\l+ ~ValuesDialogImpl()\l+ setFunction()\l+ print()\l+ tmin()\l+ tmax()\l+ tsteps()\l+ dt()\l+ umin()\l+ umax()\l+ usteps()\l+ du()\l+ vmin()\l+ vmax()\l+ vsteps()\l+ dv()\l+ accept\l&#45; setParameters()\l}" alt="" coords="921,2709,1076,3061">
<area shape="rect" title="STL class." alt="" coords="565,341,851,437">
<area shape="rect" title="STL class." alt="" coords="1115,349,1229,429">
<area shape="rect" title="STL class." alt="" coords="257,2845,385,2925">
<area shape="rect" title="STL class." alt="" coords="341,349,421,429">
<area shape="rect" title="STL class." alt="" coords="249,5,417,85">
<area shape="rect" href="$classUi__ValuesDialog.html" title="Base class for ValuesDialog, originally created by uic (thus the ugliness)." alt="" coords="908,149,1071,629">
<area shape="rect" href="$classColor.html" title="A class to represent a color value by its RGBA components." alt="" coords="1233,4197,1428,4645">
