<area shape="rect" href="$classLight.html#a2332c0ee16fc118f349aab1b42fab96" title="Light::getAmbient" alt="" coords="223,31,348,57">
<area shape="rect" href="$classLightOpenGL.html#61df071bddf2bec6b661cacb92af352a" title="Set the light source into the scene." alt="" coords="399,31,545,57">
<area shape="rect" href="$classC4DView.html#03b3ed76ada1847e4b75e19de8c7e6cb" title="OpenGL initialization for light(s)." alt="" coords="604,5,735,32">
<area shape="rect" href="$classC4DView.html#5a783209571030da60229d60dfef66f2" title="Re&#45;Implementation of UI::ViewImpl::setLighting." alt="" coords="595,56,744,83">
<area shape="rect" href="$classC4DView.html#3c797ad72f10f9d43d720a45cd60509a" title="Called once before the first call to paintGL() or resizeGL(), reimplemented from..." alt="" coords="793,5,943,32">
<area shape="rect" href="$classC4DView.html#128fc82da387471fbd9c88fe35263e8f" title="Re&#45;Implementation of UI::ViewImpl::setColors." alt="" coords="992,5,1133,32">
<area shape="rect" href="$classC4DView.html#1d7079e8957ce7e685531a3f9062c468" title="C4DView constructor." alt="" coords="799,56,937,83">
