<area shape="rect" href="$classRealBase.html#a738a408ed73025d34db4ff0c4779ce1" title="delta in t" alt="" coords="427,87,536,113">
<area shape="rect" href="$classRealBase.html#d8aa90547179197a84a55b11fa9efb59" title="delta in u" alt="" coords="425,137,537,164">
<area shape="rect" href="$classRealBase.html#04608c269de0bb85c988f6f55c246631" title="delta in v" alt="" coords="425,188,537,215">
<area shape="rect" href="$classRealBase.html#371a8545cd85a218efa8c3d78f1679f7" title="max. value of the first parameter, t" alt="" coords="199,796,324,823">
<area shape="rect" href="$classRealBase.html#f9dcdf6e54c56a0875afa605bbfafff7" title="min. value of the first parameter, t" alt="" coords="420,239,543,265">
<area shape="rect" href="$classRealBase.html#13591cf37427643c8cab25ab5e8b05f5" title="number of steps in t" alt="" coords="673,289,804,316">
<area shape="rect" href="$classRealBase.html#ee1bc70a4396db3d9bbeb814c78e4ad0" title="max. value of the second parameter, u" alt="" coords="197,847,325,873">
<area shape="rect" href="$classRealBase.html#94d43f8cf311879c3d773bfceb9e04f4" title="min. value of the second parameter, u" alt="" coords="419,543,544,569">
<area shape="rect" href="$classRealBase.html#484ca78d73b9140e77dc26d626e90b88" title="number of steps in u" alt="" coords="673,391,804,417">
<area shape="rect" href="$classRealBase.html#1ef508c14939017bf1a7f6953cb76069" title="max. value of the third parameter, v" alt="" coords="197,897,325,924">
<area shape="rect" href="$classRealBase.html#f79ee0c5a0488dddd613e65f9676b240" title="min. value of the third parameter, v" alt="" coords="419,593,544,620">
<area shape="rect" href="$classRealBase.html#4c12bdcab988ba1efa81d7f23504bc9d" title="number of steps in v" alt="" coords="673,492,804,519">
<area shape="rect" href="$classRealFunction.html#37c91ed60f82198f48dfab887dd743c3" title="Allocate and initialize X[][][] with values of f()." alt="" coords="188,391,335,417">
<area shape="rect" href="$classLoki_1_1SingletonHolder.html#52a113a9dc9aa53a5ab777c573f9fa28" title="Returns a reference to singleton object." alt="" coords="385,695,577,721">
<area shape="rect" href="$classRealBase.html#c2cd018b4108455a6daa23d78b2064a6" title="The mathematical function defining the Function object." alt="" coords="440,441,523,468">
<area shape="rect" href="$classRealFunction.html#1905c4297b0f6b4f91a3b24b55b62eea" title="Initialize the temporary storage areas." alt="" coords="408,340,555,367">
<area shape="rect" href="$classLoki_1_1SingletonHolder.html#d944c37d85028f4046d4e1f78f133710" title="create singleton object" alt="" coords="627,695,851,721">
