<area shape="rect" href="$classC4DView.html#e38186ceacf6c4e6b13de7bee6cd8bda" title="Called whenever an object or the parameters have changed." alt="" coords="1109,245,1267,272">
<area shape="rect" href="$classC4DView.html#d37702c9ecc5cbf124df84d0263734b9" title="display some info about current object and its transformations" alt="" coords="1369,296,1521,323">
<area shape="rect" href="$classUI_1_1ViewImpl.html#7d0098100c1a7e5e9af8808072ab68da" title="UI::ViewImpl::F" alt="" coords="1704,385,1816,412">
<area shape="rect" href="$classUI_1_1Dialogs_1_1ValuesDialogImpl.html#16db20b10087e6c32a73cdf79f7d2f42" title="delta in parameter t" alt="" coords="369,752,577,779">
<area shape="rect" href="$classUI_1_1Dialogs_1_1ValuesDialogImpl.html#0a55d967b53b03382d72f4f9b3a8c76b" title="upper bound for parameter t" alt="" coords="631,701,855,728">
<area shape="rect" href="$classUI_1_1Dialogs_1_1ValuesDialogImpl.html#072f07410b8416016e23e33118d0b2d4" title="lower bound for parameter t" alt="" coords="632,803,853,829">
<area shape="rect" href="$classUI_1_1Dialogs_1_1ValuesDialogImpl.html#b561b67b911b7f242aa6a0a48c594370" title="delta in parameter u" alt="" coords="368,904,579,931">
<area shape="rect" href="$classUI_1_1Dialogs_1_1ValuesDialogImpl.html#79bc2ecceb55d8fe996caa8461b0f9d5" title="upper bound for parameter u" alt="" coords="629,853,856,880">
<area shape="rect" href="$classUI_1_1Dialogs_1_1ValuesDialogImpl.html#f88162efaf834e5984d4d8fe04d44af4" title="lower bound for parameter u" alt="" coords="631,955,855,981">
<area shape="rect" href="$classC4DView.html#8d3fbc1fbe82b40046652bca8bde9605" title="Draw the transformed and projected function onto the screen." alt="" coords="412,651,535,677">
<area shape="rect" href="$classUI_1_1ViewImpl.html#e04c92a2f0580b1830b1cbfcca1c6715" title="Implementation of UI::View::setFunction." alt="" coords="411,1005,536,1032">
<area shape="rect" href="$classC4DView.html#ba6f8c8d13241215fc41f88a247cf6a7" title="C4DView::Values" alt="" coords="413,1056,533,1083">
<area shape="rect" href="libstdc++.tag$a01015.html#bc36e1cfdc9c7940e3fea50de14560cd" title="std::auto_ptr::get" alt="" coords="1389,245,1501,272">
<area shape="rect" href="$classLoki_1_1SingletonHolder.html#52a113a9dc9aa53a5ab777c573f9fa28" title="Returns a reference to singleton object." alt="" coords="1664,499,1856,525">
<area shape="rect" href="$classUI_1_1Dialogs_1_1ValuesDialogImpl.html#dde4d7e444559027ba40b01581fee768" title="Adjust the display according to the Function whose Parameters are controlled." alt="" coords="1316,93,1575,120">
<area shape="rect" href="$classC4DView.html#16d5190870a166c65a20c59368ca0f2f" title="Overloaded function executing the transform to the default state." alt="" coords="1376,195,1515,221">
<area shape="rect" href="$classLoki_1_1SingletonHolder.html#d944c37d85028f4046d4e1f78f133710" title="create singleton object" alt="" coords="1944,499,2168,525">
<area shape="rect" href="$classUI_1_1Dialogs_1_1ValuesDialogImpl.html#1d1c6c3ea67ac213f4ce937ea1601fff" title="Adjust the displayed parameter fields to the parameters the function needs." alt="" coords="1624,56,1896,83">
<area shape="rect" href="libstdc++.tag$a01208.html#fd7a61b93062043afa5b158ada25351e" title="std::map::begin" alt="" coords="2004,5,2108,32">
<area shape="rect" href="libstdc++.tag$a01208.html#1c6e8eff4b690989cc1a3f746e68fb30" title="std::map::end" alt="" coords="2009,56,2103,83">
<area shape="rect" href="libstdc++.tag$a01846.html#gdf513d2c47a98f2cd60f7dc86a343589" title="value" alt="" coords="2031,107,2081,133">
<area shape="rect" href="$classUI_1_1ViewImpl.html#a5594df1772137ac86e25b9f8435dc04" title="UI::ViewImpl::R" alt="" coords="2000,259,2112,285">
<area shape="rect" href="$classUI_1_1ViewImpl.html#be101a806860df3ab01616e3c092abdc" title="UI::ViewImpl::setR" alt="" coords="1696,107,1824,133">
<area shape="rect" href="$classUI_1_1ViewImpl.html#c116c3e53e586a0036fde67863580190" title="UI::ViewImpl::setT" alt="" coords="1697,157,1823,184">
<area shape="rect" href="$classUI_1_1ViewImpl.html#4df75156fbe950971ef1564ba8e873fe" title="UI::ViewImpl::T" alt="" coords="1704,208,1816,235">
<area shape="rect" href="$classC4DView.html#0b8d96f3304d94af1bac8854c908842f" title="Keep all rotation angles in the interval [&#45;360 degrees, 360 degrees]." alt="" coords="1649,309,1871,336">
<area shape="rect" href="$classUI_1_1ViewImpl.html#4a1ddf4d94623c7a94e8eb5809acf626" title="Add a Rotation to the current rotation state." alt="" coords="1991,309,2121,336">
<area shape="rect" href="libstdc++.tag$a01815.html#42fec2f6c6429a447bea8a40720a143a" title="fabs" alt="" coords="2035,360,2077,387">
<area shape="rect" href="$classUI_1_1Dialogs_1_1ValuesDialogImpl.html#048c38bc05f745dca34dd68d35cf993e" title="steps in parameter t" alt="" coords="629,752,856,779">
<area shape="rect" href="$classUI_1_1Dialogs_1_1ValuesDialogImpl.html#9cebd8d993b63d33d3965e03fb51b801" title="steps in parameter u" alt="" coords="628,904,857,931">
<area shape="rect" href="$classC4DView.html#be8e58d21b0e1c513b10afa294b162b2" title="Paint event handler, reimplemented from QGLWidget." alt="" coords="673,600,812,627">
<area shape="rect" href="$classC4DView.html#638fd2fe648c1fcd8f9a3ac03ac8f6b4" title="Draw the projection into an OpenGL display list, but not yet on screen." alt="" coords="1117,651,1259,677">
<area shape="rect" href="$classUI_1_1ViewImpl.html#03d77f320d7aada22c143646b40925d3" title="UI::ViewImpl::getSolid" alt="" coords="909,600,1059,627">
<area shape="rect" href="$classC4DView.html#b9561bdd967e89d314f7eda6de32b2bc" title="Wrapper for displaying OpenGL display lists." alt="" coords="908,549,1060,576">
<area shape="rect" href="libstdc++.tag$a01815.html#10ebe236b3a6e1c3f67686162aa3e7ce" title="endl" alt="" coords="1167,549,1209,576">
<area shape="rect" href="libstdc++.tag$a01815.html#2107b37641fcd1f3d16ecc9c0a18041f" title="exit" alt="" coords="1168,600,1208,627">
<area shape="rect" href="$classUI_1_1ViewImpl.html#756d50cd0f539f632b4ffe0d28f93559" title="UI::ViewImpl::getCoordinates" alt="" coords="1668,727,1852,753">
<area shape="rect" href="$classC4DView.html#37a8191d956104629a6182ba86755cd1" title="draw the coordinate cross (on screen or int GL list) */" alt="" coords="1357,549,1533,576">
<area shape="rect" href="$classC4DView.html#b9ec4da2c4a27a95302759968c3b9d90" title="Execute the projection into three&#45;space (but don&#39;t draw it yet either)." alt="" coords="1385,651,1505,677">
<area shape="rect" href="$classUI_1_1ViewImpl.html#9abf03872780e6e1af170c44c3bd6138" title="UI::ViewImpl::CamW" alt="" coords="1689,625,1831,652">
<area shape="rect" href="$classUI_1_1ViewImpl.html#862bf2d8e5cf2372e67c24ef324d1e3a" title="UI::ViewImpl::getHyperfog" alt="" coords="1675,676,1845,703">
<area shape="rect" href="$classUI_1_1ViewImpl.html#4e350b5709828386fd3831f3fbe14ff9" title="UI::ViewImpl::ScrW" alt="" coords="1693,575,1827,601">
<area shape="rect" href="libstdc++.tag$a01015.html#1d78a540221e616997c2df6c98dd6765" title="std::auto_ptr::reset" alt="" coords="683,1005,803,1032">
