<area shape="rect" href="$classC4DView.html#5ec81f7d64c4678cbe44bfad9d2acb65" title="Implementation of UI::View::animate." alt="" coords="1131,116,1261,143">
<area shape="rect" href="$classC4DView.html#638fd2fe648c1fcd8f9a3ac03ac8f6b4" title="Draw the projection into an OpenGL display list, but not yet on screen." alt="" coords="181,268,333,295">
<area shape="rect" href="$classC4DView.html#eb4ec12aada637e796110fe8172d12ff" title="Re&#45;Implementation of UI::ViewImpl::setCoordinates." alt="" coords="1109,623,1283,649">
<area shape="rect" href="$classC4DView.html#b8007107aba8c57dd39063be93ca8f96" title="Re&#45;Implementation of UI::ViewImpl::setHyperfog." alt="" coords="1117,673,1275,700">
<area shape="rect" href="$classC4DView.html#3c797ad72f10f9d43d720a45cd60509a" title="Called once before the first call to paintGL() or resizeGL(), reimplemented from..." alt="" coords="599,167,748,193">
<area shape="rect" href="$classC4DView.html#8d3fbc1fbe82b40046652bca8bde9605" title="Draw the transformed and projected function onto the screen." alt="" coords="820,344,951,371">
<area shape="rect" href="$classC4DView.html#b9561bdd967e89d314f7eda6de32b2bc" title="Wrapper for displaying OpenGL display lists." alt="" coords="383,268,548,295">
<area shape="rect" href="$classC4DView.html#54cf3b6bbb8bf1eed47afc6da5fcebe2" title="C4DView::writeFrame" alt="" coords="389,217,541,244">
<area shape="rect" href="$classC4DView.html#128fc82da387471fbd9c88fe35263e8f" title="Re&#45;Implementation of UI::ViewImpl::setColors." alt="" coords="815,40,956,67">
<area shape="rect" href="$classC4DView.html#530cab21c7ae4ab78eeff14e7f89a879" title="Implementation of UI::View::applyTransform." alt="" coords="1107,369,1285,396">
<area shape="rect" href="$classC4DView.html#60f45904ff9b227fdf426b5960fa4130" title="rotate in 4D 360 degrees" alt="" coords="1112,471,1280,497">
<area shape="rect" href="$group__UIHelpers.html#gb4150e26778debfb3de8214203578a41" title="C++ Template Implementation: CustomFunctionSlot." alt="" coords="1023,521,1369,548">
<area shape="rect" href="$classC4DView_1_1CustomFunctionSlot.html#2eaaaf653f2d1bbfe3a2b416f33e4b08" title="Factory method to create a new customized Function of type R^2&#45;&gt;R^4." alt="" coords="1025,572,1367,599">
<area shape="rect" href="$classC4DView_1_1MouseHandler4D.html#681ee2ee24d1528a92b6ec0ff4dad9c2" title="Double click event handler." alt="" coords="1025,420,1367,447">
<area shape="rect" href="$classC4DView_1_1MouseHandler4D.html#a81a97ec93c32f1acaa142706b3b6814" title="Mouse move event handler." alt="" coords="1045,65,1347,92">
<area shape="rect" href="$classC4DView.html#2b8270b08a2a62faa7381adcd83715af" title="Implementation of UI::View::ObjectGasket." alt="" coords="1113,268,1279,295">
<area shape="rect" href="$classC4DView.html#bc3a4f6e3276734aa70e0853f0df6022" title="Implementation of UI::View::ObjectHypercube." alt="" coords="1103,167,1289,193">
<area shape="rect" href="$classC4DView.html#951f672d7d323bb799c1ab18d412e1d7" title="Implementation of UI::View::ObjectHyperpyramid." alt="" coords="1093,319,1299,345">
<area shape="rect" href="$classC4DView.html#395baf447937415a0f3366c4d1c529ee" title="Implementation of UI::View::ObjectHypersponge." alt="" coords="1095,217,1297,244">
<area shape="rect" href="$classC4DView.html#6dc432e565b97c2aa6f2273bbe4135c7" title="Double click event handler, reimplemented from QWidget." alt="" coords="1420,420,1649,447">
<area shape="rect" href="$classC4DView.html#1b5e87b494b99e3705c64e924480f4ef" title="Mouse move event handler, reimplemented from QWidget." alt="" coords="1439,65,1631,92">
<area shape="rect" href="$classC4DView.html#1d7079e8957ce7e685531a3f9062c468" title="C4DView constructor." alt="" coords="1465,141,1604,168">
<area shape="rect" href="$classC4DView.html#be8e58d21b0e1c513b10afa294b162b2" title="Paint event handler, reimplemented from QGLWidget." alt="" coords="600,231,747,257">
<area shape="rect" href="$classC4DView.html#8a01e49be6af9cab84880a176b7c42ae" title="rotate in 3D 360 degrees" alt="" coords="801,192,969,219">
<area shape="rect" href="$classC4DView.html#504fd428909b35e3d80506a0235eac3e" title="Re&#45;Implementation of UI::ViewImpl::setBackground." alt="" coords="799,141,972,168">
<area shape="rect" href="$classC4DView.html#5a783209571030da60229d60dfef66f2" title="Re&#45;Implementation of UI::ViewImpl::setLighting." alt="" coords="811,91,960,117">
