<area shape="rect" href="$classextrude__base.html" title="Base class for Extrude classes, providing the actual extrude() function." alt="" coords="48,325,184,437">
<area shape="rect" href="$classrotate__base.html" title="Base class for Rotate classes, providing the actual rotate() function." alt="" coords="239,333,364,429">
<area shape="rect" href="$classtaper__base.html" title="Base class for Taper classes, providing the actual taper() function." alt="" coords="397,317,541,445">
<area shape="rect" href="$classtorate__base.html" title="Base class for Torate classes, providing the actual torate() function." alt="" coords="565,333,691,429">
<area shape="rect" href="$classvertex__data.html" title="{vertex_data\&lt; 4 \&gt;\n|&#45; _dimension\l&#45; _X\l&#45; _surface\l|+ print()\l# vertex_data()\l# addSurface()\l# addSurface()\l# dimension()\l# X()\l# surface()\l}" alt="" coords="715,277,837,485">
<area shape="rect" href="$classExtrude_3_01D_00_01Dmin_00_01Dmin_01_4.html" title="Specialization of Extrude&lt;D,Dmin,Dmax&gt; to end recursion." alt="" coords="5,536,184,632">
<area shape="rect" href="$classRotate_3_01D_00_01Dmin_00_01Dmin_01_4.html" title="Specialization of Rotate&lt;D,Dmin,Dmax&gt; to end recursion." alt="" coords="208,544,379,624">
<area shape="rect" href="$classTaper_3_01D_00_01Dmin_00_01Dmin_01_4.html" title="Specialization of Taper&lt;D,Dmin,Dmax&gt; to end recursion." alt="" coords="403,544,571,624">
<area shape="rect" href="$classTorate_3_01D_00_01Dmin_00_01Dmin_01_4.html" title="Specialization of Torate&lt;D,Dmin,Dmax&gt; to end recursion." alt="" coords="595,544,768,624">
