<area shape="rect" href="$classFunction.html#a490e914a7cd65862ba7956fd558553e" title="Add a parameter to the list of parameters." alt="" coords="159,157,327,184">
<area shape="rect" href="$classGasket.html#1c1d1a1c6508a13532efd9b4618781e5" title="This function actually creates the Sierpinski Gasket." alt="" coords="187,284,299,311">
<area shape="rect" href="$classFunction.html#575a3d4270fb0aa9ec4e4b433ae5bffc" title="Define the name of the Function." alt="" coords="160,335,325,361">
<area shape="rect" href="libstdc++.tag$a01208.html#1c6e8eff4b690989cc1a3f746e68fb30" title="std::map::end" alt="" coords="427,157,520,184">
<area shape="rect" href="libstdc++.tag$a01208.html#526e24c01961896c5c0c8491d75258be" title="std::map::find" alt="" coords="425,5,521,32">
<area shape="rect" href="$classFunction.html#04cb73563ed4bb916fe52c94b3d25a5c" title="Declare a new parameter for the Function." alt="" coords="393,56,553,83">
<area shape="rect" href="$classLoki_1_1SingletonHolder.html#52a113a9dc9aa53a5ab777c573f9fa28" title="Returns a reference to singleton object." alt="" coords="377,259,569,285">
<area shape="rect" href="libstdc++.tag$a01815.html#403e6a8a62730a30d087c2c6b83d5d9a" title="std::make_pair" alt="" coords="424,107,523,133">
<area shape="rect" href="libstdc++.tag$a01419.html#46ff71bb6fd1bab7b6dc210bf40c57ce" title="std::vector::push_back" alt="" coords="403,208,544,235">
<area shape="rect" href="libstdc++.tag$a01208.html#d1f7f9d083edd4d1af36d12592c6fa5d" title="std::map::insert" alt="" coords="679,56,783,83">
<area shape="rect" href="$classLoki_1_1SingletonHolder.html#d944c37d85028f4046d4e1f78f133710" title="create singleton object" alt="" coords="619,259,843,285">
<area shape="rect" href="libstdc++.tag$a01815.html#10ebe236b3a6e1c3f67686162aa3e7ce" title="endl" alt="" coords="452,309,495,336">
<area shape="rect" href="$classGasket.html#e65a8be228108ab1997e0cc80504aa56" title="return the approximate amount of memory needed to display a gasket of current level..." alt="" coords="403,360,544,387">
<area shape="rect" href="libstdc++.tag$a01815.html#b2c9d94b4becdf532618ad9a0a54aade" title="sqrt" alt="" coords="453,411,493,437">
<area shape="rect" href="libstdc++.tag$a01815.html#f7439d6844d2edd47213afb067eaf3c4" title="pow" alt="" coords="709,360,752,387">
