<area shape="rect" href="$classC4DView_1_1MouseHandler4D.html" title="{C4DView::MouseHandler4D\n|&#45; parent\l&#45; m_LeftDownPos\l&#45; m_MidDownPos\l&#45; m_RightDownPos\l&#45; m_TakingSpinValues\l|+ MouseHandler4D()\l+ ~MouseHandler4D()\l+ mouseMoveEvent()\l+ mousePressEvent()\l+ mouseReleaseEvent()\l+ mouseDoubleClickEvent()\l&#45; setm_LeftDownPos()\l&#45; LeftDownPos()\l&#45; setm_MidDownPos()\l&#45; MidDownPos()\l&#45; setm_RightDownPos()\l&#45; RightDownPos()\l&#45; setTakingSpinValues()\l&#45; TakingSpinValues()\l}" alt="" coords="860,4005,1039,4357">
<area shape="rect" href="$classC4DView_1_1Menu4D.html" title="The menu for the C4DView." alt="" coords="492,4013,647,4349">
<area shape="rect" href="$classUI_1_1View.html" title="Interface to display four&#45;dimensional objects." alt="" coords="271,693,431,1221">
<area shape="rect" href="$structC4DView_1_1Impl.html" title="Private class containing the member data for the Pimpl idiom." alt="" coords="965,4485,1120,5157">
<area shape="rect" href="$classVecMath_1_1Rotation.html" title="{VecMath::Rotation\&lt; 4 \&gt;\n|&#45; axis\l|+ Rotation()\l+ Rotation()\l+ operator[]()\l+ operator[]()\l+ operator Matrix\&lt; D, double \&gt;()\l+ operator+=()\l+ operator bool()\l+ r()\l+ r()\l}" alt="" coords="1063,4077,1263,4285">
<area shape="rect" href="$classVecMath_1_1Rotation.html" title="Rotation in D&#45;dimensional space defined by angles about the main axes." alt="" coords="1109,2661,1283,2869">
<area shape="rect" href="$classVecMath_1_1Rotation.html" title="{VecMath::Rotation\&lt; 3, GLdouble \&gt;\n|&#45; axis\l|+ Rotation()\l+ Rotation()\l+ operator[]()\l+ operator[]()\l+ operator Matrix\&lt; D, GLdouble \&gt;()\l+ operator+=()\l+ operator bool()\l+ r()\l+ r()\l}" alt="" coords="1287,4077,1503,4285">
<area shape="rect" href="$classVecMath_1_1Vector.html" title="{VecMath::Vector\&lt; 4 \&gt;\n|&#45; x\l|+ Vector()\l+ Vector()\l+ operator[]()\l+ operator[]()\l+ operator+=()\l+ operator&#45;=()\l+ operator*=()\l+ operator&#45;()\l+ operator&#45;()\l+ operator+()\l+ operator*()\l+ operator*()\l+ operator/()\l+ operator/()\l+ sqnorm()\l+ operator==()\l+ operator\&lt;()\l+ data()\l+ dimension()\l}" alt="" coords="1740,773,1881,1141">
<area shape="rect" href="$classFunction.html" title="A Function is a generalized four&#45;dimensional mathematical function." alt="" coords="1317,2501,1525,3029">
<area shape="rect" href="$classVecMath_1_1Vector.html" title="Vector&lt;D, N&gt;: a D&#45;dimensional vector of numbers of type N." alt="" coords="1800,205,1963,573">
<area shape="rect" href="$classVecMath_1_1Vector.html" title="{VecMath::Vector\&lt; 3, GLdouble \&gt;\n|&#45; x\l|+ Vector()\l+ Vector()\l+ operator[]()\l+ operator[]()\l+ operator+=()\l+ operator&#45;=()\l+ operator*=()\l+ operator&#45;()\l+ operator&#45;()\l+ operator+()\l+ operator*()\l+ operator*()\l+ operator/()\l+ operator/()\l+ sqnorm()\l+ operator==()\l+ operator\&lt;()\l+ data()\l+ dimension()\l}" alt="" coords="1831,1245,2033,1613">
<area shape="rect" href="$classParameterMap.html" title="A class to store and manage FunctionParameter s." alt="" coords="455,877,580,1037">
<area shape="rect" href="$classValuesDialogImpl.html" title="{ValuesDialogImpl\n|&#45; parameters\l|+ ValuesDialogImpl()\l+ ~ValuesDialogImpl()\l+ setFunction()\l+ print()\l+ tmin()\l+ tmax()\l+ tsteps()\l+ dt()\l+ umin()\l+ umax()\l+ usteps()\l+ du()\l+ vmin()\l+ vmax()\l+ vsteps()\l+ dv()\l+ accept\l&#45; setParameters()\l}" alt="" coords="109,2589,256,2941">
<area shape="rect" title="STL class." alt="" coords="591,341,849,437">
<area shape="rect" title="STL class." alt="" coords="979,349,1085,429">
<area shape="rect" title="STL class." alt="" coords="1549,2725,1667,2805">
<area shape="rect" title="STL class." alt="" coords="1311,349,1385,429">
<area shape="rect" title="STL class." alt="" coords="1272,5,1424,85">
<area shape="rect" href="$classUi__ValuesDialog.html" title="Base class for ValuesDialog, originally created by uic (thus the ugliness)." alt="" coords="109,149,256,629">
<area shape="rect" href="$classColor.html" title="A class to represent a color value by its RGBA components." alt="" coords="287,3957,468,4405">
