<area shape="rect" href="$classSurfaceFactory.html" title="Abstract base class for a factory creating Surface&#39;s." alt="" coords="960,4157,1088,4269">
<area shape="rect" href="$classC4DView.html" title="Displays and manipulates four&#45;dimensional Functions in a QGLWidget." alt="" coords="1164,3397,1340,5029">
<area shape="rect" href="$classC4DView_1_1MouseHandler4D.html" title="{C4DView::MouseHandler4D\n|&#45; parent\l&#45; m_LeftDownPos\l&#45; m_MidDownPos\l&#45; m_RightDownPos\l&#45; m_TakingSpinValues\l|+ MouseHandler4D()\l+ ~MouseHandler4D()\l+ mouseMoveEvent()\l+ mousePressEvent()\l+ mouseReleaseEvent()\l+ mouseDoubleClickEvent()\l&#45; setm_LeftDownPos()\l&#45; LeftDownPos()\l&#45; setm_MidDownPos()\l&#45; MidDownPos()\l&#45; setm_RightDownPos()\l&#45; RightDownPos()\l&#45; setTakingSpinValues()\l&#45; TakingSpinValues()\l}" alt="" coords="1143,5261,1321,5613">
<area shape="rect" href="$classC4DView_1_1Menu4D.html" title="The menu for the C4DView and handlers for menu events." alt="" coords="1349,5093,1515,5781">
<area shape="rect" href="$classUI_1_1ViewImpl.html" title="Interface with attributes to display four&#45;dimensional objects." alt="" coords="636,1957,796,3317">
<area shape="rect" href="$classUI_1_1View.html" title="Interface to display four&#45;dimensional objects." alt="" coords="580,789,740,1541">
<area shape="rect" href="$classVecMath_1_1Rotation.html" title="{VecMath::Rotation\&lt; 4 \&gt;\n|&#45; axis\l|+ Rotation()\l+ Rotation()\l+ operator[]()\l+ operator[]()\l+ operator Matrix\&lt; D, double \&gt;()\l+ operator+=()\l+ operator bool()\l+ r()\l+ r()\l}" alt="" coords="356,1061,556,1269">
<area shape="rect" href="$classVecMath_1_1Rotation.html" title="Rotation in D&#45;dimensional space defined by angles about the main axes." alt="" coords="143,437,316,645">
<area shape="rect" href="$classVecMath_1_1Rotation.html" title="{VecMath::Rotation\&lt; 3, GLdouble \&gt;\n|&#45; axis\l|+ Rotation()\l+ Rotation()\l+ operator[]()\l+ operator[]()\l+ operator Matrix\&lt; D, GLdouble \&gt;()\l+ operator+=()\l+ operator bool()\l+ r()\l+ r()\l}" alt="" coords="5,1645,221,1853">
<area shape="rect" href="$classVecMath_1_1Vector.html" title="{VecMath::Vector\&lt; 4 \&gt;\n|&#45; x\l|+ Vector()\l+ Vector()\l+ operator[]()\l+ operator[]()\l+ operator+=()\l+ operator&#45;=()\l+ operator*=()\l+ operator&#45;()\l+ operator&#45;()\l+ operator+()\l+ operator*()\l+ operator*()\l+ operator/()\l+ operator/()\l+ sqnorm()\l+ operator==()\l+ operator\&lt;()\l+ data()\l+ dimension()\l}" alt="" coords="945,981,1087,1349">
<area shape="rect" href="$classVecMath_1_1Vector.html" title="Vector&lt;D, N&gt;: a D&#45;dimensional vector of numbers of type N." alt="" coords="1016,357,1179,725">
<area shape="rect" href="$classVecMath_1_1Vector.html" title="{VecMath::Vector\&lt; 3, GLdouble \&gt;\n|&#45; x\l|+ Vector()\l+ Vector()\l+ operator[]()\l+ operator[]()\l+ operator+=()\l+ operator&#45;=()\l+ operator*=()\l+ operator&#45;()\l+ operator&#45;()\l+ operator+()\l+ operator*()\l+ operator*()\l+ operator/()\l+ operator/()\l+ sqnorm()\l+ operator==()\l+ operator\&lt;()\l+ data()\l+ dimension()\l}" alt="" coords="1008,1565,1211,1933">
<area shape="rect" href="libstdc++.tag$a01015.html" title="{std::auto_ptr\&lt; Function \&gt;\n||}" alt="" coords="764,1125,921,1205">
<area shape="rect" href="libstdc++.tag$a01015.html" title="STL class." alt="" coords="871,253,1001,333">
<area shape="rect" href="libstdc++.tag$a01208.html" title="STL class." alt="" coords="1288,149,1539,229">
<area shape="rect" href="libstdc++.tag$a01419.html" title="STL class." alt="" coords="1728,1125,1891,1205">
<area shape="rect" href="$classColor.html" title="A class to represent a color value by its RGBA components." alt="" coords="151,941,332,1389">
<area shape="rect" href="$classUI_1_1Dialogs_1_1ValuesDialogImpl.html" title="A Dialog to enter parameters for the displayed function." alt="" coords="1157,2461,1347,2813">
<area shape="rect" href="$classUI_1_1Dialogs_1_1ValuesDialog.html" title="Base class for ValuesDialogImpl, originally created by uic." alt="" coords="1161,925,1327,1405">
<area shape="rect" href="$classParameterMap.html" title="A class to store and manage FunctionParameter s." alt="" coords="1351,1085,1476,1245">
<area shape="rect" href="libstdc++.tag$a01208.html" title="{std::map\&lt; std::string, FunctionParameter * \&gt;\n||}" alt="" coords="1284,501,1543,581">
<area shape="rect" href="libstdc++.tag$a01419.html" title="{std::vector\&lt; std::vector\&lt; VecMath::Vector\&lt; 4 \&gt; \&gt; \&gt;\n||}" alt="" coords="1693,2597,1992,2677">
<area shape="rect" href="libstdc++.tag$a00960.html" title="{std::_Vector_base\&lt; _Tp, _Alloc \&gt;\n||}" alt="" coords="1708,501,1911,581">
<area shape="rect" href="libstdc++.tag$a01419.html" title="{std::vector\&lt; std::vector\&lt; VecMath::Vector\&lt; 3 \&gt; \&gt; \&gt;\n||}" alt="" coords="1371,2597,1669,2677">
<area shape="rect" href="libstdc++.tag$a00961.html" title="{std::_Vector_base\&lt; _Tp, _Alloc \&gt;::_Vector_impl\n||}" alt="" coords="1667,149,1952,229">
<area shape="rect" title="STL class." alt="" coords="2065,2597,2140,2677">
<area shape="rect" href="libstdc++.tag$a01039.html" title="{std::basic_string\&lt; char \&gt;\n||}" alt="" coords="2105,1125,2257,1205">
<area shape="rect" href="libstdc++.tag$a01039.html" title="STL class." alt="" coords="2073,501,2332,581">
