<area shape="rect" href="$classC4DView.html#8e209837b51cb976674e81e6359f930d" title="OpenGL initialization for fog." alt="" coords="301,56,424,83">
<area shape="rect" href="$classC4DView_1_1MouseHandler4D.html#a81a97ec93c32f1acaa142706b3b6814" title="Mouse move event handler." alt="" coords="221,107,504,133">
<area shape="rect" href="$classC4DView.html#ac3d22c30bf8b042077fb31fec2c367b" title="GL stuff needed in addition to resizeEvent(). Reimplemented from QGLWidget." alt="" coords="297,157,428,184">
<area shape="rect" href="$classC4DView.html#3c797ad72f10f9d43d720a45cd60509a" title="Called once before the first call to paintGL() or resizeGL(), reimplemented from..." alt="" coords="569,5,716,32">
<area shape="rect" href="$classC4DView.html#556e03bfff4b2f369a86edb47f3e4b84" title="Re&#45;Implementation of UI::ViewImpl::setFog." alt="" coords="584,56,701,83">
<area shape="rect" href="$classC4DView.html#128fc82da387471fbd9c88fe35263e8f" title="Re&#45;Implementation of UI::ViewImpl::setColors." alt="" coords="781,5,915,32">
<area shape="rect" href="$classC4DView.html#1b5e87b494b99e3705c64e924480f4ef" title="Mouse move event handler, reimplemented from QWidget." alt="" coords="553,107,732,133">
