<area shape="rect" href="$classHypercube.html" title="A four&#45;dimensional cube." alt="" coords="239,2267,383,2472">
<area shape="rect" href="$classObject.html" title="Generalized four&#45;dimensional Object, described by vertexes and surfaces." alt="" coords="253,1907,496,2216">
<area shape="rect" href="$classFunction.html" title="A Function is a generalized four&#45;dimensional mathematical function." alt="" coords="253,1271,496,1839">
<area shape="rect" href="$classVecMath_1_1Vector.html" title="{VecMath::Vector\&lt; 4 \&gt;\n|&#45; x\l|+ Vector()\l+ Vector()\l+ operator[]()\l+ operator[]()\l+ operator+=()\l+ operator&#45;=()\l+ operator*=()\l+ operator&#45;()\l+ operator&#45;()\l+ operator+()\l+ operator*()\l+ operator*()\l+ operator/()\l+ operator/()\l+ sqnorm()\l+ operator==()\l+ operator\&lt;()\l+ data()\l+ operator const T *()\l+ dimension()\l}" alt="" coords="69,789,232,1203">
<area shape="rect" href="$classVecMath_1_1Vector.html" title="Vector&lt;D, N&gt;: a D&#45;dimensional vector of numbers of type N." alt="" coords="5,309,189,723">
<area shape="rect" href="$classParameterMap.html" title="A class to store and manage FunctionParameter s." alt="" coords="284,911,436,1081">
<area shape="rect" href="libstdc++.tag$a01208.html" title="{std::map\&lt; std::string, FunctionParameter * \&gt;\n||}" alt="" coords="213,475,525,557">
<area shape="rect" href="libstdc++.tag$a01208.html" title="STL class." alt="" coords="257,159,545,241">
<area shape="rect" href="libstdc++.tag$a01419.html" title="STL class." alt="" coords="571,475,757,557">
<area shape="rect" href="libstdc++.tag$a01419.html" title="{std::vector\&lt; std::string \&gt;\n||}" alt="" coords="460,955,644,1037">
<area shape="rect" href="libstdc++.tag$a00960.html" title="{std::_Vector_base\&lt; _Tp, _Alloc \&gt;\n||}" alt="" coords="708,159,940,241">
<area shape="rect" href="libstdc++.tag$a01419.html" title="{std::vector\&lt; Hypercube * \&gt;\n||}" alt="" coords="668,955,868,1037">
<area shape="rect" href="libstdc++.tag$a00961.html" title="{std::_Vector_base\&lt; _Tp, _Alloc \&gt;::_Vector_impl\n||}" alt="" coords="663,7,985,89">
