<area shape="rect" href="$classObject.html" title="Generalized four&#45;dimensional Object, described by vertexes and surfaces." alt="" coords="404,1781,628,2053">
<area shape="rect" href="$classFunction.html" title="A Function is a generalized four&#45;dimensional mathematical function." alt="" coords="275,1189,499,1717">
<area shape="rect" href="$classVecMath_1_1Vector.html" title="{VecMath::Vector\&lt; 4 \&gt;\n|&#45; x\l|+ Vector()\l+ Vector()\l+ operator[]()\l+ operator[]()\l+ operator+=()\l+ operator&#45;=()\l+ operator*=()\l+ operator&#45;()\l+ operator&#45;()\l+ operator+()\l+ operator*()\l+ operator*()\l+ operator/()\l+ operator/()\l+ sqnorm()\l+ operator==()\l+ operator\&lt;()\l+ data()\l+ operator const T *()\l+ dimension()\l}" alt="" coords="77,741,229,1125">
<area shape="rect" href="$classVecMath_1_1Vector.html" title="Vector&lt;D, N&gt;: a D&#45;dimensional vector of numbers of type N." alt="" coords="5,293,176,677">
<area shape="rect" href="$classParameterMap.html" title="A class to store and manage FunctionParameter s." alt="" coords="273,853,412,1013">
<area shape="rect" href="libstdc++.tag$a01208.html" title="{std::map\&lt; std::string, FunctionParameter * \&gt;\n||}" alt="" coords="200,445,485,525">
<area shape="rect" href="libstdc++.tag$a01208.html" title="STL class." alt="" coords="237,149,509,229">
<area shape="rect" href="libstdc++.tag$a01419.html" title="STL class." alt="" coords="619,445,792,525">
<area shape="rect" href="libstdc++.tag$a01419.html" title="{std::vector\&lt; uintvec1D \&gt;\n||}" alt="" coords="625,893,791,973">
<area shape="rect" href="libstdc++.tag$a01419.html" title="{std::vector\&lt; std::string \&gt;\n||}" alt="" coords="436,893,601,973">
<area shape="rect" href="libstdc++.tag$a00960.html" title="{std::_Vector_base\&lt; _Tp, _Alloc \&gt;\n||}" alt="" coords="768,149,987,229">
<area shape="rect" href="libstdc++.tag$a01419.html" title="{std::vector\&lt; VecMath::Vector\&lt; D \&gt; \&gt;\n||}" alt="" coords="815,893,1055,973">
<area shape="rect" href="libstdc++.tag$a00961.html" title="{std::_Vector_base\&lt; _Tp, _Alloc \&gt;::_Vector_impl\n||}" alt="" coords="724,5,1031,85">
<area shape="rect" href="$classvertex__data.html" title="{vertex_data\&lt; 4 \&gt;\n|&#45; _dimension\l&#45; _X\l&#45; _surface\l|+ print()\l# vertex_data()\l# addSurface()\l# addSurface()\l# dimension()\l# X()\l# surface()\l}" alt="" coords="704,1813,827,2021">
<area shape="rect" href="$classvertex__data.html" title="Base class for all Rotope s. This class may vanish, as Object can take its place..." alt="" coords="861,1349,987,1557">
