<area shape="rect" href="$classPyramid.html" title="A four&#45;dimensional pyramid, also known as hypersimplex." alt="" coords="165,2104,291,2280">
<area shape="rect" href="$classObject.html" title="Generalized four&#45;dimensional Object, described by vertexes and surfaces." alt="" coords="180,1749,388,2053">
<area shape="rect" href="$classFunction.html" title="A Function is a generalized four&#45;dimensional mathematical function." alt="" coords="180,1157,388,1685">
<area shape="rect" href="$classVecMath_1_1Vector.html" title="{VecMath::Vector\&lt; 4 \&gt;\n|&#45; x\l|+ Vector()\l+ Vector()\l+ operator[]()\l+ operator[]()\l+ operator+=()\l+ operator&#45;=()\l+ operator*=()\l+ operator&#45;()\l+ operator&#45;()\l+ operator+()\l+ operator*()\l+ operator*()\l+ operator/()\l+ operator/()\l+ sqnorm()\l+ operator==()\l+ operator\&lt;()\l+ data()\l+ dimension()\l}" alt="" coords="16,725,157,1093">
<area shape="rect" href="$classVecMath_1_1Vector.html" title="Vector&lt;D, N&gt;: a D&#45;dimensional vector of numbers of type N." alt="" coords="5,293,168,661">
<area shape="rect" href="$classParameterMap.html" title="A class to store and manage FunctionParameter s." alt="" coords="552,829,677,989">
<area shape="rect" href="libstdc++.tag$a01208.html" title="{std::map\&lt; std::string, FunctionParameter * \&gt;\n||}" alt="" coords="492,437,751,517">
<area shape="rect" href="libstdc++.tag$a01208.html" title="STL class." alt="" coords="473,149,724,229">
<area shape="rect" href="libstdc++.tag$a01419.html" title="STL class." alt="" coords="251,437,413,517">
<area shape="rect" href="libstdc++.tag$a01419.html" title="{std::vector\&lt; Pyramid * \&gt;\n||}" alt="" coords="368,869,523,949">
<area shape="rect" href="libstdc++.tag$a01419.html" title="{std::vector\&lt; std::string \&gt;\n||}" alt="" coords="181,869,333,949">
<area shape="rect" href="libstdc++.tag$a00960.html" title="{std::_Vector_base\&lt; _Tp, _Alloc \&gt;\n||}" alt="" coords="152,149,355,229">
<area shape="rect" href="libstdc++.tag$a00961.html" title="{std::_Vector_base\&lt; _Tp, _Alloc \&gt;::_Vector_impl\n||}" alt="" coords="111,5,396,85">
