<area shape="rect" href="$classC4DView.html#8a01e49be6af9cab84880a176b7c42ae" title="rotate in 3D 360 degrees" alt="" coords="191,132,359,159">
<area shape="rect" href="$classC4DView_1_1MouseHandler4D.html#a81a97ec93c32f1acaa142706b3b6814" title="Mouse move event handler." alt="" coords="435,5,736,32">
<area shape="rect" href="$classC4DView.html#5ff6e70d47395827f5ef14793253c8d0" title="Paint event handler, reimplemented from QGLWidget." alt="" coords="201,233,348,260">
<area shape="rect" href="$classC4DView.html#8d3fbc1fbe82b40046652bca8bde9605" title="Draw the transformed and projected function onto the screen." alt="" coords="209,284,340,311">
<area shape="rect" href="$classC4DView.html#504fd428909b35e3d80506a0235eac3e" title="Implementation of UI::View::setBackground." alt="" coords="188,335,361,361">
<area shape="rect" href="$classC4DView.html#1b5e87b494b99e3705c64e924480f4ef" title="Mouse move event handler, reimplemented from QWidget." alt="" coords="828,5,1020,32">
<area shape="rect" href="$classC4DView.html#5ec81f7d64c4678cbe44bfad9d2acb65" title="Implementation of UI::View::animate." alt="" coords="520,56,651,83">
<area shape="rect" href="$classC4DView.html#530cab21c7ae4ab78eeff14e7f89a879" title="Implementation of UI::View::applyTransform." alt="" coords="496,107,675,133">
<area shape="rect" href="$classC4DView.html#60f45904ff9b227fdf426b5960fa4130" title="rotate in 4D 360 degrees" alt="" coords="501,157,669,184">
<area shape="rect" href="$group__UIHelpers.html#gb4150e26778debfb3de8214203578a41" title="C++ Template Implementation: CustomFunctionSlot." alt="" coords="412,208,759,235">
<area shape="rect" href="$classC4DView_1_1CustomFunctionSlot.html#2eaaaf653f2d1bbfe3a2b416f33e4b08" title="Factory method to create a new customized Function of type R^2&#45;&gt;R^4." alt="" coords="415,259,756,285">
<area shape="rect" href="$classC4DView_1_1MouseHandler4D.html#681ee2ee24d1528a92b6ec0ff4dad9c2" title="Double click event handler." alt="" coords="415,309,756,336">
<area shape="rect" href="$classC4DView.html#2b8270b08a2a62faa7381adcd83715af" title="Implementation of UI::View::ObjectGasket." alt="" coords="503,360,668,387">
<area shape="rect" href="$classC4DView.html#bc3a4f6e3276734aa70e0853f0df6022" title="Implementation of UI::View::ObjectHypercube." alt="" coords="492,411,679,437">
<area shape="rect" href="$classC4DView.html#951f672d7d323bb799c1ab18d412e1d7" title="Implementation of UI::View::ObjectHyperpyramid." alt="" coords="483,461,688,488">
<area shape="rect" href="$classC4DView.html#395baf447937415a0f3366c4d1c529ee" title="Implementation of UI::View::ObjectHypersponge." alt="" coords="484,512,687,539">
<area shape="rect" href="$classC4DView.html#eb4ec12aada637e796110fe8172d12ff" title="Implementation of UI::View::setCoordinates." alt="" coords="499,563,672,589">
<area shape="rect" href="$classC4DView.html#b8007107aba8c57dd39063be93ca8f96" title="Implementation of UI::View::setHyperfog." alt="" coords="507,613,664,640">
<area shape="rect" href="$classC4DView.html#6dc432e565b97c2aa6f2273bbe4135c7" title="Double click event handler, reimplemented from QWidget." alt="" coords="809,309,1039,336">
<area shape="rect" href="$classC4DView.html#1d7079e8957ce7e685531a3f9062c468" title="C4DView constructor." alt="" coords="855,411,993,437">
