<area shape="rect" href="$classC4DView.html#e38186ceacf6c4e6b13de7bee6cd8bda" title="Called whenever an object or the parameters have changed." alt="" coords="403,296,560,323">
<area shape="rect" href="$classC4DView.html#d37702c9ecc5cbf124df84d0263734b9" title="display some info about current object and its transformations" alt="" coords="689,347,841,373">
<area shape="rect" href="$classUI_1_1ViewImpl.html#7d0098100c1a7e5e9af8808072ab68da" title="UI::ViewImpl::F" alt="" coords="1732,904,1844,931">
<area shape="rect" href="$classC4DView.html#ba6f8c8d13241215fc41f88a247cf6a7" title="C4DView::Values" alt="" coords="705,397,825,424">
<area shape="rect" href="$classUI_1_1Dialogs_1_1ValuesDialogImpl.html#16db20b10087e6c32a73cdf79f7d2f42" title="delta in parameter t" alt="" coords="377,549,585,576">
<area shape="rect" href="$classUI_1_1Dialogs_1_1ValuesDialogImpl.html#0a55d967b53b03382d72f4f9b3a8c76b" title="upper bound for parameter t" alt="" coords="653,499,877,525">
<area shape="rect" href="$classUI_1_1Dialogs_1_1ValuesDialogImpl.html#072f07410b8416016e23e33118d0b2d4" title="lower bound for parameter t" alt="" coords="655,600,876,627">
<area shape="rect" href="$classUI_1_1Dialogs_1_1ValuesDialogImpl.html#b561b67b911b7f242aa6a0a48c594370" title="delta in parameter u" alt="" coords="376,701,587,728">
<area shape="rect" href="$classUI_1_1Dialogs_1_1ValuesDialogImpl.html#79bc2ecceb55d8fe996caa8461b0f9d5" title="upper bound for parameter u" alt="" coords="652,651,879,677">
<area shape="rect" href="$classUI_1_1Dialogs_1_1ValuesDialogImpl.html#f88162efaf834e5984d4d8fe04d44af4" title="lower bound for parameter u" alt="" coords="653,752,877,779">
<area shape="rect" href="$classUI_1_1Dialogs_1_1ValuesDialogImpl.html#f08d237bd18f06ac69fd90122d06bc78" title="delta in parameter v" alt="" coords="376,853,587,880">
<area shape="rect" href="$classUI_1_1Dialogs_1_1ValuesDialogImpl.html#d9bc24310b0b1567cbac85c817828561" title="upper bound for parameter v" alt="" coords="652,803,879,829">
<area shape="rect" href="$classUI_1_1Dialogs_1_1ValuesDialogImpl.html#2f9af8468352e9afd8fb3b3bebd7ee43" title="lower bound for parameter v" alt="" coords="653,904,877,931">
<area shape="rect" href="$classC4DView.html#8d3fbc1fbe82b40046652bca8bde9605" title="Draw the transformed and projected function onto the screen." alt="" coords="420,955,543,981">
<area shape="rect" href="$classUI_1_1ViewImpl.html#e04c92a2f0580b1830b1cbfcca1c6715" title="Implementation of UI::View::setFunction." alt="" coords="419,1031,544,1057">
<area shape="rect" href="libstdc++.tag$a01015.html#bc36e1cfdc9c7940e3fea50de14560cd" title="std::auto_ptr::get" alt="" coords="709,296,821,323">
<area shape="rect" href="$classLoki_1_1SingletonHolder.html#52a113a9dc9aa53a5ab777c573f9fa28" title="Returns a reference to singleton object." alt="" coords="1692,701,1884,728">
<area shape="rect" href="$classUI_1_1Dialogs_1_1ValuesDialogImpl.html#dde4d7e444559027ba40b01581fee768" title="Adjust the display according to the Function whose Parameters are controlled." alt="" coords="636,156,895,183">
<area shape="rect" href="$classC4DView.html#16d5190870a166c65a20c59368ca0f2f" title="Overloaded function executing the transform to the default state." alt="" coords="1011,245,1149,272">
<area shape="rect" href="$classLoki_1_1SingletonHolder.html#d944c37d85028f4046d4e1f78f133710" title="create singleton object" alt="" coords="1933,701,2157,728">
<area shape="rect" href="$classUI_1_1Dialogs_1_1ValuesDialogImpl.html#1d1c6c3ea67ac213f4ce937ea1601fff" title="Adjust the displayed parameter fields to the parameters the function needs." alt="" coords="944,119,1216,145">
<area shape="rect" href="libstdc++.tag$a01208.html#fd7a61b93062043afa5b158ada25351e" title="std::map::begin" alt="" coords="1284,43,1388,69">
<area shape="rect" href="$classUI_1_1ViewImpl.html#a5594df1772137ac86e25b9f8435dc04" title="UI::ViewImpl::R" alt="" coords="1280,397,1392,424">
<area shape="rect" href="$classC4DView.html#36180772cadbb1517885c1a366aca25c" title="Set the current 3D rotation state." alt="" coords="1272,347,1400,373">
<area shape="rect" href="$classC4DView.html#3c8461856c1f84ed95d6f4994c69ede3" title="Set the current 3D translation state." alt="" coords="1267,93,1405,120">
<area shape="rect" href="$classUI_1_1ViewImpl.html#be101a806860df3ab01616e3c092abdc" title="UI::ViewImpl::setR" alt="" coords="1272,144,1400,171">
<area shape="rect" href="$classUI_1_1ViewImpl.html#c116c3e53e586a0036fde67863580190" title="UI::ViewImpl::setT" alt="" coords="1273,195,1399,221">
<area shape="rect" href="$classUI_1_1ViewImpl.html#4df75156fbe950971ef1564ba8e873fe" title="UI::ViewImpl::T" alt="" coords="1280,245,1392,272">
<area shape="rect" href="$classC4DView.html#0b8d96f3304d94af1bac8854c908842f" title="Keep all rotation angles in the interval [&#45;360 degrees, 360 degrees]." alt="" coords="969,448,1191,475">
<area shape="rect" href="$classC4DView.html#b7654a2bad6deeb87868385f3bd9c89d" title="Add a translation to the current 3D rotation state." alt="" coords="1269,549,1403,576">
<area shape="rect" href="$classUI_1_1ViewImpl.html#4a1ddf4d94623c7a94e8eb5809acf626" title="Add a Rotation to the current rotation state." alt="" coords="1271,448,1401,475">
<area shape="rect" href="libstdc++.tag$a01815.html#42fec2f6c6429a447bea8a40720a143a" title="fabs" alt="" coords="1315,499,1357,525">
<area shape="rect" href="$classC4DView.html#45846d7481660ac879e933d8395cf49f" title="C4DView::m_rot" alt="" coords="1279,651,1393,677">
<area shape="rect" href="$classUI_1_1Dialogs_1_1ValuesDialogImpl.html#048c38bc05f745dca34dd68d35cf993e" title="steps in parameter t" alt="" coords="652,549,879,576">
<area shape="rect" href="$classUI_1_1Dialogs_1_1ValuesDialogImpl.html#9cebd8d993b63d33d3965e03fb51b801" title="steps in parameter u" alt="" coords="651,701,880,728">
<area shape="rect" href="$classUI_1_1Dialogs_1_1ValuesDialogImpl.html#57b3da19a4f4aa276ecb982031afe128" title="steps in parameter v" alt="" coords="651,853,880,880">
<area shape="rect" href="$classC4DView.html#be8e58d21b0e1c513b10afa294b162b2" title="Paint event handler, reimplemented from QGLWidget." alt="" coords="696,955,835,981">
<area shape="rect" href="$classC4DView.html#638fd2fe648c1fcd8f9a3ac03ac8f6b4" title="Draw the projection into an OpenGL display list, but not yet on screen." alt="" coords="1265,1005,1407,1032">
<area shape="rect" href="$classUI_1_1ViewImpl.html#03d77f320d7aada22c143646b40925d3" title="UI::ViewImpl::getSolid" alt="" coords="1005,904,1155,931">
<area shape="rect" href="$classC4DView.html#72ca1b3ddd5fd4dcfc1cb592d6e5c97a" title="C4DView::m_trans" alt="" coords="1017,955,1143,981">
<area shape="rect" href="$classC4DView.html#b9561bdd967e89d314f7eda6de32b2bc" title="Wrapper for displaying OpenGL display lists." alt="" coords="1004,853,1156,880">
<area shape="rect" href="$classC4DView.html#890b368e6451af1fef597099e7399757" title="C4DView::CoordinateCross" alt="" coords="1464,803,1635,829">
<area shape="rect" href="$classUI_1_1ViewImpl.html#756d50cd0f539f632b4ffe0d28f93559" title="UI::ViewImpl::getCoordinates" alt="" coords="1696,1208,1880,1235">
<area shape="rect" href="$classC4DView.html#646e0b61e1634dacf043d20692cb33cc" title="C4DView::ObjectList" alt="" coords="1480,853,1619,880">
<area shape="rect" href="$classC4DView.html#37a8191d956104629a6182ba86755cd1" title="draw the coordinate cross (on screen or int GL list) */" alt="" coords="1461,904,1637,931">
<area shape="rect" href="$classC4DView.html#b9ec4da2c4a27a95302759968c3b9d90" title="Execute the projection into three&#45;space (but don&#39;t draw it yet either)." alt="" coords="1489,1107,1609,1133">
<area shape="rect" href="$classC4DView.html#ddbd7468a38ac997ba7c1741bf59a235" title="Set a GLList for the display of the coordinates." alt="" coords="1456,1157,1643,1184">
<area shape="rect" href="$classC4DView.html#6a91ef85500b929ad9403d62cc75118e" title="Set a GLList for the display of the object." alt="" coords="1473,1005,1625,1032">
<area shape="rect" href="libstdc++.tag$a01015.html#1d78a540221e616997c2df6c98dd6765" title="std::auto_ptr::reset" alt="" coords="705,1056,825,1083">
