<area shape="rect" href="$classvertex__data.html" title="Base class for all Rotope s. This class may vanish, as Object can take its place..." alt="" coords="5,81,120,108">
<area shape="rect" href="$classextrude__base.html" title="Base class for Extrude classes, providing the actual extrude() function." alt="" coords="168,5,291,32">
<area shape="rect" href="$classrotate__base.html" title="Base class for Rotate classes, providing the actual rotate() function." alt="" coords="173,56,285,83">
<area shape="rect" href="$classtaper__base.html" title="Base class for Taper classes, providing the actual taper() function." alt="" coords="175,107,284,133">
<area shape="rect" href="$classtorate__base.html" title="Base class for Torate classes, providing the actual torate() function." alt="" coords="173,157,285,184">
<area shape="rect" href="$classExtrude_3_01D_00_01Dmin_00_01Dmin_01_4.html" title="Specialization of Extrude&lt;D,Dmin,Dmax&gt; to end recursion." alt="" coords="340,5,508,32">
<area shape="rect" href="$classRotate_3_01D_00_01Dmin_00_01Dmin_01_4.html" title="Specialization of Rotate&lt;D,Dmin,Dmax&gt; to end recursion." alt="" coords="344,56,504,83">
<area shape="rect" href="$classTaper_3_01D_00_01Dmin_00_01Dmin_01_4.html" title="Specialization of Taper&lt;D,Dmin,Dmax&gt; to end recursion." alt="" coords="345,107,503,133">
<area shape="rect" href="$classTorate_3_01D_00_01Dmin_00_01Dmin_01_4.html" title="Specialization of Torate&lt;D,Dmin,Dmax&gt; to end recursion." alt="" coords="344,157,504,184">
