<area shape="rect" href="$classScript_1_1Statement.html" title="Base class for all possible statements in a script." alt="" coords="5,385,131,412">
<area shape="rect" href="$classScript_1_1AnimateStmt.html" title="&quot;animate&quot;" alt="" coords="187,132,328,159">
<area shape="rect" href="$classScript_1_1BoolStatement.html" title="Statement with a single boolean parameter." alt="" coords="181,183,333,209">
<area shape="rect" href="$classScript_1_1FramesStmt.html" title="&quot;frames &lt;num_frames&gt;&quot;" alt="" coords="189,233,325,260">
<area shape="rect" href="$classScript_1_1ImgDirStmt.html" title="&quot;image_dir &lt;directory&gt;&quot;" alt="" coords="192,284,323,311">
<area shape="rect" href="$classScript_1_1ImgPrefixStmt.html" title="&quot;image_prefix &lt;filename_prefix&gt;&quot;" alt="" coords="184,335,331,361">
<area shape="rect" href="$classScript_1_1LoopStmt.html" title="&quot;loop &lt;num_loops&gt;&quot;" alt="" coords="197,385,317,412">
<area shape="rect" href="$classScript_1_1ObjectStmt.html" title="&quot;object &lt;object_name&gt;&quot;" alt="" coords="192,436,323,463">
<area shape="rect" href="$classScript_1_1ParmStmt.html" title="&quot;parameter &lt;double|int|unsigned|string&gt; &lt;parameter&gt;&quot;" alt="" coords="180,487,335,513">
<area shape="rect" href="$classScript_1_1SizeStmt.html" title="&quot;size &lt;width&gt; &lt;height&gt;&quot;" alt="" coords="199,537,316,564">
<area shape="rect" href="$classScript_1_1SleepStmt.html" title="&quot;sleep &lt;milliseconds&gt;&quot;" alt="" coords="195,588,320,615">
<area shape="rect" href="$classScript_1_1XformStmt.html" title="&quot;transform &lt;rotation&gt;&quot;" alt="" coords="193,639,321,665">
<area shape="rect" href="$classScript_1_1ColorStmt.html" title="&quot;color &lt;bool&gt;&quot;" alt="" coords="393,5,516,32">
<area shape="rect" href="$classScript_1_1CoordsStmt.html" title="&quot;coordinates &lt;bool&gt;&quot;" alt="" coords="388,56,521,83">
<area shape="rect" href="$classScript_1_1Fog4DStmt.html" title="&quot;depthcue4d &lt;bool&gt;&quot;" alt="" coords="389,107,520,133">
<area shape="rect" href="$classScript_1_1FogStmt.html" title="&quot;depthcue3d &lt;bool&gt;&quot;" alt="" coords="397,157,512,184">
<area shape="rect" href="$classScript_1_1LightStmt.html" title="&quot;lighting &lt;bool&gt;&quot;" alt="" coords="395,208,515,235">
<area shape="rect" href="$classScript_1_1ShadingStmt.html" title="&quot;shading &lt;bool&gt;&quot;" alt="" coords="385,259,524,285">
<area shape="rect" href="$classScript_1_1TransStmt.html" title="&quot;transparence &lt;bool&gt;&quot;" alt="" coords="392,309,517,336">
<area shape="rect" href="$classScript_1_1WireStmt.html" title="&quot;wireframe &lt;bool&gt;&quot;" alt="" coords="395,360,515,387">
<area shape="rect" href="$classScript_1_1DeltaStmt.html" title="&quot;transform_step &lt;rotation&gt;&quot;" alt="" coords="393,613,516,640">
<area shape="rect" href="$classScript_1_1RotStmt.html" title="&quot;rotation &lt;rotation&gt;&quot;" alt="" coords="399,664,511,691">
<area shape="rect" href="$classScript_1_1RotDeltaStmt.html" title="&quot;rotation_step &lt;rotation&gt;&quot;" alt="" coords="573,613,717,640">
