<area shape="rect" href="$classScript_1_1StatementFactory.html#6b66340f4f83d29dcc85054c04bd6963" title="The Factory method." alt="" coords="164,5,463,32">
<area shape="rect" href="$classScript_1_1ParmStmt.html#f53566b7081476b56d24bbb434098a63" title="Executes the statement in the current context." alt="" coords="217,56,409,83">
<area shape="rect" href="$classScript_1_1FramesStmt.html#487c388aa63261d5412f0287786986a2" title="Script::FramesStmt::FramesStmt" alt="" coords="196,107,431,133">
<area shape="rect" href="$classScript_1_1LoopStmt.html#3e9d56fac991feef038d399123e73774" title="Script::LoopStmt::LoopStmt" alt="" coords="213,157,413,184">
<area shape="rect" href="$classScript_1_1SizeStmt.html#7da7b2b17e86f2f48164639ea3e383f7" title="Script::SizeStmt::SizeStmt" alt="" coords="217,208,409,235">
<area shape="rect" href="$classScript_1_1SleepStmt.html#966859fb58982c176d714c589724b11a" title="Script::SleepStmt::SleepStmt" alt="" coords="208,259,419,285">
<area shape="rect" href="$classScript_1_1Parser.html#bd95bf7b3ac6458ec9b57e1a312f52e5" title="Execute the commands described in the rc&#45;file." alt="" coords="513,5,679,32">
