<area shape="rect" href="$classScript_1_1StatementFactory.html#6b66340f4f83d29dcc85054c04bd6963" title="The Factory method." alt="" coords="159,5,433,32">
<area shape="rect" href="$classScript_1_1ParmStmt.html#f53566b7081476b56d24bbb434098a63" title="Executes the statement in the current context." alt="" coords="207,56,385,83">
<area shape="rect" href="$classScript_1_1FramesStmt.html#487c388aa63261d5412f0287786986a2" title="Script::FramesStmt::FramesStmt" alt="" coords="187,107,405,133">
<area shape="rect" href="$classScript_1_1LoopStmt.html#3e9d56fac991feef038d399123e73774" title="Script::LoopStmt::LoopStmt" alt="" coords="203,157,389,184">
<area shape="rect" href="$classScript_1_1SizeStmt.html#7da7b2b17e86f2f48164639ea3e383f7" title="Script::SizeStmt::SizeStmt" alt="" coords="207,208,385,235">
<area shape="rect" href="$classScript_1_1SleepStmt.html#966859fb58982c176d714c589724b11a" title="Script::SleepStmt::SleepStmt" alt="" coords="199,259,393,285">
<area shape="rect" href="$classScript_1_1Parser.html#bd95bf7b3ac6458ec9b57e1a312f52e5" title="Execute the commands described in the rc&#45;file." alt="" coords="483,5,640,32">
