<area shape="rect" href="$classVecMath_1_1Rotation.html" title="VecMath::Rotation\&lt; 4 \&gt;" alt="" coords="768,22,944,48">
<area shape="rect" href="$classVecMath_1_1Vector.html" title="VecMath::Vector\&lt; 4 \&gt;" alt="" coords="775,72,937,99">
<area shape="rect" href="$classVecMath_1_1Rotation.html" title="VecMath::Rotation\&lt; 3 \&gt;" alt="" coords="768,123,944,150">
<area shape="rect" href="$classC4DView_1_1MouseHandler4D.html" title="C4DView::MouseHandler4D" alt="" coords="759,174,953,200">
<area shape="rect" href="$classC4DView.html" title="Displays and manipulates four&#45;dimensional Functions in a QGLWidget." alt="" coords="509,198,587,224">
<area shape="rect" href="$classC4DView_1_1Menu4D.html" title="The menu for the C4DView." alt="" coords="787,224,925,251">
<area shape="rect" href="$classValuesDialogImpl.html" title="ValuesDialogImpl" alt="" coords="791,275,921,302">
<area shape="rect" href="$classUi__ValuesDialog.html" title="Base class for ValuesDialog, originally created by uic (thus the ugliness)." alt="" coords="124,266,247,292">
<area shape="rect" href="$classParameterMap.html" title="A class to store and manage FunctionParameter s." alt="" coords="491,316,605,343">
<area shape="rect" href="$classVecMath_1_1Vector.html" title="VecMath::Vector\&lt; 3, GLdouble \&gt;" alt="" coords="740,326,972,352">
<area shape="rect" href="$classVecMath_1_1Rotation.html" title="VecMath::Rotation\&lt; 3, GLdouble \&gt;" alt="" coords="735,376,977,403">
<area shape="rect" href="$classColor.html" title="A class to represent a color value by its RGBA components." alt="" coords="829,427,883,454">
