<area shape="rect" href="$classVecMath_1_1Rotation.html" title="{VecMath::Rotation\&lt; 4 \&gt;\n|&#45; axis\l|+ Rotation()\l+ Rotation()\l+ operator[]()\l+ operator[]()\l+ operator Matrix\&lt; D, double \&gt;()\l+ operator+=()\l+ operator bool()\l+ r()\l+ r()\l}" alt="" coords="975,2253,1175,2461">
<area shape="rect" href="$classVecMath_1_1Rotation.html" title="Rotation in D&#45;dimensional space defined by angles about the main axes." alt="" coords="1088,1349,1261,1557">
<area shape="rect" href="$classVecMath_1_1Rotation.html" title="{VecMath::Rotation\&lt; 3, GLdouble \&gt;\n|&#45; axis\l|+ Rotation()\l+ Rotation()\l+ operator[]()\l+ operator[]()\l+ operator Matrix\&lt; D, GLdouble \&gt;()\l+ operator+=()\l+ operator bool()\l+ r()\l+ r()\l}" alt="" coords="1199,2253,1415,2461">
<area shape="rect" href="$classVecMath_1_1Vector.html" title="{VecMath::Vector\&lt; 4 \&gt;\n|&#45; x\l|+ Vector()\l+ Vector()\l+ operator[]()\l+ operator[]()\l+ operator+=()\l+ operator&#45;=()\l+ operator*=()\l+ operator&#45;()\l+ operator&#45;()\l+ operator+()\l+ operator*()\l+ operator*()\l+ operator/()\l+ operator/()\l+ sqnorm()\l+ operator==()\l+ operator\&lt;()\l+ data()\l+ dimension()\l}" alt="" coords="1463,693,1604,1061">
<area shape="rect" href="$classFunction.html" title="A Function is a generalized four&#45;dimensional mathematical function." alt="" coords="835,1189,1043,1717">
<area shape="rect" href="$classVecMath_1_1Vector.html" title="Vector&lt;D, N&gt;: a D&#45;dimensional vector of numbers of type N." alt="" coords="1540,205,1703,573">
<area shape="rect" href="$classVecMath_1_1Vector.html" title="{VecMath::Vector\&lt; 3, GLdouble \&gt;\n|&#45; x\l|+ Vector()\l+ Vector()\l+ operator[]()\l+ operator[]()\l+ operator+=()\l+ operator&#45;=()\l+ operator*=()\l+ operator&#45;()\l+ operator&#45;()\l+ operator+()\l+ operator*()\l+ operator*()\l+ operator/()\l+ operator/()\l+ sqnorm()\l+ operator==()\l+ operator\&lt;()\l+ data()\l+ dimension()\l}" alt="" coords="1551,1741,1753,2109">
<area shape="rect" href="$classParameterMap.html" title="A class to store and manage FunctionParameter s." alt="" coords="903,797,1028,957">
<area shape="rect" href="$classValuesDialogImpl.html" title="{ValuesDialogImpl\n|&#45; parameters\l|+ ValuesDialogImpl()\l+ ~ValuesDialogImpl()\l+ setFunction()\l+ print()\l+ tmin()\l+ tmax()\l+ tsteps()\l+ dt()\l+ umin()\l+ umax()\l+ usteps()\l+ du()\l+ vmin()\l+ vmax()\l+ vsteps()\l+ dv()\l+ accept\l&#45; setParameters()\l}" alt="" coords="1296,1277,1443,1629">
<area shape="rect" title="STL class." alt="" coords="836,341,1095,437">
<area shape="rect" title="STL class." alt="" coords="419,349,525,429">
<area shape="rect" title="STL class." alt="" coords="579,1413,696,1493">
<area shape="rect" title="STL class." alt="" coords="737,349,812,429">
<area shape="rect" title="STL class." alt="" coords="699,5,851,85">
<area shape="rect" href="$classC4DView_1_1MouseHandler4D.html" title="{C4DView::MouseHandler4D\n|&#45; parent\l&#45; m_LeftDownPos\l&#45; m_MidDownPos\l&#45; m_RightDownPos\l&#45; m_TakingSpinValues\l|+ MouseHandler4D()\l+ ~MouseHandler4D()\l+ mouseMoveEvent()\l+ mousePressEvent()\l+ mouseReleaseEvent()\l+ mouseDoubleClickEvent()\l&#45; setm_LeftDownPos()\l&#45; LeftDownPos()\l&#45; setm_MidDownPos()\l&#45; MidDownPos()\l&#45; setm_RightDownPos()\l&#45; RightDownPos()\l&#45; setTakingSpinValues()\l&#45; TakingSpinValues()\l}" alt="" coords="631,6581,809,6933">
<area shape="rect" href="$classC4DView.html" title="Displays and manipulates four&#45;dimensional Functions in a QGLWidget." alt="" coords="481,4021,657,6517">
<area shape="rect" href="$classC4DView_1_1Menu4D.html" title="The menu for the C4DView." alt="" coords="893,6589,1048,6925">
<area shape="rect" href="$classUi__ValuesDialog.html" title="Base class for ValuesDialog, originally created by uic (thus the ugliness)." alt="" coords="1296,149,1443,629">
<area shape="rect" href="$classColor.html" title="A class to represent a color value by its RGBA components." alt="" coords="588,2133,769,2581">
